Executing query to fetch data...
Error during database connection or query execution:
Execution failed on sql 'WITH region AS (
    SELECT  r.region_id,
            r.region_name AS '소지역',
            rr.region_name AS '중지역'
    FROM    gbike.rich_region r
    JOIN    gbike.rich_region rr ON r.parent_id = rr.region_id
    WHERE   (rr.region_name LIKE '%%대구1%%' 
             OR rr.region_name LIKE '%%대구2%%' 
             OR rr.region_name LIKE '%%부산2%%' 
             OR rr.region_name LIKE '%%부산3%%' 
             OR rr.region_name LIKE '%%원주%%')
            AND rr.depth = 2
), 
user_demo AS (
    SELECT user_id, 
           CASE 
               WHEN gender IS NULL THEN 'Unknown'
               WHEN MOD(gender, 2) = 1 THEN 'Male'
               ELSE 'Female'
           END AS gender,
           CASE
               WHEN birthday IS NULL THEN NULL
               ELSE FLOOR((EXTRACT(YEAR FROM CURRENT_DATE) * 10000 + EXTRACT(MONTH FROM CURRENT_DATE) * 100 + EXTRACT(DAY FROM CURRENT_DATE) - CAST(birthday AS UNSIGNED)) / 10000)
           END AS age
    FROM gbike.rich_user
)
SELECT 
    CASE 
        WHEN ro.start_time BETWEEN UNIX_TIMESTAMP(CONVERT_TZ('2026-05-04 00:00:00', 'Asia/Seoul', 'UTC')) AND UNIX_TIMESTAMP(CONVERT_TZ('2026-05-10 23:59:59', 'Asia/Seoul', 'UTC')) THEN 'W19'
        WHEN ro.start_time BETWEEN UNIX_TIMESTAMP(CONVERT_TZ('2026-05-11 00:00:00', 'Asia/Seoul', 'UTC')) AND UNIX_TIMESTAMP(CONVERT_TZ('2026-05-17 23:59:59', 'Asia/Seoul', 'UTC')) THEN 'W20'
    END AS week_num,
    r.중지역 AS camp_name,
    r.소지역 AS small_region_name,
    ro.order_id,
    ro.bicycle_sn,
    ud.gender,
    CASE
        WHEN ud.age IS NULL THEN 'Unknown'
        WHEN ud.age < 10 THEN 'Under 10'
        WHEN ud.age < 20 THEN '10s'
        WHEN ud.age < 30 THEN '20s'
        WHEN ud.age < 40 THEN '30s'
        WHEN ud.age < 50 THEN '40s'
        WHEN ud.age < 60 THEN '50s'
        ELSE '60s+' 
    END AS age_group,
    (ro.pay_amount + ro.out_of_area_charge) / 1.1 AS net_revenue,
    TIMESTAMPDIFF(MINUTE, FROM_UNIXTIME(ro.start_time), FROM_UNIXTIME(ro.end_time)) AS duration_min,
    ST_X(ro.start_point) AS start_lng,
    ST_Y(ro.start_point) AS start_lat
FROM gbike.rich_orders ro
JOIN region r ON ro.region_id = r.region_id
LEFT JOIN user_demo ud ON ro.user_id = ud.user_id
WHERE ro.order_state = 2
  AND ro.start_time BETWEEN UNIX_TIMESTAMP(CONVERT_TZ('2026-05-04 00:00:00', 'Asia/Seoul', 'UTC')) 
                        AND UNIX_TIMESTAMP(CONVERT_TZ('2026-05-17 23:59:59', 'Asia/Seoul', 'UTC'))
  AND ro.bicycle_type IN (9,10,11,12,13,16,19,23) -- 스쿠터(킥보드)만 필터링
;
': (pymysql.err.OperationalError) (1690, "BIGINT UNSIGNED value is out of range in '((((extract(year from curdate()) * 10000) + (extract(month from curdate()) * 100)) + extract(day from curdate())) - cast(`gbike`.`rich_user`.`birthday` as unsigned))'")
[SQL: WITH region AS (
    SELECT  r.region_id,
            r.region_name AS '소지역',
            rr.region_name AS '중지역'
    FROM    gbike.rich_region r
    JOIN    gbike.rich_region rr ON r.parent_id = rr.region_id
    WHERE   (rr.region_name LIKE '%%대구1%%' 
             OR rr.region_name LIKE '%%대구2%%' 
             OR rr.region_name LIKE '%%부산2%%' 
             OR rr.region_name LIKE '%%부산3%%' 
             OR rr.region_name LIKE '%%원주%%')
            AND rr.depth = 2
), 
user_demo AS (
    SELECT user_id, 
           CASE 
               WHEN gender IS NULL THEN 'Unknown'
               WHEN MOD(gender, 2) = 1 THEN 'Male'
               ELSE 'Female'
           END AS gender,
           CASE
               WHEN birthday IS NULL THEN NULL
               ELSE FLOOR((EXTRACT(YEAR FROM CURRENT_DATE) * 10000 + EXTRACT(MONTH FROM CURRENT_DATE) * 100 + EXTRACT(DAY FROM CURRENT_DATE) - CAST(birthday AS UNSIGNED)) / 10000)
           END AS age
    FROM gbike.rich_user
)
SELECT 
    CASE 
        WHEN ro.start_time BETWEEN UNIX_TIMESTAMP(CONVERT_TZ('2026-05-04 00:00:00', 'Asia/Seoul', 'UTC')) AND UNIX_TIMESTAMP(CONVERT_TZ('2026-05-10 23:59:59', 'Asia/Seoul', 'UTC')) THEN 'W19'
        WHEN ro.start_time BETWEEN UNIX_TIMESTAMP(CONVERT_TZ('2026-05-11 00:00:00', 'Asia/Seoul', 'UTC')) AND UNIX_TIMESTAMP(CONVERT_TZ('2026-05-17 23:59:59', 'Asia/Seoul', 'UTC')) THEN 'W20'
    END AS week_num,
    r.중지역 AS camp_name,
    r.소지역 AS small_region_name,
    ro.order_id,
    ro.bicycle_sn,
    ud.gender,
    CASE
        WHEN ud.age IS NULL THEN 'Unknown'
        WHEN ud.age < 10 THEN 'Under 10'
        WHEN ud.age < 20 THEN '10s'
        WHEN ud.age < 30 THEN '20s'
        WHEN ud.age < 40 THEN '30s'
        WHEN ud.age < 50 THEN '40s'
        WHEN ud.age < 60 THEN '50s'
        ELSE '60s+' 
    END AS age_group,
    (ro.pay_amount + ro.out_of_area_charge) / 1.1 AS net_revenue,
    TIMESTAMPDIFF(MINUTE, FROM_UNIXTIME(ro.start_time), FROM_UNIXTIME(ro.end_time)) AS duration_min,
    ST_X(ro.start_point) AS start_lng,
    ST_Y(ro.start_point) AS start_lat
FROM gbike.rich_orders ro
JOIN region r ON ro.region_id = r.region_id
LEFT JOIN user_demo ud ON ro.user_id = ud.user_id
WHERE ro.order_state = 2
  AND ro.start_time BETWEEN UNIX_TIMESTAMP(CONVERT_TZ('2026-05-04 00:00:00', 'Asia/Seoul', 'UTC')) 
                        AND UNIX_TIMESTAMP(CONVERT_TZ('2026-05-17 23:59:59', 'Asia/Seoul', 'UTC'))
  AND ro.bicycle_type IN (9,10,11,12,13,16,19,23) -- 스쿠터(킥보드)만 필터링
;
]
(Background on this error at: https://sqlalche.me/e/20/e3q8)
No data extracted.
