=== [batch_snapshot_v1] Data Extraction Started ===
Fetching Snapshot Data...
=== Database Connection Successful ===
Fetching Trip Data...
=== Database Connection Successful ===
Joining Snapshot and Trip Data...
Aggregating Results...
Saving Result to /Users/galaxy/anti_codebase/results/data_extract/batch_snapshot_v1/260507/batch_snapshot_v1_260507.xlsx...
Sending Teams Notification...
Teams Notification Result: {'status': 'success', 'message': 'Email sent successfully to a3fe7a69.gbike.io@kr.teams.ms'}
=== [batch_snapshot_v1] Process Completed Successfully ===
=== [batch_snapshot_v1] Data Extraction Started ===
Fetching Snapshot Data...
=== Database Connection Successful ===
Fetching Trip Data...
=== Database Connection Successful ===
Joining Snapshot and Trip Data...
Aggregating Results...
Saving Result to /Users/galaxy/anti_codebase/results/data_extract/batch_snapshot_v1/260510/batch_snapshot_v1_260510.xlsx...
File successfully uploaded to OneDrive: /Users/galaxy/Library/CloudStorage/OneDrive-지바이크/서비스운영본부 - 현장데이터 개발센터/results/data_extract/batch_snapshot_v1/260510/batch_snapshot_v1_260510.xlsx
Sending Teams Notification...
Teams Notification Result: {'status': 'success', 'message': 'Email sent successfully to a3fe7a69.gbike.io@kr.teams.ms'}
=== [batch_snapshot_v1] Process Completed Successfully ===
=== [batch_snapshot_v1] Data Extraction Started ===
Fetching Snapshot Data...
=== Database Connection Successful ===
Fetching Trip Data...
=== Database Connection Successful ===
Joining Snapshot and Trip Data...
Aggregating Results...
Saving Result to /Users/galaxy/anti_codebase/results/data_extract/batch_snapshot_v1/260511/batch_snapshot_v1_260511.xlsx...
File successfully uploaded to OneDrive: /Users/galaxy/Library/CloudStorage/OneDrive-지바이크/서비스운영본부 - 현장데이터 개발센터/results/data_extract/batch_snapshot_v1/260511/batch_snapshot_v1_260511.xlsx
Sending Teams Notification...
Teams Notification Result: {'status': 'success', 'message': 'Email sent successfully to a3fe7a69.gbike.io@kr.teams.ms'}
=== [batch_snapshot_v1] Process Completed Successfully ===
=== [batch_snapshot_v1] Data Extraction Started ===
Fetching Snapshot Data...
=== Database Connection Successful ===
Fetching Trip Data...
=== Database Connection Successful ===
Joining Snapshot and Trip Data...
Aggregating Results...
Saving Result to /Users/galaxy/anti_codebase/results/data_extract/batch_snapshot_v1/260512/batch_snapshot_v1_260512.xlsx...
File successfully uploaded to OneDrive: /Users/galaxy/Library/CloudStorage/OneDrive-지바이크/서비스운영본부 - 현장데이터 개발센터/results/data_extract/batch_snapshot_v1/260512/batch_snapshot_v1_260512.xlsx
Sending Teams Notification...
Teams Notification Result: {'status': 'success', 'message': 'Email sent successfully to a3fe7a69.gbike.io@kr.teams.ms'}
=== [batch_snapshot_v1] Process Completed Successfully ===
=== [batch_snapshot_v1] Data Extraction Started ===
Fetching Snapshot Data...
=== Database Connection Successful ===
Fetching Trip Data...
=== Database Connection Successful ===
Joining Snapshot and Trip Data...
Aggregating Results...
Saving Result to /Users/galaxy/anti_codebase/results/data_extract/batch_snapshot_v1/260513/batch_snapshot_v1_260513.xlsx...
File successfully uploaded to OneDrive: /Users/galaxy/Library/CloudStorage/OneDrive-지바이크/서비스운영본부 - 현장데이터 개발센터/results/data_extract/batch_snapshot_v1/260513/batch_snapshot_v1_260513.xlsx
Sending Teams Notification...
Teams Notification Result: {'status': 'success', 'message': 'Email sent successfully to a3fe7a69.gbike.io@kr.teams.ms'}
=== [batch_snapshot_v1] Process Completed Successfully ===
=== [batch_snapshot_v1] Data Extraction Started ===
Fetching Snapshot Data...
=== Database Connection Successful ===
Fetching Trip Data...
=== Database Connection Successful ===
Joining Snapshot and Trip Data...
Aggregating Results...
Saving Result to /Users/galaxy/anti_codebase/base_data/primary_data/batch_snapshot_v1/260514/batch_snapshot_v1_260514.xlsx...
File successfully uploaded to OneDrive: /Users/galaxy/Library/CloudStorage/OneDrive-지바이크/서비스운영본부 - 현장데이터 개발센터/results/data_extract/batch_snapshot_v1/260514/batch_snapshot_v1_260514.xlsx
Sending Teams Notification...
Teams Notification Result: {'status': 'success', 'message': 'Email sent successfully to a3fe7a69.gbike.io@kr.teams.ms'}
=== [batch_snapshot_v1] Process Completed Successfully ===
=== [batch_snapshot_v1] Data Extraction Started ===
Fetching Snapshot Data...
Error during database connection or query execution:
(pymysql.err.OperationalError) (2003, "Can't connect to MySQL server on 'live.st.rds.gbility.io' (timed out)")
(Background on this error at: https://sqlalche.me/e/20/e3q8)
Failed to fetch snapshot data.
=== [batch_snapshot_v1] Data Extraction Started ===
Fetching Snapshot Data...
Error during database connection or query execution:
(pymysql.err.OperationalError) (2003, "Can't connect to MySQL server on 'live.st.rds.gbility.io' (timed out)")
(Background on this error at: https://sqlalche.me/e/20/e3q8)
Failed to fetch snapshot data.
Traceback (most recent call last):
  File "/Users/galaxy/anti_codebase/scripts/python/extract/extract_batch_snapshot_v1.py", line 12, in <module>
    from test_db_conn import run_query
ModuleNotFoundError: No module named 'test_db_conn'
=== [batch_snapshot_v1] Data Extraction Started ===
Fetching Snapshot Data...
=== Database Connection Successful ===
Fetching Trip Data...
=== Database Connection Successful ===
Joining Snapshot and Trip Data...
Aggregating Results...
Saving Result to /Users/galaxy/anti_codebase/base_data/primary_data/batch_snapshot_v1/260521/batch_snapshot_v1_260521.xlsx...
File successfully uploaded to OneDrive: /Users/galaxy/Library/CloudStorage/OneDrive-지바이크/서비스운영본부 - 현장데이터 개발센터/results/data_extract/batch_snapshot_v1/260521/batch_snapshot_v1_260521.xlsx
Sending Teams Notification...
Teams Notification Result: {'status': 'success', 'message': 'Email sent successfully to a3fe7a69.gbike.io@kr.teams.ms'}
=== [batch_snapshot_v1] Process Completed Successfully ===
=== [batch_snapshot_v1] Data Extraction Started ===
Fetching Snapshot Data...
=== Database Connection Successful ===
Fetching Trip Data...
=== Database Connection Successful ===
Joining Snapshot and Trip Data...
Aggregating Results...
Saving Result to /Users/galaxy/anti_codebase/base_data/primary_data/batch_snapshot_v1/260525/batch_snapshot_v1_260525.xlsx...
File successfully uploaded to OneDrive: /Users/galaxy/Library/CloudStorage/OneDrive-지바이크/서비스운영본부 - 현장데이터 개발센터/results/data_extract/batch_snapshot_v1/260525/batch_snapshot_v1_260525.xlsx
Sending Teams Notification...
Teams Notification Result: {'status': 'success', 'message': 'Email sent successfully to a3fe7a69.gbike.io@kr.teams.ms'}
=== [batch_snapshot_v1] Process Completed Successfully ===
=== [batch_snapshot_v1] Data Extraction Started ===
Fetching Snapshot Data...
=== Database Connection Successful ===
Fetching Trip Data...
=== Database Connection Successful ===
Joining Snapshot and Trip Data...
Aggregating Results...
Saving Result to /Users/galaxy/anti_codebase/base_data/primary_data/batch_snapshot_v1/260526/batch_snapshot_v1_260526.xlsx...
File successfully uploaded to OneDrive: /Users/galaxy/Library/CloudStorage/OneDrive-지바이크/서비스운영본부 - 현장데이터 개발센터/results/data_extract/batch_snapshot_v1/260526/batch_snapshot_v1_260526.xlsx
Sending Teams Notification...
Teams Notification Result: {'status': 'success', 'message': 'Email sent successfully to a3fe7a69.gbike.io@kr.teams.ms'}
=== [batch_snapshot_v1] Process Completed Successfully ===
=== [batch_snapshot_v1] Data Extraction Started ===
Fetching Snapshot Data...
=== Database Connection Successful ===
Fetching Trip Data...
=== Database Connection Successful ===
Joining Snapshot and Trip Data...
Aggregating Results...
Saving Result to /Users/galaxy/anti_codebase/base_data/primary_data/batch_snapshot_v1/260527/batch_snapshot_v1_260527.xlsx...
Failed to copy to OneDrive: [Errno 2] No such file or directory: '/Users/galaxy/anti_codebase/base_data/primary_data/batch_snapshot_v1/260527/batch_snapshot_v1_260527.xlsx'
Sending Teams Notification...
Teams Notification Result: {'status': 'success', 'message': 'Email sent successfully to a3fe7a69.gbike.io@kr.teams.ms'}
=== [batch_snapshot_v1] Process Completed Successfully ===
=== [batch_snapshot_v1] Data Extraction Started ===
Fetching Snapshot Data...
=== Database Connection Successful ===
Fetching Trip Data...
=== Database Connection Successful ===
Joining Snapshot and Trip Data...
Aggregating Results...
Saving Result to /Users/galaxy/anti_codebase/base_data/primary_data/batch_snapshot_v1/260528/batch_snapshot_v1_260528.xlsx...
Failed to copy to OneDrive: [Errno 2] No such file or directory: '/Users/galaxy/anti_codebase/base_data/primary_data/batch_snapshot_v1/260528/batch_snapshot_v1_260528.xlsx'
Sending Teams Notification...
Teams Notification Result: {'status': 'success', 'message': 'Email sent successfully to a3fe7a69.gbike.io@kr.teams.ms'}
=== [batch_snapshot_v1] Process Completed Successfully ===
=== [batch_snapshot_v1] Data Extraction Started ===
Fetching Snapshot Data...
=== Database Connection Successful ===
Fetching Trip Data...
=== Database Connection Successful ===
Joining Snapshot and Trip Data...
Aggregating Results...
Saving Result to /Users/galaxy/anti_codebase/base_data/primary_data/batch_snapshot_v1/260531/batch_snapshot_v1_260531.xlsx...
Failed to copy to OneDrive: [Errno 2] No such file or directory: '/Users/galaxy/anti_codebase/base_data/primary_data/batch_snapshot_v1/260531/batch_snapshot_v1_260531.xlsx'
Sending Teams Notification...
Teams Notification Result: {'status': 'success', 'message': 'Email sent successfully to a3fe7a69.gbike.io@kr.teams.ms'}
=== [batch_snapshot_v1] Process Completed Successfully ===
/opt/homebrew/Cellar/python@3.14/3.14.4/Frameworks/Python.framework/Versions/3.14/Resources/Python.app/Contents/MacOS/Python: can't open file '/sers/galaxy/anti_codebase/scripts/python/extract/extract_batch_snapshot_v1.py': [Errno 2] No such file or directory
=== [batch_snapshot_v1] Data Extraction Started ===
Fetching Snapshot Data...
Error during database connection or query execution:
(pymysql.err.OperationalError) (2003, "Can't connect to MySQL server on 'live.st.rds.gbility.io' (timed out)")
(Background on this error at: https://sqlalche.me/e/20/e3q8)
Failed to fetch snapshot data.
=== [batch_snapshot_v1] Data Extraction Started ===
Fetching Snapshot Data...
=== Database Connection Successful ===
Fetching Trip Data...
=== Database Connection Successful ===
Joining Snapshot and Trip Data...
Aggregating Results...
Failed to copy to OneDrive: [Errno 2] No such file or directory: '/Users/galaxy/anti_codebase/base_data/primary_data/batch_snapshot_v1/260603/batch_snapshot_v1_260603.xlsx'
Sending Teams Notification...
Teams Notification Result: {'status': 'success', 'message': 'Email sent successfully to a3fe7a69.gbike.io@kr.teams.ms'}
=== [batch_snapshot_v1] Process Completed Successfully ===
=== [batch_snapshot_v1] Data Extraction Started ===
Fetching Snapshot Data...
Error during database connection or query execution:
(pymysql.err.OperationalError) (2003, "Can't connect to MySQL server on 'live.st.rds.gbility.io' (timed out)")
(Background on this error at: https://sqlalche.me/e/20/e3q8)
Failed to fetch snapshot data.
=== [batch_snapshot_v1] Data Extraction Started ===
Fetching Snapshot Data...
Error during database connection or query execution:
(pymysql.err.OperationalError) (2003, "Can't connect to MySQL server on 'live.st.rds.gbility.io' (timed out)")
(Background on this error at: https://sqlalche.me/e/20/e3q8)
Failed to fetch snapshot data.
=== [batch_snapshot_v1] Data Extraction Started ===
Fetching Snapshot Data...
=== Database Connection Successful ===
Fetching Trip Data...
=== Database Connection Successful ===
Joining Snapshot and Trip Data...
Aggregating Results...
Saving Result directly to OneDrive: /Users/galaxy/Library/CloudStorage/OneDrive-지바이크/서비스운영본부 - 현장데이터 개발센터/results/data_extract/batch_snapshot_v1/260605/batch_snapshot_v1_260605.xlsx...
Sending Teams Notification...
Teams Notification Result: {'status': 'success', 'message': 'Email sent successfully to a3fe7a69.gbike.io@kr.teams.ms'}
=== [batch_snapshot_v1] Process Completed Successfully ===
=== [batch_snapshot_v1] Data Extraction Started ===
Fetching Snapshot Data...
Error during database connection or query execution:
(pymysql.err.OperationalError) (2003, "Can't connect to MySQL server on 'live.st.rds.gbility.io' ([Errno 60] Operation timed out)")
(Background on this error at: https://sqlalche.me/e/20/e3q8)
Failed to fetch snapshot data.
=== [batch_snapshot_v1] Data Extraction Started ===
Fetching Snapshot Data...
=== Database Connection Successful ===
Fetching Trip Data...
=== Database Connection Successful ===
Joining Snapshot and Trip Data...
Aggregating Results...
Saving Result directly to OneDrive: /Users/galaxy/Library/CloudStorage/OneDrive-지바이크/서비스운영본부 - 현장데이터 개발센터/results/data_extract/batch_snapshot_v1/260607/batch_snapshot_v1_260607.xlsx...
Sending Teams Notification...
Teams Notification Result: {'status': 'success', 'message': 'Email sent successfully to a3fe7a69.gbike.io@kr.teams.ms'}
=== [batch_snapshot_v1] Process Completed Successfully ===
=== [batch_snapshot_v1] Data Extraction Started ===
Fetching Snapshot Data...
Error during database connection or query execution:
(pymysql.err.OperationalError) (2003, "Can't connect to MySQL server on 'live.st.rds.gbility.io' ([Errno 60] Operation timed out)")
(Background on this error at: https://sqlalche.me/e/20/e3q8)
Failed to fetch snapshot data.
=== [batch_snapshot_v1] Data Extraction Started ===
Fetching Snapshot Data...
=== Database Connection Successful ===
Fetching Trip Data...
=== Database Connection Successful ===
Joining Snapshot and Trip Data...
Aggregating Results...
Saving Result directly to OneDrive: /Users/galaxy/Library/CloudStorage/OneDrive-지바이크/서비스운영본부 - 현장데이터 개발센터/results/data_extract/batch_snapshot_v1/260609/batch_snapshot_v1_260609.xlsx...
Sending Teams Notification...
Teams Notification Result: {'status': 'success', 'message': 'Email sent successfully to a3fe7a69.gbike.io@kr.teams.ms'}
=== [batch_snapshot_v1] Process Completed Successfully ===
=== [batch_snapshot_v1] Data Extraction Started ===
Fetching Snapshot Data...
=== Database Connection Successful ===
Fetching Trip Data...
=== Database Connection Successful ===
Joining Snapshot and Trip Data...
Aggregating Results...
Saving Result directly to OneDrive: /Users/galaxy/Library/CloudStorage/OneDrive-지바이크/서비스운영본부 - 현장데이터 개발센터/results/data_extract/batch_snapshot_v1/260610/batch_snapshot_v1_260610.xlsx...
Sending Teams Notification...
Teams Notification Result: {'status': 'success', 'message': 'Email sent successfully to a3fe7a69.gbike.io@kr.teams.ms'}
=== [batch_snapshot_v1] Process Completed Successfully ===
=== [batch_snapshot_v1] Data Extraction Started ===
Fetching Snapshot Data...
=== Database Connection Successful ===
Fetching Trip Data...
=== Database Connection Successful ===
Joining Snapshot and Trip Data...
Aggregating Results...
Saving Result directly to OneDrive: /Users/galaxy/Library/CloudStorage/OneDrive-지바이크/서비스운영본부 - 현장데이터 개발센터/results/data_extract/batch_snapshot_v1/260611/batch_snapshot_v1_260611.xlsx...
Sending Teams Notification...
Teams Notification Result: {'status': 'success', 'message': 'Email sent successfully to a3fe7a69.gbike.io@kr.teams.ms'}
=== [batch_snapshot_v1] Process Completed Successfully ===
=== [batch_snapshot_v1] Data Extraction Started ===
Fetching Snapshot Data...
Error during database connection or query execution:
(pymysql.err.OperationalError) (2003, "Can't connect to MySQL server on 'live.st.rds.gbility.io' ([Errno 60] Operation timed out)")
(Background on this error at: https://sqlalche.me/e/20/e3q8)
Failed to fetch snapshot data.
=== [batch_snapshot_v1] Data Extraction Started ===
Fetching Snapshot Data...
Error during database connection or query execution:
(pymysql.err.OperationalError) (2003, "Can't connect to MySQL server on 'live.st.rds.gbility.io' ([Errno 60] Operation timed out)")
(Background on this error at: https://sqlalche.me/e/20/e3q8)
Failed to fetch snapshot data.
=== [batch_snapshot_v1] Data Extraction Started ===
Fetching Snapshot Data...
Error during database connection or query execution:
(pymysql.err.OperationalError) (2003, "Can't connect to MySQL server on 'live.st.rds.gbility.io' ([Errno 60] Operation timed out)")
(Background on this error at: https://sqlalche.me/e/20/e3q8)
Failed to fetch snapshot data.
=== [batch_snapshot_v1] Data Extraction Started ===
Fetching Snapshot Data...
=== Database Connection Successful ===
Fetching Trip Data...
=== Database Connection Successful ===
Joining Snapshot and Trip Data...
Aggregating Results...
Saving Result directly to OneDrive: /Users/galaxy/Library/CloudStorage/OneDrive-지바이크/서비스운영본부 - 현장데이터 개발센터/results/data_extract/batch_snapshot_v1/260615/batch_snapshot_v1_260615.xlsx...
Sending Teams Notification...
Teams Notification Result: {'status': 'success', 'message': 'Email sent successfully to a3fe7a69.gbike.io@kr.teams.ms'}
=== [batch_snapshot_v1] Process Completed Successfully ===
=== [batch_snapshot_v1] Data Extraction Started ===
Fetching Snapshot Data...
Error during database connection or query execution:
(pymysql.err.OperationalError) (2003, "Can't connect to MySQL server on 'live.st.rds.gbility.io' ([Errno 60] Operation timed out)")
(Background on this error at: https://sqlalche.me/e/20/e3q8)
Failed to fetch snapshot data.
=== [batch_snapshot_v1] Data Extraction Started ===
Fetching Snapshot Data...
Error during database connection or query execution:
(pymysql.err.OperationalError) (2003, "Can't connect to MySQL server on 'live.st.rds.gbility.io' ([Errno 60] Operation timed out)")
(Background on this error at: https://sqlalche.me/e/20/e3q8)
Failed to fetch snapshot data.
=== [batch_snapshot_v1] Data Extraction Started ===
Fetching Snapshot Data...
=== Database Connection Successful ===
Fetching Trip Data...
=== Database Connection Successful ===
Joining Snapshot and Trip Data...
Aggregating Results...
Saving Result directly to OneDrive: /Users/galaxy/Library/CloudStorage/OneDrive-지바이크/서비스운영본부 - 현장데이터 개발센터/results/data_extract/batch_snapshot_v1/260618/batch_snapshot_v1_260618.xlsx...
Sending Teams Notification...
Teams Notification Result: {'status': 'success', 'message': 'Email sent successfully to a3fe7a69.gbike.io@kr.teams.ms'}
=== [batch_snapshot_v1] Process Completed Successfully ===
=== [batch_snapshot_v1] Data Extraction Started ===
Fetching Snapshot Data...
Error during database connection or query execution:
(pymysql.err.OperationalError) (2003, "Can't connect to MySQL server on 'live.st.rds.gbility.io' (timed out)")
(Background on this error at: https://sqlalche.me/e/20/e3q8)
Failed to fetch snapshot data.
=== [batch_snapshot_v1] Data Extraction Started ===
Fetching Snapshot Data...
Error during database connection or query execution:
(pymysql.err.OperationalError) (2003, "Can't connect to MySQL server on 'live.st.rds.gbility.io' (timed out)")
(Background on this error at: https://sqlalche.me/e/20/e3q8)
Failed to fetch snapshot data.
=== [batch_snapshot_v1] Data Extraction Started ===
Fetching Snapshot Data...
=== Database Connection Successful ===
Fetching Trip Data...
=== Database Connection Successful ===
Joining Snapshot and Trip Data...
Aggregating Results...
Saving Result directly to OneDrive: /Users/galaxy/Library/CloudStorage/OneDrive-지바이크/서비스운영본부 - 현장데이터 개발센터/results/data_extract/batch_snapshot_v1/260619/batch_snapshot_v1_260619.xlsx...
Sending Teams Notification...
Teams Notification Result: {'status': 'success', 'message': 'Email sent successfully to a3fe7a69.gbike.io@kr.teams.ms'}
=== [batch_snapshot_v1] Process Completed Successfully ===
=== [batch_snapshot_v1] Data Extraction Started ===
Fetching Snapshot Data...
Error during database connection or query execution:
(pymysql.err.OperationalError) (2003, "Can't connect to MySQL server on 'live.st.rds.gbility.io' (timed out)")
(Background on this error at: https://sqlalche.me/e/20/e3q8)
Failed to fetch snapshot data.
=== [batch_snapshot_v1] Data Extraction Started ===
Fetching Snapshot Data...
=== Database Connection Successful ===
Fetching Trip Data...
=== Database Connection Successful ===
Joining Snapshot and Trip Data...
Aggregating Results...
Saving Result directly to OneDrive: /Users/galaxy/Library/CloudStorage/OneDrive-지바이크/서비스운영본부 - 현장데이터 개발센터/results/data_extract/batch_snapshot_v1/260620/batch_snapshot_v1_260620.xlsx...
Sending Teams Notification...
Teams Notification Result: {'status': 'success', 'message': 'Email sent successfully to a3fe7a69.gbike.io@kr.teams.ms'}
=== [batch_snapshot_v1] Process Completed Successfully ===
=== [batch_snapshot_v1] Data Extraction Started ===
Fetching Snapshot Data...
=== Database Connection Successful ===
Fetching Trip Data...
=== Database Connection Successful ===
Joining Snapshot and Trip Data...
Aggregating Results...
Saving Result directly to OneDrive: /Users/galaxy/Library/CloudStorage/OneDrive-지바이크/서비스운영본부 - 현장데이터 개발센터/results/data_extract/batch_snapshot_v1/260621/batch_snapshot_v1_260621.xlsx...
Sending Teams Notification...
Teams Notification Result: {'status': 'success', 'message': 'Email sent successfully to a3fe7a69.gbike.io@kr.teams.ms'}
=== [batch_snapshot_v1] Process Completed Successfully ===
=== [batch_snapshot_v1] Data Extraction Started ===
Fetching Snapshot Data...
Error during database connection or query execution:
(pymysql.err.OperationalError) (2003, "Can't connect to MySQL server on 'live.st.rds.gbility.io' ([Errno 60] Operation timed out)")
(Background on this error at: https://sqlalche.me/e/20/e3q8)
Failed to fetch snapshot data.
=== [batch_snapshot_v1] Data Extraction Started ===
Fetching Snapshot Data...
=== Database Connection Successful ===
Fetching Trip Data...
=== Database Connection Successful ===
Joining Snapshot and Trip Data...
Aggregating Results...
Saving Result directly to OneDrive: /Users/galaxy/Library/CloudStorage/OneDrive-지바이크/서비스운영본부 - 현장데이터 개발센터/results/data_extract/batch_snapshot_v1/260622/batch_snapshot_v1_260622.xlsx...
Sending Teams Notification...
Teams Notification Result: {'status': 'success', 'message': 'Email sent successfully to a3fe7a69.gbike.io@kr.teams.ms'}
=== [batch_snapshot_v1] Process Completed Successfully ===
=== [batch_snapshot_v1] Data Extraction Started ===
Fetching Snapshot Data...
=== Database Connection Successful ===
Fetching Trip Data...
=== Database Connection Successful ===
Joining Snapshot and Trip Data...
Aggregating Results...
Saving Result directly to OneDrive: /Users/galaxy/Library/CloudStorage/OneDrive-지바이크/서비스운영본부 - 현장데이터 개발센터/results/data_extract/batch_snapshot_v1/260623/batch_snapshot_v1_260623.xlsx...
Sending Teams Notification...
Teams Notification Result: {'status': 'success', 'message': 'Email sent successfully to a3fe7a69.gbike.io@kr.teams.ms'}
=== [batch_snapshot_v1] Process Completed Successfully ===
=== [batch_snapshot_v1] Data Extraction Started ===
Fetching Snapshot Data...
=== Database Connection Successful ===
Fetching Trip Data...
=== Database Connection Successful ===
Joining Snapshot and Trip Data...
Aggregating Results...
Saving Result directly to OneDrive: /Users/galaxy/Library/CloudStorage/OneDrive-지바이크/서비스운영본부 - 현장데이터 개발센터/results/data_extract/batch_snapshot_v1/260624/batch_snapshot_v1_260624.xlsx...
Sending Teams Notification...
Teams Notification Result: {'status': 'success', 'message': 'Email sent successfully to a3fe7a69.gbike.io@kr.teams.ms'}
=== [batch_snapshot_v1] Process Completed Successfully ===
=== [batch_snapshot_v1] Data Extraction Started ===
Fetching Snapshot Data...
=== Database Connection Successful ===
Fetching Trip Data...
=== Database Connection Successful ===
Joining Snapshot and Trip Data...
Aggregating Results...
Saving Result directly to OneDrive: /Users/galaxy/Library/CloudStorage/OneDrive-지바이크/서비스운영본부 - 현장데이터 개발센터/results/data_extract/batch_snapshot_v1/260625/batch_snapshot_v1_260625.xlsx...
Sending Teams Notification...
Teams Notification Result: {'status': 'success', 'message': 'Email sent successfully to a3fe7a69.gbike.io@kr.teams.ms'}
=== [batch_snapshot_v1] Process Completed Successfully ===
=== [batch_snapshot_v1] Data Extraction Started ===
Fetching Snapshot Data...
Error during database connection or query execution:
(pymysql.err.OperationalError) (2003, "Can't connect to MySQL server on 'live.st.rds.gbility.io' ([Errno 60] Operation timed out)")
(Background on this error at: https://sqlalche.me/e/20/e3q8)
Failed to fetch snapshot data.
=== [batch_snapshot_v1] Data Extraction Started ===
Fetching Snapshot Data...
Error during database connection or query execution:
(pymysql.err.OperationalError) (2003, "Can't connect to MySQL server on 'live.st.rds.gbility.io' ([Errno 60] Operation timed out)")
(Background on this error at: https://sqlalche.me/e/20/e3q8)
Failed to fetch snapshot data.
=== [batch_snapshot_v1] Data Extraction Started ===
Fetching Snapshot Data...
=== Database Connection Successful ===
Fetching Trip Data...
=== Database Connection Successful ===
Joining Snapshot and Trip Data...
Aggregating Results...
Saving Result directly to OneDrive: /Users/galaxy/Library/CloudStorage/OneDrive-지바이크/서비스운영본부 - 현장데이터 개발센터/results/data_extract/batch_snapshot_v1/260628/batch_snapshot_v1_260628.xlsx...
Sending Teams Notification...
Teams Notification Result: {'status': 'success', 'message': 'Email sent successfully to a3fe7a69.gbike.io@kr.teams.ms'}
=== [batch_snapshot_v1] Process Completed Successfully ===
=== [batch_snapshot_v1] Data Extraction Started ===
Fetching Snapshot Data...
=== Database Connection Successful ===
Fetching Trip Data...
=== Database Connection Successful ===
Joining Snapshot and Trip Data...
Aggregating Results...
Saving Result directly to OneDrive: /Users/galaxy/Library/CloudStorage/OneDrive-지바이크/서비스운영본부 - 현장데이터 개발센터/results/data_extract/batch_snapshot_v1/260629/batch_snapshot_v1_260629.xlsx...
Sending Teams Notification...
Teams Notification Result: {'status': 'success', 'message': 'Email sent successfully to a3fe7a69.gbike.io@kr.teams.ms'}
=== [batch_snapshot_v1] Process Completed Successfully ===
=== [batch_snapshot_v1] Data Extraction Started ===
Fetching Snapshot Data...
=== Database Connection Successful ===
Fetching Trip Data...
=== Database Connection Successful ===
Joining Snapshot and Trip Data...
Aggregating Results...
Saving Result directly to OneDrive: /Users/galaxy/Library/CloudStorage/OneDrive-지바이크/서비스운영본부 - 현장데이터 개발센터/results/data_extract/batch_snapshot_v1/260630/batch_snapshot_v1_260630.xlsx...
Sending Teams Notification...
Teams Notification Result: {'status': 'success', 'message': 'Email sent successfully to a3fe7a69.gbike.io@kr.teams.ms'}
=== [batch_snapshot_v1] Process Completed Successfully ===
=== [batch_snapshot_v1] Data Extraction Started ===
Fetching Snapshot Data...
Error during database connection or query execution:
(pymysql.err.OperationalError) (2003, "Can't connect to MySQL server on 'live.st.rds.gbility.io' (timed out)")
(Background on this error at: https://sqlalche.me/e/20/e3q8)
Failed to fetch snapshot data.
=== [batch_snapshot_v1] Data Extraction Started ===
Fetching Snapshot Data...
=== Database Connection Successful ===
Fetching Trip Data...
=== Database Connection Successful ===
Joining Snapshot and Trip Data...
Aggregating Results...
Saving Result directly to OneDrive: /Users/galaxy/Library/CloudStorage/OneDrive-지바이크/서비스운영본부 - 현장데이터 개발센터/results/data_extract/batch_snapshot_v1/260702/batch_snapshot_v1_260702.xlsx...
Sending Teams Notification...
Teams Notification Result: {'status': 'success', 'message': 'Email sent successfully to a3fe7a69.gbike.io@kr.teams.ms'}
=== [batch_snapshot_v1] Process Completed Successfully ===
=== [batch_snapshot_v1] Data Extraction Started ===
Fetching Snapshot Data...
Error during database connection or query execution:
(pymysql.err.OperationalError) (2003, "Can't connect to MySQL server on 'live.st.rds.gbility.io' (timed out)")
(Background on this error at: https://sqlalche.me/e/20/e3q8)
Failed to fetch snapshot data.
=== [batch_snapshot_v1] Data Extraction Started ===
Fetching Snapshot Data...
Error during database connection or query execution:
(pymysql.err.OperationalError) (2003, "Can't connect to MySQL server on 'live.st.rds.gbility.io' (timed out)")
(Background on this error at: https://sqlalche.me/e/20/e3q8)
Failed to fetch snapshot data.
=== [batch_snapshot_v1] Data Extraction Started ===
Fetching Snapshot Data...
=== Database Connection Successful ===
Fetching Trip Data...
=== Database Connection Successful ===
Joining Snapshot and Trip Data...
Aggregating Results...
Saving Result directly to OneDrive: /Users/galaxy/Library/CloudStorage/OneDrive-지바이크/서비스운영본부 - 현장데이터 개발센터/results/data_extract/batch_snapshot_v1/260705/batch_snapshot_v1_260705.xlsx...
Sending Teams Notification...
Teams Notification Result: {'status': 'success', 'message': 'Email sent successfully to a3fe7a69.gbike.io@kr.teams.ms'}
=== [batch_snapshot_v1] Process Completed Successfully ===
=== [batch_snapshot_v1] Data Extraction Started ===
Fetching Snapshot Data...
=== Database Connection Successful ===
Fetching Trip Data...
=== Database Connection Successful ===
Joining Snapshot and Trip Data...
Aggregating Results...
Saving Result directly to OneDrive: /Users/galaxy/Library/CloudStorage/OneDrive-지바이크/서비스운영본부 - 현장데이터 개발센터/results/data_extract/batch_snapshot_v1/260706/batch_snapshot_v1_260706.xlsx...
Sending Teams Notification...
Teams Notification Result: {'status': 'success', 'message': 'Email sent successfully to a3fe7a69.gbike.io@kr.teams.ms'}
=== [batch_snapshot_v1] Process Completed Successfully ===
=== [batch_snapshot_v1] Data Extraction Started ===
Fetching Snapshot Data...
=== Database Connection Successful ===
Fetching Trip Data...
=== Database Connection Successful ===
Joining Snapshot and Trip Data...
Aggregating Results...
Saving Result directly to OneDrive: /Users/galaxy/Library/CloudStorage/OneDrive-지바이크/서비스운영본부 - 현장데이터 개발센터/results/data_extract/batch_snapshot_v1/260707/batch_snapshot_v1_260707.xlsx...
Sending Teams Notification...
Teams Notification Result: {'status': 'success', 'message': 'Email sent successfully to a3fe7a69.gbike.io@kr.teams.ms'}
=== [batch_snapshot_v1] Process Completed Successfully ===
=== [batch_snapshot_v1] Data Extraction Started ===
Fetching Snapshot Data...
=== Database Connection Successful ===
Fetching Trip Data...
=== Database Connection Successful ===
Joining Snapshot and Trip Data...
Aggregating Results...
Saving Result directly to OneDrive: /Users/galaxy/Library/CloudStorage/OneDrive-지바이크/서비스운영본부 - 현장데이터 개발센터/results/data_extract/batch_snapshot_v1/260708/batch_snapshot_v1_260708.xlsx...
Sending Teams Notification...
Teams Notification Result: {'status': 'success', 'message': 'Email sent successfully to a3fe7a69.gbike.io@kr.teams.ms'}
=== [batch_snapshot_v1] Process Completed Successfully ===
=== [batch_snapshot_v1] Data Extraction Started ===
Fetching Snapshot Data...
Error during database connection or query execution:
(pymysql.err.OperationalError) (2003, "Can't connect to MySQL server on 'live.st.rds.gbility.io' (timed out)")
(Background on this error at: https://sqlalche.me/e/20/e3q8)
Failed to fetch snapshot data.
=== [batch_snapshot_v1] Data Extraction Started ===
Fetching Snapshot Data...
Error during database connection or query execution:
(pymysql.err.OperationalError) (2003, "Can't connect to MySQL server on 'live.st.rds.gbility.io' (timed out)")
(Background on this error at: https://sqlalche.me/e/20/e3q8)
Failed to fetch snapshot data.
=== [batch_snapshot_v1] Data Extraction Started ===
Fetching Snapshot Data...
Error during database connection or query execution:
(pymysql.err.OperationalError) (2003, "Can't connect to MySQL server on 'live.st.rds.gbility.io' ([Errno 60] Operation timed out)")
(Background on this error at: https://sqlalche.me/e/20/e3q8)
Failed to fetch snapshot data.
=== [batch_snapshot_v1] Data Extraction Started ===
Fetching Snapshot Data...
Error during database connection or query execution:
(pymysql.err.OperationalError) (2003, "Can't connect to MySQL server on 'live.st.rds.gbility.io' (timed out)")
(Background on this error at: https://sqlalche.me/e/20/e3q8)
Failed to fetch snapshot data.
=== [batch_snapshot_v1] Data Extraction Started ===
Fetching Snapshot Data...
Error during database connection or query execution:
(pymysql.err.OperationalError) (2003, "Can't connect to MySQL server on 'live.st.rds.gbility.io' (timed out)")
(Background on this error at: https://sqlalche.me/e/20/e3q8)
Failed to fetch snapshot data.
=== [batch_snapshot_v1] Data Extraction Started ===
Fetching Snapshot Data...
Error during database connection or query execution:
(pymysql.err.OperationalError) (2003, "Can't connect to MySQL server on 'live.st.rds.gbility.io' (timed out)")
(Background on this error at: https://sqlalche.me/e/20/e3q8)
Failed to fetch snapshot data.
=== [batch_snapshot_v1] Data Extraction Started ===
Fetching Snapshot Data...
Error during database connection or query execution:
(pymysql.err.OperationalError) (2003, "Can't connect to MySQL server on 'live.st.rds.gbility.io' (timed out)")
(Background on this error at: https://sqlalche.me/e/20/e3q8)
Failed to fetch snapshot data.
=== [batch_snapshot_v1] Data Extraction Started ===
Fetching Snapshot Data...
Error during database connection or query execution:
(pymysql.err.OperationalError) (2003, "Can't connect to MySQL server on 'live.st.rds.gbility.io' (timed out)")
(Background on this error at: https://sqlalche.me/e/20/e3q8)
Failed to fetch snapshot data.
=== [batch_snapshot_v1] Data Extraction Started ===
Fetching Snapshot Data...
Error during database connection or query execution:
(pymysql.err.OperationalError) (2003, "Can't connect to MySQL server on 'live.st.rds.gbility.io' (timed out)")
(Background on this error at: https://sqlalche.me/e/20/e3q8)
Failed to fetch snapshot data.
=== [batch_snapshot_v1] Data Extraction Started ===
Fetching Snapshot Data...
Error during database connection or query execution:
(pymysql.err.OperationalError) (2003, "Can't connect to MySQL server on 'live.st.rds.gbility.io' (timed out)")
(Background on this error at: https://sqlalche.me/e/20/e3q8)
Failed to fetch snapshot data.
=== [batch_snapshot_v1] Data Extraction Started ===
Fetching Snapshot Data...
Error during database connection or query execution:
(pymysql.err.OperationalError) (2003, "Can't connect to MySQL server on 'live.st.rds.gbility.io' (timed out)")
(Background on this error at: https://sqlalche.me/e/20/e3q8)
Failed to fetch snapshot data.
=== [batch_snapshot_v1] Data Extraction Started ===
Fetching Snapshot Data...
Error during database connection or query execution:
(pymysql.err.OperationalError) (2003, "Can't connect to MySQL server on 'live.st.rds.gbility.io' (timed out)")
(Background on this error at: https://sqlalche.me/e/20/e3q8)
Failed to fetch snapshot data.
=== [batch_snapshot_v1] Data Extraction Started ===
Fetching Snapshot Data...
Error during database connection or query execution:
(pymysql.err.OperationalError) (2003, "Can't connect to MySQL server on 'live.st.rds.gbility.io' (timed out)")
(Background on this error at: https://sqlalche.me/e/20/e3q8)
Failed to fetch snapshot data.
=== [batch_snapshot_v1] Data Extraction Started ===
Fetching Snapshot Data...
Error during database connection or query execution:
(pymysql.err.OperationalError) (2003, "Can't connect to MySQL server on 'live.st.rds.gbility.io' (timed out)")
(Background on this error at: https://sqlalche.me/e/20/e3q8)
Failed to fetch snapshot data.
=== [batch_snapshot_v1] Data Extraction Started ===
Fetching Snapshot Data...
Error during database connection or query execution:
(pymysql.err.OperationalError) (2003, "Can't connect to MySQL server on 'live.st.rds.gbility.io' (timed out)")
(Background on this error at: https://sqlalche.me/e/20/e3q8)
Failed to fetch snapshot data.
=== [batch_snapshot_v1] Data Extraction Started ===
Fetching Snapshot Data...
Error during database connection or query execution:
(pymysql.err.OperationalError) (2003, "Can't connect to MySQL server on 'live.st.rds.gbility.io' (timed out)")
(Background on this error at: https://sqlalche.me/e/20/e3q8)
Failed to fetch snapshot data.
=== [batch_snapshot_v1] Data Extraction Started ===
Fetching Snapshot Data...
Error during database connection or query execution:
(pymysql.err.OperationalError) (2003, "Can't connect to MySQL server on 'live.st.rds.gbility.io' (timed out)")
(Background on this error at: https://sqlalche.me/e/20/e3q8)
Failed to fetch snapshot data.
=== [batch_snapshot_v1] Data Extraction Started ===
Fetching Snapshot Data...
Error during database connection or query execution:
(pymysql.err.OperationalError) (2003, "Can't connect to MySQL server on 'live.st.rds.gbility.io' (timed out)")
(Background on this error at: https://sqlalche.me/e/20/e3q8)
Failed to fetch snapshot data.
=== [batch_snapshot_v1] Data Extraction Started ===
Fetching Snapshot Data...
Error during database connection or query execution:
(pymysql.err.OperationalError) (2003, "Can't connect to MySQL server on 'live.st.rds.gbility.io' (timed out)")
(Background on this error at: https://sqlalche.me/e/20/e3q8)
Failed to fetch snapshot data.
=== [batch_snapshot_v1] Data Extraction Started ===
Fetching Snapshot Data...
Error during database connection or query execution:
(pymysql.err.OperationalError) (2003, "Can't connect to MySQL server on 'live.st.rds.gbility.io' (timed out)")
(Background on this error at: https://sqlalche.me/e/20/e3q8)
Failed to fetch snapshot data.
=== [batch_snapshot_v1] Data Extraction Started ===
Fetching Snapshot Data...
Error during database connection or query execution:
(pymysql.err.OperationalError) (2003, "Can't connect to MySQL server on 'live.st.rds.gbility.io' (timed out)")
(Background on this error at: https://sqlalche.me/e/20/e3q8)
Failed to fetch snapshot data.
=== [batch_snapshot_v1] Data Extraction Started ===
Fetching Snapshot Data...
Error during database connection or query execution:
(pymysql.err.OperationalError) (2003, "Can't connect to MySQL server on 'live.st.rds.gbility.io' (timed out)")
(Background on this error at: https://sqlalche.me/e/20/e3q8)
Failed to fetch snapshot data.
=== [batch_snapshot_v1] Data Extraction Started ===
Fetching Snapshot Data...
Error during database connection or query execution:
(pymysql.err.OperationalError) (2003, "Can't connect to MySQL server on 'live.st.rds.gbility.io' (timed out)")
(Background on this error at: https://sqlalche.me/e/20/e3q8)
Failed to fetch snapshot data.
=== [batch_snapshot_v1] Data Extraction Started ===
Fetching Snapshot Data...
Error during database connection or query execution:
(pymysql.err.OperationalError) (2003, "Can't connect to MySQL server on 'live.st.rds.gbility.io' (timed out)")
(Background on this error at: https://sqlalche.me/e/20/e3q8)
Failed to fetch snapshot data.
