=== [batch_snapshot_v1] Data Extraction Started ===
Fetching Snapshot Data...
=== Database Connection Successful ===
Fetching Trip Data...
=== Database Connection Successful ===
Joining Snapshot and Trip Data...
Aggregating Results...
OneDrive path not found: /Users/galaxy.jang/Library/CloudStorage/OneDrive-지바이크/서비스운영본부 - 현장데이터 개발센터/results/data_extract/batch_snapshot_v1
=== [batch_snapshot_v1] Data Extraction Started ===
Fetching Snapshot Data...
=== Database Connection Successful ===
Fetching Trip Data...
=== Database Connection Successful ===
Joining Snapshot and Trip Data...
Aggregating Results...
OneDrive path not found: /Users/galaxy.jang/Library/CloudStorage/OneDrive-지바이크/서비스운영본부 - 현장데이터 개발센터/results/data_extract/batch_snapshot_v1
=== [batch_snapshot_v1] Data Extraction Started ===
Fetching Snapshot Data...
Error during database connection or query execution:
(pymysql.err.OperationalError) (2003, "Can't connect to MySQL server on 'live.st.rds.gbility.io' (timed out)")
(Background on this error at: https://sqlalche.me/e/20/e3q8)
Failed to fetch snapshot data.
=== [batch_snapshot_v1] Data Extraction Started ===
Fetching Snapshot Data...
Error during database connection or query execution:
(pymysql.err.OperationalError) (2003, "Can't connect to MySQL server on 'live.st.rds.gbility.io' (timed out)")
(Background on this error at: https://sqlalche.me/e/20/e3q8)
Failed to fetch snapshot data.
=== [batch_snapshot_v1] Data Extraction Started ===
Fetching Snapshot Data...
=== Database Connection Successful ===
Fetching Trip Data...
=== Database Connection Successful ===
Joining Snapshot and Trip Data...
Aggregating Results...
OneDrive path not found: /Users/galaxy.jang/Library/CloudStorage/OneDrive-지바이크/서비스운영본부 - 현장데이터 개발센터/results/data_extract/batch_snapshot_v1
=== [batch_snapshot_v1] Data Extraction Started ===
Fetching Snapshot Data...
=== Database Connection Successful ===
Fetching Trip Data...
=== Database Connection Successful ===
Joining Snapshot and Trip Data...
Aggregating Results...
OneDrive path not found: /Users/galaxy.jang/Library/CloudStorage/OneDrive-지바이크/서비스운영본부 - 현장데이터 개발센터/results/data_extract/batch_snapshot_v1
=== [batch_snapshot_v1] Data Extraction Started ===
Fetching Snapshot Data...
=== Database Connection Successful ===
Fetching Trip Data...
=== Database Connection Successful ===
Joining Snapshot and Trip Data...
Aggregating Results...
OneDrive path not found: /Users/galaxy.jang/Library/CloudStorage/OneDrive-지바이크/서비스운영본부 - 현장데이터 개발센터/results/data_extract/batch_snapshot_v1
=== [batch_snapshot_v1] Data Extraction Started ===
Fetching Snapshot Data...
=== Database Connection Successful ===
Fetching Trip Data...
=== Database Connection Successful ===
Joining Snapshot and Trip Data...
Aggregating Results...
OneDrive path not found: /Users/galaxy.jang/Library/CloudStorage/OneDrive-지바이크/서비스운영본부 - 현장데이터 개발센터/results/data_extract/batch_snapshot_v1
=== [batch_snapshot_v1] Data Extraction Started ===
Fetching Snapshot Data...
Error during database connection or query execution:
(pymysql.err.OperationalError) (2003, "Can't connect to MySQL server on 'live.st.rds.gbility.io' (timed out)")
(Background on this error at: https://sqlalche.me/e/20/e3q8)
Failed to fetch snapshot data.
=== [batch_snapshot_v1] Data Extraction Started ===
Fetching Snapshot Data...
Error during database connection or query execution:
(pymysql.err.OperationalError) (2003, "Can't connect to MySQL server on 'live.st.rds.gbility.io' (timed out)")
(Background on this error at: https://sqlalche.me/e/20/e3q8)
Failed to fetch snapshot data.
=== [batch_snapshot_v1] Data Extraction Started ===
Fetching Snapshot Data...
Error during database connection or query execution:
(pymysql.err.OperationalError) (2003, "Can't connect to MySQL server on 'live.st.rds.gbility.io' (timed out)")
(Background on this error at: https://sqlalche.me/e/20/e3q8)
Failed to fetch snapshot data.
=== [batch_snapshot_v1] Data Extraction Started ===
Fetching Snapshot Data...
=== Database Connection Successful ===
Fetching Trip Data...
=== Database Connection Successful ===
Joining Snapshot and Trip Data...
Aggregating Results...
OneDrive path not found: /Users/galaxy.jang/Library/CloudStorage/OneDrive-지바이크/서비스운영본부 - 현장데이터 개발센터/results/data_extract/batch_snapshot_v1
=== [batch_snapshot_v1] Data Extraction Started ===
Fetching Snapshot Data...
Error during database connection or query execution:
(pymysql.err.OperationalError) (2003, "Can't connect to MySQL server on 'live.st.rds.gbility.io' (timed out)")
(Background on this error at: https://sqlalche.me/e/20/e3q8)
Failed to fetch snapshot data.
=== [batch_snapshot_v1] Data Extraction Started ===
Fetching Snapshot Data...
=== Database Connection Successful ===
Fetching Trip Data...
=== Database Connection Successful ===
Joining Snapshot and Trip Data...
Aggregating Results...
OneDrive path not found: /Users/galaxy.jang/Library/CloudStorage/OneDrive-지바이크/서비스운영본부 - 현장데이터 개발센터/results/data_extract/batch_snapshot_v1
=== [batch_snapshot_v1] Data Extraction Started ===
Fetching Snapshot Data...
=== Database Connection Successful ===
Fetching Trip Data...
=== Database Connection Successful ===
Joining Snapshot and Trip Data...
Aggregating Results...
OneDrive path not found: /Users/galaxy.jang/Library/CloudStorage/OneDrive-지바이크/서비스운영본부 - 현장데이터 개발센터/results/data_extract/batch_snapshot_v1
=== [batch_snapshot_v1] Data Extraction Started ===
Fetching Snapshot Data...
=== Database Connection Successful ===
Fetching Trip Data...
=== Database Connection Successful ===
Joining Snapshot and Trip Data...
Aggregating Results...
OneDrive path not found: /Users/galaxy.jang/Library/CloudStorage/OneDrive-지바이크/서비스운영본부 - 현장데이터 개발센터/results/data_extract/batch_snapshot_v1
=== [batch_snapshot_v1] Data Extraction Started ===
Fetching Snapshot Data...
=== Database Connection Successful ===
Fetching Trip Data...
=== Database Connection Successful ===
Joining Snapshot and Trip Data...
Aggregating Results...
Saving Result directly to OneDrive: /Users/galaxy.jang/Library/CloudStorage/OneDrive-지바이크/서비스운영본부 - 현장데이터 개발센터/results/data_extract/batch_snapshot_v1/260722/batch_snapshot_v1_260722.xlsx...
Sending Teams Notification...
Teams Notification Result: {'status': 'error', 'message': "'NoneType' object has no attribute 'encode'"}
=== [batch_snapshot_v1] Process Completed Successfully ===
=== [batch_snapshot_v1] Data Extraction Started ===
Fetching Snapshot Data...
=== Database Connection Successful ===
Fetching Trip Data...
=== Database Connection Successful ===
Joining Snapshot and Trip Data...
Aggregating Results...
Saving Result directly to OneDrive: /Users/galaxy.jang/Library/CloudStorage/OneDrive-지바이크/서비스운영본부 - 현장데이터 개발센터/results/data_extract/batch_snapshot_v1/260723/batch_snapshot_v1_260723.xlsx...
Sending Google Chat Notification...
메시지 전송 성공: spaces/AAQAf0HeYv0/messages/jcx0SpQ3mDw.jcx0SpQ3mDw
Google Chat Notification Result: True
=== [batch_snapshot_v1] Process Completed Successfully ===
=== [batch_snapshot_v1] Data Extraction Started ===
Fetching Snapshot Data...
Error during database connection or query execution:
(pymysql.err.OperationalError) (2003, "Can't connect to MySQL server on 'live.st.rds.gbility.io' (timed out)")
(Background on this error at: https://sqlalche.me/e/20/e3q8)
Failed to fetch snapshot data.
=== [batch_snapshot_v1] Data Extraction Started ===
Fetching Snapshot Data...
Error during database connection or query execution:
(pymysql.err.OperationalError) (2003, "Can't connect to MySQL server on 'live.st.rds.gbility.io' (timed out)")
(Background on this error at: https://sqlalche.me/e/20/e3q8)
Failed to fetch snapshot data.
=== [batch_snapshot_v1] Data Extraction Started ===
Fetching Snapshot Data...
=== Database Connection Successful ===
Fetching Trip Data...
=== Database Connection Successful ===
Joining Snapshot and Trip Data...
Aggregating Results...
Saving Result directly to OneDrive: /Users/galaxy.jang/Library/CloudStorage/OneDrive-지바이크/서비스운영본부 - 현장데이터 개발센터/results/data_extract/batch_snapshot_v1/260726/batch_snapshot_v1_260726.xlsx...
Sending Google Chat Notification...
메시지 전송 성공: spaces/AAQAf0HeYv0/messages/5-snry8GPHU.5-snry8GPHU
Google Chat Notification Result: True
=== [batch_snapshot_v1] Process Completed Successfully ===
=== [batch_snapshot_v1] Data Extraction Started ===
Fetching Snapshot Data...
=== Database Connection Successful ===
Fetching Trip Data...
=== Database Connection Successful ===
Joining Snapshot and Trip Data...
Aggregating Results...
Saving Result directly to OneDrive: /Users/galaxy.jang/Library/CloudStorage/OneDrive-지바이크/서비스운영본부 - 현장데이터 개발센터/results/data_extract/batch_snapshot_v1/260727/batch_snapshot_v1_260727.xlsx...
Sending Google Chat Notification...
메시지 전송 성공: spaces/AAQAf0HeYv0/messages/w3WHLrZmt4A.w3WHLrZmt4A
Google Chat Notification Result: True
=== [batch_snapshot_v1] Process Completed Successfully ===
=== [batch_snapshot_v1] Data Extraction Started ===
Fetching Snapshot Data...
=== Database Connection Successful ===
Fetching Trip Data...
=== Database Connection Successful ===
Joining Snapshot and Trip Data...
Aggregating Results...
Saving Result directly to OneDrive: /Users/galaxy.jang/Library/CloudStorage/OneDrive-지바이크/서비스운영본부 - 현장데이터 개발센터/results/data_extract/batch_snapshot_v1/260728/batch_snapshot_v1_260728.xlsx...
Sending Google Chat Notification...
메시지 전송 성공: spaces/AAQAf0HeYv0/messages/o_u17kHD5tY.o_u17kHD5tY
Google Chat Notification Result: True
=== [batch_snapshot_v1] Process Completed Successfully ===
=== [batch_snapshot_v1] Data Extraction Started ===
Fetching Snapshot Data...
=== Database Connection Successful ===
Fetching Trip Data...
=== Database Connection Successful ===
Joining Snapshot and Trip Data...
Aggregating Results...
Saving Result directly to OneDrive: /Users/galaxy.jang/Library/CloudStorage/OneDrive-지바이크/서비스운영본부 - 현장데이터 개발센터/results/data_extract/batch_snapshot_v1/260729/batch_snapshot_v1_260729.xlsx...
Sending Google Chat Notification...
메시지 전송 성공: spaces/AAQAf0HeYv0/messages/7AkIMGb6dBI.7AkIMGb6dBI
Google Chat Notification Result: True
=== [batch_snapshot_v1] Process Completed Successfully ===
=== [batch_snapshot_v1] Data Extraction Started ===
Fetching Snapshot Data...
=== Database Connection Successful ===
Fetching Trip Data...
=== Database Connection Successful ===
Joining Snapshot and Trip Data...
Aggregating Results...
Saving Result directly to OneDrive: /Users/galaxy.jang/Library/CloudStorage/OneDrive-지바이크/서비스운영본부 - 현장데이터 개발센터/results/data_extract/batch_snapshot_v1/260730/batch_snapshot_v1_260730.xlsx...
Sending Google Chat Notification...
메시지 전송 성공: spaces/AAQAf0HeYv0/messages/rv_D6uncHVI.rv_D6uncHVI
Google Chat Notification Result: True
=== [batch_snapshot_v1] Process Completed Successfully ===
=== [batch_snapshot_v1] Data Extraction Started ===
Fetching Snapshot Data...
Error during database connection or query execution:
(pymysql.err.OperationalError) (2003, "Can't connect to MySQL server on 'live.st.rds.gbility.io' (timed out)")
(Background on this error at: https://sqlalche.me/e/20/e3q8)
Failed to fetch snapshot data.
=== [batch_snapshot_v1] Data Extraction Started ===
Fetching Snapshot Data...
Error during database connection or query execution:
(pymysql.err.OperationalError) (2003, "Can't connect to MySQL server on 'live.st.rds.gbility.io' (timed out)")
(Background on this error at: https://sqlalche.me/e/20/e3q8)
Failed to fetch snapshot data.
=== [batch_snapshot_v1] Data Extraction Started ===
Fetching Snapshot Data...
=== Database Connection Successful ===
Fetching Trip Data...
=== Database Connection Successful ===
Joining Snapshot and Trip Data...
Aggregating Results...
Saving Result directly to OneDrive: /Users/galaxy.jang/Library/CloudStorage/OneDrive-지바이크/서비스운영본부 - 현장데이터 개발센터/results/data_extract/batch_snapshot_v1/260802/batch_snapshot_v1_260802.xlsx...
Sending Google Chat Notification...
메시지 전송 성공: spaces/AAQAf0HeYv0/messages/BZLlNbtnwUE.BZLlNbtnwUE
Google Chat Notification Result: True
=== [batch_snapshot_v1] Process Completed Successfully ===
=== [batch_snapshot_v1] Data Extraction Started ===
Fetching Snapshot Data...
=== Database Connection Successful ===
Fetching Trip Data...
=== Database Connection Successful ===
Joining Snapshot and Trip Data...
Aggregating Results...
Saving Result directly to OneDrive: /Users/galaxy.jang/Library/CloudStorage/OneDrive-지바이크/서비스운영본부 - 현장데이터 개발센터/results/data_extract/batch_snapshot_v1/260802/batch_snapshot_v1_260802.xlsx...
Sending Google Chat Notification...
메시지 전송 성공: spaces/AAQAf0HeYv0/messages/9Fiqs0njLTs.9Fiqs0njLTs
Google Chat Notification Result: True
=== [batch_snapshot_v1] Process Completed Successfully ===
=== [batch_snapshot_v1] Data Extraction Started ===
Fetching Snapshot Data...
=== Database Connection Successful ===
Fetching Trip Data...
=== Database Connection Successful ===
Joining Snapshot and Trip Data...
Aggregating Results...
Saving Result directly to OneDrive: /Users/galaxy.jang/Library/CloudStorage/OneDrive-지바이크/서비스운영본부 - 현장데이터 개발센터/results/data_extract/batch_snapshot_v1/260803/batch_snapshot_v1_260803.xlsx...
Sending Google Chat Notification...
메시지 전송 성공: spaces/AAQAf0HeYv0/messages/zgT0_5JwH68.zgT0_5JwH68
Google Chat Notification Result: True
=== [batch_snapshot_v1] Process Completed Successfully ===
=== [batch_snapshot_v1] Data Extraction Started ===
Fetching Snapshot Data...
=== Database Connection Successful ===
Fetching Trip Data...
=== Database Connection Successful ===
Joining Snapshot and Trip Data...
Aggregating Results...
Saving Result directly to OneDrive: /Users/galaxy.jang/Library/CloudStorage/OneDrive-지바이크/서비스운영본부 - 현장데이터 개발센터/results/data_extract/batch_snapshot_v1/260804/batch_snapshot_v1_260804.xlsx...
Sending Google Chat Notification...
메시지 전송 성공: spaces/AAQAf0HeYv0/messages/fkyBCTcOh9k.fkyBCTcOh9k
Google Chat Notification Result: True
=== [batch_snapshot_v1] Process Completed Successfully ===
=== [batch_snapshot_v1] Data Extraction Started ===
Fetching Snapshot Data...
=== Database Connection Successful ===
Fetching Trip Data...
=== Database Connection Successful ===
Joining Snapshot and Trip Data...
Aggregating Results...
Saving Result directly to OneDrive: /Users/galaxy.jang/Library/CloudStorage/OneDrive-지바이크/서비스운영본부 - 현장데이터 개발센터/results/data_extract/batch_snapshot_v1/260805/batch_snapshot_v1_260805.xlsx...
Sending Teams Notification...
Teams Notification Result: {'status': 'error', 'message': "(535, b'5.7.8 Username and Password not accepted. For more information, go to\\n5.7.8  https://support.google.com/mail/?p=BadCredentials d9443c01a7336-2d0aa4ec8c7sm22164255ad.80 - gsmtp')"}
=== [batch_snapshot_v1] Process Completed Successfully ===
=== [batch_snapshot_v1] Data Extraction Started ===
Fetching Snapshot Data...
=== Database Connection Successful ===
Fetching Trip Data...
=== Database Connection Successful ===
Joining Snapshot and Trip Data...
Aggregating Results...
Saving Result directly to OneDrive: /Users/galaxy.jang/Library/CloudStorage/OneDrive-지바이크/서비스운영본부 - 현장데이터 개발센터/results/data_extract/batch_snapshot_v1/260806/batch_snapshot_v1_260806.xlsx...
Sending Teams Notification...
Teams Notification Result: {'status': 'error', 'message': "(535, b'5.7.8 Username and Password not accepted. For more information, go to\\n5.7.8  https://support.google.com/mail/?p=BadCredentials 98e67ed59e1d1-3925fd957cesm180248a91.6 - gsmtp')"}
=== [batch_snapshot_v1] Process Completed Successfully ===
=== [batch_snapshot_v1] Data Extraction Started ===
Fetching Snapshot Data...
Error during database connection or query execution:
(pymysql.err.OperationalError) (2003, "Can't connect to MySQL server on 'live.st.rds.gbility.io' (timed out)")
(Background on this error at: https://sqlalche.me/e/20/e3q8)
Failed to fetch snapshot data.
=== [batch_snapshot_v1] Data Extraction Started ===
Fetching Snapshot Data...
Error during database connection or query execution:
(pymysql.err.OperationalError) (2003, "Can't connect to MySQL server on 'live.st.rds.gbility.io' (timed out)")
(Background on this error at: https://sqlalche.me/e/20/e3q8)
Failed to fetch snapshot data.
=== [batch_snapshot_v1] Data Extraction Started ===
Fetching Snapshot Data...
=== Database Connection Successful ===
Fetching Trip Data...
=== Database Connection Successful ===
Joining Snapshot and Trip Data...
Aggregating Results...
Saving Result directly to OneDrive: /Users/galaxy.jang/Library/CloudStorage/OneDrive-지바이크/서비스운영본부 - 현장데이터 개발센터/results/data_extract/batch_snapshot_v1/260809/batch_snapshot_v1_260809.xlsx...
Sending Teams Notification...
Teams Notification Result: {'status': 'error', 'message': "(535, b'5.7.8 Username and Password not accepted. For more information, go to\\n5.7.8  https://support.google.com/mail/?p=BadCredentials 98e67ed59e1d1-390b31fc026sm5451095a91.3 - gsmtp')"}
=== [batch_snapshot_v1] Process Completed Successfully ===
=== [batch_snapshot_v1] Data Extraction Started ===
Fetching Snapshot Data...
=== Database Connection Successful ===
Fetching Trip Data...
=== Database Connection Successful ===
Joining Snapshot and Trip Data...
Aggregating Results...
Saving Result directly to OneDrive: /Users/galaxy.jang/Library/CloudStorage/OneDrive-지바이크/서비스운영본부 - 현장데이터 개발센터/results/data_extract/batch_snapshot_v1/260810/batch_snapshot_v1_260810.xlsx...
Sending Teams Notification...
Teams Notification Result: {'status': 'error', 'message': "(535, b'5.7.8 Username and Password not accepted. For more information, go to\\n5.7.8  https://support.google.com/mail/?p=BadCredentials 98e67ed59e1d1-392d4050557sm1393345a91.3 - gsmtp')"}
=== [batch_snapshot_v1] Process Completed Successfully ===
