2026-08-03 10:10:05 [INFO] ================ Weekly Extract Batch Start ================
2026-08-03 10:10:05 [INFO] Running extract_rich_daily_statistics.py...
총 2일 치 데이터 추출을 시작합니다.
저장 기본 경로: /Users/galaxy.jang/Google Drive/공유 드라이브/gbike.rich_daily_statistics
[2026-08-01] 데이터 추출 중...
[2026-08-01] 성공적으로 저장되었습니다. (건수: 606, 소요시간: 5.95초)
[2026-08-02] 데이터 추출 중...
[2026-08-02] 성공적으로 저장되었습니다. (건수: 606, 소요시간: 0.26초)
모든 작업이 성공적으로 완료되었습니다.
2026-08-03 10:10:05 [INFO] Running extract_deploy_spot_info.py...
[2026-08-03 10:10:12.769825] 배치존 마스터 정보 추출 시작...
[2026-08-03 10:10:14.051101] 성공적으로 저장되었습니다. (건수: 21,621, 소요시간: 1.28초)
저장 경로: /Users/galaxy.jang/Google Drive/공유 드라이브/gbike.extract_deploy_spot_info/deploy_spot_info.parquet
2026-08-03 10:10:05 [INFO] Running extract_vehicle_statistics.py...
총 2일 치 데이터 추출을 시작합니다.
저장 기본 경로: /Users/galaxy.jang/Google Drive/공유 드라이브/gbike_smartops.vehicle_statistics_data
[2026-08-01] 데이터 추출 중...
[2026-08-01] 성공적으로 저장되었습니다. (건수: 617, 소요시간: 1.07초)
[2026-08-02] 데이터 추출 중...
[2026-08-02] 성공적으로 저장되었습니다. (건수: 618, 소요시간: 0.44초)
모든 작업이 성공적으로 완료되었습니다.
2026-08-03 10:10:05 [INFO] Running extract_rich_task_statistics.py...
총 2일 치 데이터 추출을 시작합니다.
저장 기본 경로: /Users/galaxy.jang/Google Drive/공유 드라이브/gbike.rich_task_statistics
[2026-08-01] 데이터 추출 중...
[2026-08-01] 성공적으로 저장되었습니다. (건수: 68, 소요시간: 1.73초)
[2026-08-02] 데이터 추출 중...
[2026-08-02] 성공적으로 저장되었습니다. (건수: 69, 소요시간: 0.75초)
모든 작업이 성공적으로 완료되었습니다.
2026-08-03 10:10:19 [INFO] ================ Weekly Extract Batch End ================
2026-08-03 10:22:52 [INFO] ================ Weekly Extract Batch Start ================
2026-08-03 10:22:52 [INFO] Running extract_rich_daily_statistics.py...
총 2일 치 데이터 추출을 시작합니다.
저장 기본 경로: /Users/galaxy.jang/Google Drive/공유 드라이브/gbike.rich_daily_statistics
[2026-08-01] 파일이 이미 존재하여 스킵합니다: /Users/galaxy.jang/Google Drive/공유 드라이브/gbike.rich_daily_statistics/dt=2026-08-01/rich_daily_statistics_2026-08-01.parquet
[2026-08-02] 파일이 이미 존재하여 스킵합니다: /Users/galaxy.jang/Google Drive/공유 드라이브/gbike.rich_daily_statistics/dt=2026-08-02/rich_daily_statistics_2026-08-02.parquet
모든 작업이 성공적으로 완료되었습니다.
2026-08-03 10:22:52 [INFO] Running extract_deploy_spot_info.py...
[2026-08-03 10:22:53.398613] 배치존 마스터 정보 추출 시작...
[2026-08-03 10:22:55.078530] 성공적으로 저장되었습니다. (건수: 21,621, 소요시간: 1.68초)
저장 경로: /Users/galaxy.jang/Google Drive/공유 드라이브/gbike.extract_deploy_spot_info/deploy_spot_info.parquet
2026-08-03 10:22:52 [INFO] Running extract_vehicle_statistics.py...
총 2일 치 데이터 추출을 시작합니다.
저장 기본 경로: /Users/galaxy.jang/Google Drive/공유 드라이브/gbike_smartops.vehicle_statistics_data
[2026-08-01] 파일이 이미 존재하여 스킵합니다: /Users/galaxy.jang/Google Drive/공유 드라이브/gbike_smartops.vehicle_statistics_data/dt=2026-08-01/vehicle_statistics_data_2026-08-01.parquet
[2026-08-02] 파일이 이미 존재하여 스킵합니다: /Users/galaxy.jang/Google Drive/공유 드라이브/gbike_smartops.vehicle_statistics_data/dt=2026-08-02/vehicle_statistics_data_2026-08-02.parquet
모든 작업이 성공적으로 완료되었습니다.
2026-08-03 10:22:52 [INFO] Running extract_rich_task_statistics.py...
총 2일 치 데이터 추출을 시작합니다.
저장 기본 경로: /Users/galaxy.jang/Google Drive/공유 드라이브/gbike.rich_task_statistics
[2026-08-01] 파일이 이미 존재하여 스킵합니다: /Users/galaxy.jang/Google Drive/공유 드라이브/gbike.rich_task_statistics/dt=2026-08-01/rich_task_statistics_2026-08-01.parquet
[2026-08-02] 파일이 이미 존재하여 스킵합니다: /Users/galaxy.jang/Google Drive/공유 드라이브/gbike.rich_task_statistics/dt=2026-08-02/rich_task_statistics_2026-08-02.parquet
모든 작업이 성공적으로 완료되었습니다.
2026-08-03 10:22:56 [INFO] ================ Weekly Extract Batch End ================
2026-08-05 10:10:04 [INFO] ================ Weekly Extract Batch Start ================
2026-08-05 10:10:04 [INFO] Running extract_rich_daily_statistics.py...
총 4일 치 데이터 추출을 시작합니다.
저장 기본 경로: /Users/galaxy.jang/Google Drive/공유 드라이브/gbike.rich_daily_statistics
[2026-08-01] 파일이 이미 존재하여 스킵합니다: /Users/galaxy.jang/Google Drive/공유 드라이브/gbike.rich_daily_statistics/dt=2026-08-01/rich_daily_statistics_2026-08-01.parquet
[2026-08-02] 파일이 이미 존재하여 스킵합니다: /Users/galaxy.jang/Google Drive/공유 드라이브/gbike.rich_daily_statistics/dt=2026-08-02/rich_daily_statistics_2026-08-02.parquet
[2026-08-03] 데이터 추출 중...
[2026-08-03] 성공적으로 저장되었습니다. (건수: 604, 소요시간: 55.54초)
[2026-08-04] 데이터 추출 중...
[2026-08-04] 성공적으로 저장되었습니다. (건수: 606, 소요시간: 1.86초)
모든 작업이 성공적으로 완료되었습니다.
2026-08-05 10:10:04 [INFO] Running extract_deploy_spot_info.py...
[2026-08-05 10:11:02.832497] 배치존 마스터 정보 추출 시작...
[2026-08-05 10:11:11.990143] 성공적으로 저장되었습니다. (건수: 9,805, 소요시간: 9.16초)
저장 경로: /Users/galaxy.jang/Google Drive/공유 드라이브/gbike.rich_deploy_spot_info/deploy_spot_info.parquet
2026-08-05 10:10:04 [INFO] Running extract_vehicle_statistics.py...
총 4일 치 데이터 추출을 시작합니다.
저장 기본 경로: /Users/galaxy.jang/Google Drive/공유 드라이브/gbike_smartops.vehicle_statistics_data
[2026-08-01] 파일이 이미 존재하여 스킵합니다: /Users/galaxy.jang/Google Drive/공유 드라이브/gbike_smartops.vehicle_statistics_data/dt=2026-08-01/vehicle_statistics_data_2026-08-01.parquet
[2026-08-02] 파일이 이미 존재하여 스킵합니다: /Users/galaxy.jang/Google Drive/공유 드라이브/gbike_smartops.vehicle_statistics_data/dt=2026-08-02/vehicle_statistics_data_2026-08-02.parquet
[2026-08-03] 파일이 이미 존재하여 스킵합니다: /Users/galaxy.jang/Google Drive/공유 드라이브/gbike_smartops.vehicle_statistics_data/dt=2026-08-03/vehicle_statistics_data_2026-08-03.parquet
[2026-08-04] 데이터 추출 중...
[2026-08-04] 성공적으로 저장되었습니다. (건수: 615, 소요시간: 4.43초)
모든 작업이 성공적으로 완료되었습니다.
2026-08-05 10:10:04 [INFO] Running extract_rich_task_statistics.py...
총 4일 치 데이터 추출을 시작합니다.
저장 기본 경로: /Users/galaxy.jang/Google Drive/공유 드라이브/gbike.rich_task_statistics
[2026-08-01] 파일이 이미 존재하여 스킵합니다: /Users/galaxy.jang/Google Drive/공유 드라이브/gbike.rich_task_statistics/dt=2026-08-01/rich_task_statistics_2026-08-01.parquet
[2026-08-02] 파일이 이미 존재하여 스킵합니다: /Users/galaxy.jang/Google Drive/공유 드라이브/gbike.rich_task_statistics/dt=2026-08-02/rich_task_statistics_2026-08-02.parquet
[2026-08-03] 데이터 추출 중...
[2026-08-03] 성공적으로 저장되었습니다. (건수: 70, 소요시간: 4.56초)
[2026-08-04] 데이터 추출 중...
[2026-08-04] 성공적으로 저장되었습니다. (건수: 70, 소요시간: 1.97초)
모든 작업이 성공적으로 완료되었습니다.
2026-08-05 10:10:04 [INFO] Running dashboard ETL (run_etl.sh)...
[Wed Aug  5 10:11:24 KST 2026] Starting ETL Process...
Starting ETL Process...
Processing Revenue Goal...
Revenue Goal exported successfully.
Processing daily_stats from /Users/galaxy.jang/Google Drive/공유 드라이브/gbike.rich_daily_statistics to /Users/galaxy.jang/gems_build_dashboard/gems_build_dashboard/frontend/public/data/daily_stats.parquet...
Successfully processed daily_stats.
Processing deploy_spot from /Users/galaxy.jang/Google Drive/공유 드라이브/gbike.rich_deploy_spot_info to /Users/galaxy.jang/gems_build_dashboard/gems_build_dashboard/frontend/public/data/deploy_spot.parquet...
Successfully processed deploy_spot.
Processing unused_72h from /Users/galaxy.jang/Google Drive/공유 드라이브/gbike_smartops.vehicle_statistics_data to /Users/galaxy.jang/gems_build_dashboard/gems_build_dashboard/frontend/public/data/unused_72h.parquet...
Successfully processed unused_72h.
Processing task_stats from /Users/galaxy.jang/Google Drive/공유 드라이브/gbike.rich_task_statistics to /Users/galaxy.jang/gems_build_dashboard/gems_build_dashboard/frontend/public/data/task_stats.parquet...
Successfully processed task_stats.
Processing deploy_zone_usages from /Users/galaxy.jang/Google Drive/공유 드라이브/gbike.rich_deploy_zone_usages to /Users/galaxy.jang/gems_build_dashboard/gems_build_dashboard/frontend/public/data/deploy_zone_usages.parquet...
Successfully processed deploy_zone_usages.
Processing deploy_used_time from /Users/galaxy.jang/Google Drive/공유 드라이브/gbike.rich_deploy_used_time to /Users/galaxy.jang/gems_build_dashboard/gems_build_dashboard/frontend/public/data/deploy_used_time.parquet...
Successfully processed deploy_used_time.
Processing rich_orders (1 day)...
Loading rich_orders from 2026-07-08 to 2026-08-04...
Successfully processed rich_orders: /Users/galaxy.jang/gems_build_dashboard/gems_build_dashboard/frontend/public/data/orders.parquet
ETL Process Complete.
[Wed Aug  5 10:11:31 KST 2026] ETL Process Completed.
2026-08-05 10:11:31 [INFO] ================ Weekly Extract Batch End ================
