2026-07-24 16:12:51 [INFO] ================ Daily Deploy Batch Start ================
2026-07-24 16:12:51 [INFO] Virtual environment activated.
2026-07-24 16:12:51 [INFO] Running extract_rich_deploy_zone_usages.py...
총 23일 치 데이터 추출을 시작합니다.
저장 기본 경로: /Users/galaxy.jang/Google Drive/공유 드라이브/gbike.rich_deploy_zone_usages
[2026-07-01] 파일이 이미 존재하여 스킵합니다: /Users/galaxy.jang/Google Drive/공유 드라이브/gbike.rich_deploy_zone_usages/dt=2026-07-01/rich_deploy_zone_usages_2026-07-01.parquet
[2026-07-02] 파일이 이미 존재하여 스킵합니다: /Users/galaxy.jang/Google Drive/공유 드라이브/gbike.rich_deploy_zone_usages/dt=2026-07-02/rich_deploy_zone_usages_2026-07-02.parquet
[2026-07-03] 파일이 이미 존재하여 스킵합니다: /Users/galaxy.jang/Google Drive/공유 드라이브/gbike.rich_deploy_zone_usages/dt=2026-07-03/rich_deploy_zone_usages_2026-07-03.parquet
[2026-07-04] 파일이 이미 존재하여 스킵합니다: /Users/galaxy.jang/Google Drive/공유 드라이브/gbike.rich_deploy_zone_usages/dt=2026-07-04/rich_deploy_zone_usages_2026-07-04.parquet
[2026-07-05] 파일이 이미 존재하여 스킵합니다: /Users/galaxy.jang/Google Drive/공유 드라이브/gbike.rich_deploy_zone_usages/dt=2026-07-05/rich_deploy_zone_usages_2026-07-05.parquet
[2026-07-06] 파일이 이미 존재하여 스킵합니다: /Users/galaxy.jang/Google Drive/공유 드라이브/gbike.rich_deploy_zone_usages/dt=2026-07-06/rich_deploy_zone_usages_2026-07-06.parquet
[2026-07-07] 파일이 이미 존재하여 스킵합니다: /Users/galaxy.jang/Google Drive/공유 드라이브/gbike.rich_deploy_zone_usages/dt=2026-07-07/rich_deploy_zone_usages_2026-07-07.parquet
[2026-07-08] 파일이 이미 존재하여 스킵합니다: /Users/galaxy.jang/Google Drive/공유 드라이브/gbike.rich_deploy_zone_usages/dt=2026-07-08/rich_deploy_zone_usages_2026-07-08.parquet
[2026-07-09] 파일이 이미 존재하여 스킵합니다: /Users/galaxy.jang/Google Drive/공유 드라이브/gbike.rich_deploy_zone_usages/dt=2026-07-09/rich_deploy_zone_usages_2026-07-09.parquet
[2026-07-10] 파일이 이미 존재하여 스킵합니다: /Users/galaxy.jang/Google Drive/공유 드라이브/gbike.rich_deploy_zone_usages/dt=2026-07-10/rich_deploy_zone_usages_2026-07-10.parquet
[2026-07-11] 파일이 이미 존재하여 스킵합니다: /Users/galaxy.jang/Google Drive/공유 드라이브/gbike.rich_deploy_zone_usages/dt=2026-07-11/rich_deploy_zone_usages_2026-07-11.parquet
[2026-07-12] 파일이 이미 존재하여 스킵합니다: /Users/galaxy.jang/Google Drive/공유 드라이브/gbike.rich_deploy_zone_usages/dt=2026-07-12/rich_deploy_zone_usages_2026-07-12.parquet
[2026-07-13] 파일이 이미 존재하여 스킵합니다: /Users/galaxy.jang/Google Drive/공유 드라이브/gbike.rich_deploy_zone_usages/dt=2026-07-13/rich_deploy_zone_usages_2026-07-13.parquet
[2026-07-14] 파일이 이미 존재하여 스킵합니다: /Users/galaxy.jang/Google Drive/공유 드라이브/gbike.rich_deploy_zone_usages/dt=2026-07-14/rich_deploy_zone_usages_2026-07-14.parquet
[2026-07-15] 파일이 이미 존재하여 스킵합니다: /Users/galaxy.jang/Google Drive/공유 드라이브/gbike.rich_deploy_zone_usages/dt=2026-07-15/rich_deploy_zone_usages_2026-07-15.parquet
[2026-07-16] 파일이 이미 존재하여 스킵합니다: /Users/galaxy.jang/Google Drive/공유 드라이브/gbike.rich_deploy_zone_usages/dt=2026-07-16/rich_deploy_zone_usages_2026-07-16.parquet
[2026-07-17] 파일이 이미 존재하여 스킵합니다: /Users/galaxy.jang/Google Drive/공유 드라이브/gbike.rich_deploy_zone_usages/dt=2026-07-17/rich_deploy_zone_usages_2026-07-17.parquet
[2026-07-18] 파일이 이미 존재하여 스킵합니다: /Users/galaxy.jang/Google Drive/공유 드라이브/gbike.rich_deploy_zone_usages/dt=2026-07-18/rich_deploy_zone_usages_2026-07-18.parquet
[2026-07-19] 파일이 이미 존재하여 스킵합니다: /Users/galaxy.jang/Google Drive/공유 드라이브/gbike.rich_deploy_zone_usages/dt=2026-07-19/rich_deploy_zone_usages_2026-07-19.parquet
[2026-07-20] 파일이 이미 존재하여 스킵합니다: /Users/galaxy.jang/Google Drive/공유 드라이브/gbike.rich_deploy_zone_usages/dt=2026-07-20/rich_deploy_zone_usages_2026-07-20.parquet
[2026-07-21] 파일이 이미 존재하여 스킵합니다: /Users/galaxy.jang/Google Drive/공유 드라이브/gbike.rich_deploy_zone_usages/dt=2026-07-21/rich_deploy_zone_usages_2026-07-21.parquet
[2026-07-22] 파일이 이미 존재하여 스킵합니다: /Users/galaxy.jang/Google Drive/공유 드라이브/gbike.rich_deploy_zone_usages/dt=2026-07-22/rich_deploy_zone_usages_2026-07-22.parquet
[2026-07-23] 파일이 이미 존재하여 스킵합니다: /Users/galaxy.jang/Google Drive/공유 드라이브/gbike.rich_deploy_zone_usages/dt=2026-07-23/rich_deploy_zone_usages_2026-07-23.parquet
2026-07-24 16:12:52 [INFO] extract_rich_deploy_zone_usages.py completed successfully.
2026-07-24 16:12:52 [INFO] Running send_daily_deploy_report.py...
Loading data from 2026-07-10 to 2026-07-23...
[서울RS팀] 리포트 생성 중...
[서울RS팀] 구글 챗 발송 중...
메시지 전송 성공: spaces/AAQAdNEjFKk/messages/k96cHp2QkNk.k96cHp2QkNk
[강남RS팀] 리포트 생성 중...
[강남RS팀] 구글 챗 발송 중...
메시지 전송 성공: spaces/AAQA-vKFdg8/messages/VgHTd_xejIE.VgHTd_xejIE
[중앙RS팀] 리포트 생성 중...
[중앙RS팀] 구글 챗 발송 중...
메시지 전송 성공: spaces/AAQAhht23yY/messages/k9aJxvRSFv8.k9aJxvRSFv8
[경상RS팀] 리포트 생성 중...
[경상RS팀] 구글 챗 발송 중...
메시지 전송 성공: spaces/AAQAB0_sqIQ/messages/nrUevIL5pao.nrUevIL5pao
[남부RS팀] 리포트 생성 중...
[남부RS팀] 구글 챗 발송 중...
메시지 전송 성공: spaces/AAQAbxfwAtM/messages/TxYcLeaBoGY.TxYcLeaBoGY
모든 대지역 리포트 발송이 완료되었습니다.
2026-07-24 16:13:14 [INFO] send_daily_deploy_report.py completed successfully.
2026-07-24 16:13:14 [INFO] ================ Daily Deploy Batch End ================
2026-07-25 10:06:03 [INFO] ================ Daily Deploy Batch Start ================
2026-07-25 10:06:03 [INFO] Virtual environment activated.
2026-07-25 10:06:03 [INFO] Running extract_rich_deploy_zone_usages.py...
총 24일 치 데이터 추출을 시작합니다.
저장 기본 경로: /Users/galaxy.jang/Google Drive/공유 드라이브/gbike.rich_deploy_zone_usages
[2026-07-01] 파일이 이미 존재하여 스킵합니다: /Users/galaxy.jang/Google Drive/공유 드라이브/gbike.rich_deploy_zone_usages/dt=2026-07-01/rich_deploy_zone_usages_2026-07-01.parquet
[2026-07-02] 파일이 이미 존재하여 스킵합니다: /Users/galaxy.jang/Google Drive/공유 드라이브/gbike.rich_deploy_zone_usages/dt=2026-07-02/rich_deploy_zone_usages_2026-07-02.parquet
[2026-07-03] 파일이 이미 존재하여 스킵합니다: /Users/galaxy.jang/Google Drive/공유 드라이브/gbike.rich_deploy_zone_usages/dt=2026-07-03/rich_deploy_zone_usages_2026-07-03.parquet
[2026-07-04] 파일이 이미 존재하여 스킵합니다: /Users/galaxy.jang/Google Drive/공유 드라이브/gbike.rich_deploy_zone_usages/dt=2026-07-04/rich_deploy_zone_usages_2026-07-04.parquet
[2026-07-05] 파일이 이미 존재하여 스킵합니다: /Users/galaxy.jang/Google Drive/공유 드라이브/gbike.rich_deploy_zone_usages/dt=2026-07-05/rich_deploy_zone_usages_2026-07-05.parquet
[2026-07-06] 파일이 이미 존재하여 스킵합니다: /Users/galaxy.jang/Google Drive/공유 드라이브/gbike.rich_deploy_zone_usages/dt=2026-07-06/rich_deploy_zone_usages_2026-07-06.parquet
[2026-07-07] 파일이 이미 존재하여 스킵합니다: /Users/galaxy.jang/Google Drive/공유 드라이브/gbike.rich_deploy_zone_usages/dt=2026-07-07/rich_deploy_zone_usages_2026-07-07.parquet
[2026-07-08] 파일이 이미 존재하여 스킵합니다: /Users/galaxy.jang/Google Drive/공유 드라이브/gbike.rich_deploy_zone_usages/dt=2026-07-08/rich_deploy_zone_usages_2026-07-08.parquet
[2026-07-09] 파일이 이미 존재하여 스킵합니다: /Users/galaxy.jang/Google Drive/공유 드라이브/gbike.rich_deploy_zone_usages/dt=2026-07-09/rich_deploy_zone_usages_2026-07-09.parquet
[2026-07-10] 파일이 이미 존재하여 스킵합니다: /Users/galaxy.jang/Google Drive/공유 드라이브/gbike.rich_deploy_zone_usages/dt=2026-07-10/rich_deploy_zone_usages_2026-07-10.parquet
[2026-07-11] 파일이 이미 존재하여 스킵합니다: /Users/galaxy.jang/Google Drive/공유 드라이브/gbike.rich_deploy_zone_usages/dt=2026-07-11/rich_deploy_zone_usages_2026-07-11.parquet
[2026-07-12] 파일이 이미 존재하여 스킵합니다: /Users/galaxy.jang/Google Drive/공유 드라이브/gbike.rich_deploy_zone_usages/dt=2026-07-12/rich_deploy_zone_usages_2026-07-12.parquet
[2026-07-13] 파일이 이미 존재하여 스킵합니다: /Users/galaxy.jang/Google Drive/공유 드라이브/gbike.rich_deploy_zone_usages/dt=2026-07-13/rich_deploy_zone_usages_2026-07-13.parquet
[2026-07-14] 파일이 이미 존재하여 스킵합니다: /Users/galaxy.jang/Google Drive/공유 드라이브/gbike.rich_deploy_zone_usages/dt=2026-07-14/rich_deploy_zone_usages_2026-07-14.parquet
[2026-07-15] 파일이 이미 존재하여 스킵합니다: /Users/galaxy.jang/Google Drive/공유 드라이브/gbike.rich_deploy_zone_usages/dt=2026-07-15/rich_deploy_zone_usages_2026-07-15.parquet
[2026-07-16] 파일이 이미 존재하여 스킵합니다: /Users/galaxy.jang/Google Drive/공유 드라이브/gbike.rich_deploy_zone_usages/dt=2026-07-16/rich_deploy_zone_usages_2026-07-16.parquet
[2026-07-17] 파일이 이미 존재하여 스킵합니다: /Users/galaxy.jang/Google Drive/공유 드라이브/gbike.rich_deploy_zone_usages/dt=2026-07-17/rich_deploy_zone_usages_2026-07-17.parquet
[2026-07-18] 파일이 이미 존재하여 스킵합니다: /Users/galaxy.jang/Google Drive/공유 드라이브/gbike.rich_deploy_zone_usages/dt=2026-07-18/rich_deploy_zone_usages_2026-07-18.parquet
[2026-07-19] 파일이 이미 존재하여 스킵합니다: /Users/galaxy.jang/Google Drive/공유 드라이브/gbike.rich_deploy_zone_usages/dt=2026-07-19/rich_deploy_zone_usages_2026-07-19.parquet
[2026-07-20] 파일이 이미 존재하여 스킵합니다: /Users/galaxy.jang/Google Drive/공유 드라이브/gbike.rich_deploy_zone_usages/dt=2026-07-20/rich_deploy_zone_usages_2026-07-20.parquet
[2026-07-21] 파일이 이미 존재하여 스킵합니다: /Users/galaxy.jang/Google Drive/공유 드라이브/gbike.rich_deploy_zone_usages/dt=2026-07-21/rich_deploy_zone_usages_2026-07-21.parquet
[2026-07-22] 파일이 이미 존재하여 스킵합니다: /Users/galaxy.jang/Google Drive/공유 드라이브/gbike.rich_deploy_zone_usages/dt=2026-07-22/rich_deploy_zone_usages_2026-07-22.parquet
[2026-07-23] 파일이 이미 존재하여 스킵합니다: /Users/galaxy.jang/Google Drive/공유 드라이브/gbike.rich_deploy_zone_usages/dt=2026-07-23/rich_deploy_zone_usages_2026-07-23.parquet
[2026-07-24] 데이터 추출 중...
Error extracting deploy count for 2026-07-24: (pymysql.err.OperationalError) (2003, "Can't connect to MySQL server on 'live.st.rds.gbility.io' (timed out)")
(Background on this error at: https://sqlalche.me/e/20/e3q8)
Error extracting release count for 2026-07-24: (pymysql.err.OperationalError) (2003, "Can't connect to MySQL server on 'live.st.rds.gbility.io' (timed out)")
(Background on this error at: https://sqlalche.me/e/20/e3q8)
[2026-07-24] 추출된 데이터가 없습니다.
2026-07-25 10:06:25 [INFO] extract_rich_deploy_zone_usages.py completed successfully.
2026-07-25 10:06:25 [INFO] Running send_daily_deploy_report.py...
Loading data from 2026-07-11 to 2026-07-24...
[2026-07-24] 파일이 존재하지 않습니다: /Users/galaxy.jang/Google Drive/공유 드라이브/gbike.rich_deploy_zone_usages/dt=2026-07-24/rich_deploy_zone_usages_2026-07-24.parquet
[서울RS팀] 리포트 생성 중...
[서울RS팀] 구글 챗 발송 중...
메시지 전송 성공: spaces/AAQAdNEjFKk/messages/rMRf78Lad24.rMRf78Lad24
[강남RS팀] 리포트 생성 중...
[강남RS팀] 구글 챗 발송 중...
메시지 전송 성공: spaces/AAQA-vKFdg8/messages/ygQqtdvQWCg.ygQqtdvQWCg
[중앙RS팀] 리포트 생성 중...
[중앙RS팀] 구글 챗 발송 중...
메시지 전송 성공: spaces/AAQAhht23yY/messages/A-QmWd3Xv7s.A-QmWd3Xv7s
[경상RS팀] 리포트 생성 중...
[경상RS팀] 구글 챗 발송 중...
메시지 전송 성공: spaces/AAQAB0_sqIQ/messages/enlBUFR6SgQ.enlBUFR6SgQ
[남부RS팀] 리포트 생성 중...
[남부RS팀] 구글 챗 발송 중...
메시지 전송 성공: spaces/AAQAbxfwAtM/messages/TOAjTMJAaY4.TOAjTMJAaY4
모든 대지역 리포트 발송이 완료되었습니다.
2026-07-25 10:06:41 [INFO] send_daily_deploy_report.py completed successfully.
2026-07-25 10:06:41 [INFO] ================ Daily Deploy Batch End ================
2026-07-26 10:06:03 [INFO] ================ Daily Deploy Batch Start ================
2026-07-26 10:06:03 [INFO] Virtual environment activated.
2026-07-26 10:06:03 [INFO] Running extract_rich_deploy_zone_usages.py...
총 25일 치 데이터 추출을 시작합니다.
저장 기본 경로: /Users/galaxy.jang/Google Drive/공유 드라이브/gbike.rich_deploy_zone_usages
[2026-07-01] 파일이 이미 존재하여 스킵합니다: /Users/galaxy.jang/Google Drive/공유 드라이브/gbike.rich_deploy_zone_usages/dt=2026-07-01/rich_deploy_zone_usages_2026-07-01.parquet
[2026-07-02] 파일이 이미 존재하여 스킵합니다: /Users/galaxy.jang/Google Drive/공유 드라이브/gbike.rich_deploy_zone_usages/dt=2026-07-02/rich_deploy_zone_usages_2026-07-02.parquet
[2026-07-03] 파일이 이미 존재하여 스킵합니다: /Users/galaxy.jang/Google Drive/공유 드라이브/gbike.rich_deploy_zone_usages/dt=2026-07-03/rich_deploy_zone_usages_2026-07-03.parquet
[2026-07-04] 파일이 이미 존재하여 스킵합니다: /Users/galaxy.jang/Google Drive/공유 드라이브/gbike.rich_deploy_zone_usages/dt=2026-07-04/rich_deploy_zone_usages_2026-07-04.parquet
[2026-07-05] 파일이 이미 존재하여 스킵합니다: /Users/galaxy.jang/Google Drive/공유 드라이브/gbike.rich_deploy_zone_usages/dt=2026-07-05/rich_deploy_zone_usages_2026-07-05.parquet
[2026-07-06] 파일이 이미 존재하여 스킵합니다: /Users/galaxy.jang/Google Drive/공유 드라이브/gbike.rich_deploy_zone_usages/dt=2026-07-06/rich_deploy_zone_usages_2026-07-06.parquet
[2026-07-07] 파일이 이미 존재하여 스킵합니다: /Users/galaxy.jang/Google Drive/공유 드라이브/gbike.rich_deploy_zone_usages/dt=2026-07-07/rich_deploy_zone_usages_2026-07-07.parquet
[2026-07-08] 파일이 이미 존재하여 스킵합니다: /Users/galaxy.jang/Google Drive/공유 드라이브/gbike.rich_deploy_zone_usages/dt=2026-07-08/rich_deploy_zone_usages_2026-07-08.parquet
[2026-07-09] 파일이 이미 존재하여 스킵합니다: /Users/galaxy.jang/Google Drive/공유 드라이브/gbike.rich_deploy_zone_usages/dt=2026-07-09/rich_deploy_zone_usages_2026-07-09.parquet
[2026-07-10] 파일이 이미 존재하여 스킵합니다: /Users/galaxy.jang/Google Drive/공유 드라이브/gbike.rich_deploy_zone_usages/dt=2026-07-10/rich_deploy_zone_usages_2026-07-10.parquet
[2026-07-11] 파일이 이미 존재하여 스킵합니다: /Users/galaxy.jang/Google Drive/공유 드라이브/gbike.rich_deploy_zone_usages/dt=2026-07-11/rich_deploy_zone_usages_2026-07-11.parquet
[2026-07-12] 파일이 이미 존재하여 스킵합니다: /Users/galaxy.jang/Google Drive/공유 드라이브/gbike.rich_deploy_zone_usages/dt=2026-07-12/rich_deploy_zone_usages_2026-07-12.parquet
[2026-07-13] 파일이 이미 존재하여 스킵합니다: /Users/galaxy.jang/Google Drive/공유 드라이브/gbike.rich_deploy_zone_usages/dt=2026-07-13/rich_deploy_zone_usages_2026-07-13.parquet
[2026-07-14] 파일이 이미 존재하여 스킵합니다: /Users/galaxy.jang/Google Drive/공유 드라이브/gbike.rich_deploy_zone_usages/dt=2026-07-14/rich_deploy_zone_usages_2026-07-14.parquet
[2026-07-15] 파일이 이미 존재하여 스킵합니다: /Users/galaxy.jang/Google Drive/공유 드라이브/gbike.rich_deploy_zone_usages/dt=2026-07-15/rich_deploy_zone_usages_2026-07-15.parquet
[2026-07-16] 파일이 이미 존재하여 스킵합니다: /Users/galaxy.jang/Google Drive/공유 드라이브/gbike.rich_deploy_zone_usages/dt=2026-07-16/rich_deploy_zone_usages_2026-07-16.parquet
[2026-07-17] 파일이 이미 존재하여 스킵합니다: /Users/galaxy.jang/Google Drive/공유 드라이브/gbike.rich_deploy_zone_usages/dt=2026-07-17/rich_deploy_zone_usages_2026-07-17.parquet
[2026-07-18] 파일이 이미 존재하여 스킵합니다: /Users/galaxy.jang/Google Drive/공유 드라이브/gbike.rich_deploy_zone_usages/dt=2026-07-18/rich_deploy_zone_usages_2026-07-18.parquet
[2026-07-19] 파일이 이미 존재하여 스킵합니다: /Users/galaxy.jang/Google Drive/공유 드라이브/gbike.rich_deploy_zone_usages/dt=2026-07-19/rich_deploy_zone_usages_2026-07-19.parquet
[2026-07-20] 파일이 이미 존재하여 스킵합니다: /Users/galaxy.jang/Google Drive/공유 드라이브/gbike.rich_deploy_zone_usages/dt=2026-07-20/rich_deploy_zone_usages_2026-07-20.parquet
[2026-07-21] 파일이 이미 존재하여 스킵합니다: /Users/galaxy.jang/Google Drive/공유 드라이브/gbike.rich_deploy_zone_usages/dt=2026-07-21/rich_deploy_zone_usages_2026-07-21.parquet
[2026-07-22] 파일이 이미 존재하여 스킵합니다: /Users/galaxy.jang/Google Drive/공유 드라이브/gbike.rich_deploy_zone_usages/dt=2026-07-22/rich_deploy_zone_usages_2026-07-22.parquet
[2026-07-23] 파일이 이미 존재하여 스킵합니다: /Users/galaxy.jang/Google Drive/공유 드라이브/gbike.rich_deploy_zone_usages/dt=2026-07-23/rich_deploy_zone_usages_2026-07-23.parquet
[2026-07-24] 데이터 추출 중...
Error extracting deploy count for 2026-07-24: (pymysql.err.OperationalError) (2003, "Can't connect to MySQL server on 'live.st.rds.gbility.io' (timed out)")
(Background on this error at: https://sqlalche.me/e/20/e3q8)
Error extracting release count for 2026-07-24: (pymysql.err.OperationalError) (2003, "Can't connect to MySQL server on 'live.st.rds.gbility.io' (timed out)")
(Background on this error at: https://sqlalche.me/e/20/e3q8)
[2026-07-24] 추출된 데이터가 없습니다.
[2026-07-25] 데이터 추출 중...
Error extracting deploy count for 2026-07-25: (pymysql.err.OperationalError) (2003, "Can't connect to MySQL server on 'live.st.rds.gbility.io' (timed out)")
(Background on this error at: https://sqlalche.me/e/20/e3q8)
Error extracting release count for 2026-07-25: (pymysql.err.OperationalError) (2003, "Can't connect to MySQL server on 'live.st.rds.gbility.io' (timed out)")
(Background on this error at: https://sqlalche.me/e/20/e3q8)
[2026-07-25] 추출된 데이터가 없습니다.
2026-07-26 10:06:45 [INFO] extract_rich_deploy_zone_usages.py completed successfully.
2026-07-26 10:06:45 [INFO] Running send_daily_deploy_report.py...
Loading data from 2026-07-12 to 2026-07-25...
[2026-07-24] 파일이 존재하지 않습니다: /Users/galaxy.jang/Google Drive/공유 드라이브/gbike.rich_deploy_zone_usages/dt=2026-07-24/rich_deploy_zone_usages_2026-07-24.parquet
[2026-07-25] 파일이 존재하지 않습니다: /Users/galaxy.jang/Google Drive/공유 드라이브/gbike.rich_deploy_zone_usages/dt=2026-07-25/rich_deploy_zone_usages_2026-07-25.parquet
[서울RS팀] 리포트 생성 중...
[서울RS팀] 구글 챗 발송 중...
메시지 전송 성공: spaces/AAQAdNEjFKk/messages/GYmMrxLAjEQ.GYmMrxLAjEQ
[강남RS팀] 리포트 생성 중...
[강남RS팀] 구글 챗 발송 중...
메시지 전송 성공: spaces/AAQA-vKFdg8/messages/Rt2MTZicUGg.Rt2MTZicUGg
[중앙RS팀] 리포트 생성 중...
[중앙RS팀] 구글 챗 발송 중...
메시지 전송 성공: spaces/AAQAhht23yY/messages/qG3Oswil5qk.qG3Oswil5qk
[경상RS팀] 리포트 생성 중...
[경상RS팀] 구글 챗 발송 중...
메시지 전송 성공: spaces/AAQAB0_sqIQ/messages/v0M-1IsOkFg.v0M-1IsOkFg
[남부RS팀] 리포트 생성 중...
[남부RS팀] 구글 챗 발송 중...
메시지 전송 성공: spaces/AAQAbxfwAtM/messages/4h1nc0v0U3E.4h1nc0v0U3E
모든 대지역 리포트 발송이 완료되었습니다.
2026-07-26 10:07:00 [INFO] send_daily_deploy_report.py completed successfully.
2026-07-26 10:07:00 [INFO] ================ Daily Deploy Batch End ================
2026-07-27 10:06:03 [INFO] ================ Daily Deploy Batch Start ================
2026-07-27 10:06:03 [INFO] Virtual environment activated.
2026-07-27 10:06:03 [INFO] Running extract_rich_deploy_zone_usages.py...
총 26일 치 데이터 추출을 시작합니다.
저장 기본 경로: /Users/galaxy.jang/Google Drive/공유 드라이브/gbike.rich_deploy_zone_usages
[2026-07-01] 파일이 이미 존재하여 스킵합니다: /Users/galaxy.jang/Google Drive/공유 드라이브/gbike.rich_deploy_zone_usages/dt=2026-07-01/rich_deploy_zone_usages_2026-07-01.parquet
[2026-07-02] 파일이 이미 존재하여 스킵합니다: /Users/galaxy.jang/Google Drive/공유 드라이브/gbike.rich_deploy_zone_usages/dt=2026-07-02/rich_deploy_zone_usages_2026-07-02.parquet
[2026-07-03] 파일이 이미 존재하여 스킵합니다: /Users/galaxy.jang/Google Drive/공유 드라이브/gbike.rich_deploy_zone_usages/dt=2026-07-03/rich_deploy_zone_usages_2026-07-03.parquet
[2026-07-04] 파일이 이미 존재하여 스킵합니다: /Users/galaxy.jang/Google Drive/공유 드라이브/gbike.rich_deploy_zone_usages/dt=2026-07-04/rich_deploy_zone_usages_2026-07-04.parquet
[2026-07-05] 파일이 이미 존재하여 스킵합니다: /Users/galaxy.jang/Google Drive/공유 드라이브/gbike.rich_deploy_zone_usages/dt=2026-07-05/rich_deploy_zone_usages_2026-07-05.parquet
[2026-07-06] 파일이 이미 존재하여 스킵합니다: /Users/galaxy.jang/Google Drive/공유 드라이브/gbike.rich_deploy_zone_usages/dt=2026-07-06/rich_deploy_zone_usages_2026-07-06.parquet
[2026-07-07] 파일이 이미 존재하여 스킵합니다: /Users/galaxy.jang/Google Drive/공유 드라이브/gbike.rich_deploy_zone_usages/dt=2026-07-07/rich_deploy_zone_usages_2026-07-07.parquet
[2026-07-08] 파일이 이미 존재하여 스킵합니다: /Users/galaxy.jang/Google Drive/공유 드라이브/gbike.rich_deploy_zone_usages/dt=2026-07-08/rich_deploy_zone_usages_2026-07-08.parquet
[2026-07-09] 파일이 이미 존재하여 스킵합니다: /Users/galaxy.jang/Google Drive/공유 드라이브/gbike.rich_deploy_zone_usages/dt=2026-07-09/rich_deploy_zone_usages_2026-07-09.parquet
[2026-07-10] 파일이 이미 존재하여 스킵합니다: /Users/galaxy.jang/Google Drive/공유 드라이브/gbike.rich_deploy_zone_usages/dt=2026-07-10/rich_deploy_zone_usages_2026-07-10.parquet
[2026-07-11] 파일이 이미 존재하여 스킵합니다: /Users/galaxy.jang/Google Drive/공유 드라이브/gbike.rich_deploy_zone_usages/dt=2026-07-11/rich_deploy_zone_usages_2026-07-11.parquet
[2026-07-12] 파일이 이미 존재하여 스킵합니다: /Users/galaxy.jang/Google Drive/공유 드라이브/gbike.rich_deploy_zone_usages/dt=2026-07-12/rich_deploy_zone_usages_2026-07-12.parquet
[2026-07-13] 파일이 이미 존재하여 스킵합니다: /Users/galaxy.jang/Google Drive/공유 드라이브/gbike.rich_deploy_zone_usages/dt=2026-07-13/rich_deploy_zone_usages_2026-07-13.parquet
[2026-07-14] 파일이 이미 존재하여 스킵합니다: /Users/galaxy.jang/Google Drive/공유 드라이브/gbike.rich_deploy_zone_usages/dt=2026-07-14/rich_deploy_zone_usages_2026-07-14.parquet
[2026-07-15] 파일이 이미 존재하여 스킵합니다: /Users/galaxy.jang/Google Drive/공유 드라이브/gbike.rich_deploy_zone_usages/dt=2026-07-15/rich_deploy_zone_usages_2026-07-15.parquet
[2026-07-16] 파일이 이미 존재하여 스킵합니다: /Users/galaxy.jang/Google Drive/공유 드라이브/gbike.rich_deploy_zone_usages/dt=2026-07-16/rich_deploy_zone_usages_2026-07-16.parquet
[2026-07-17] 파일이 이미 존재하여 스킵합니다: /Users/galaxy.jang/Google Drive/공유 드라이브/gbike.rich_deploy_zone_usages/dt=2026-07-17/rich_deploy_zone_usages_2026-07-17.parquet
[2026-07-18] 파일이 이미 존재하여 스킵합니다: /Users/galaxy.jang/Google Drive/공유 드라이브/gbike.rich_deploy_zone_usages/dt=2026-07-18/rich_deploy_zone_usages_2026-07-18.parquet
[2026-07-19] 파일이 이미 존재하여 스킵합니다: /Users/galaxy.jang/Google Drive/공유 드라이브/gbike.rich_deploy_zone_usages/dt=2026-07-19/rich_deploy_zone_usages_2026-07-19.parquet
[2026-07-20] 파일이 이미 존재하여 스킵합니다: /Users/galaxy.jang/Google Drive/공유 드라이브/gbike.rich_deploy_zone_usages/dt=2026-07-20/rich_deploy_zone_usages_2026-07-20.parquet
[2026-07-21] 파일이 이미 존재하여 스킵합니다: /Users/galaxy.jang/Google Drive/공유 드라이브/gbike.rich_deploy_zone_usages/dt=2026-07-21/rich_deploy_zone_usages_2026-07-21.parquet
[2026-07-22] 파일이 이미 존재하여 스킵합니다: /Users/galaxy.jang/Google Drive/공유 드라이브/gbike.rich_deploy_zone_usages/dt=2026-07-22/rich_deploy_zone_usages_2026-07-22.parquet
[2026-07-23] 파일이 이미 존재하여 스킵합니다: /Users/galaxy.jang/Google Drive/공유 드라이브/gbike.rich_deploy_zone_usages/dt=2026-07-23/rich_deploy_zone_usages_2026-07-23.parquet
[2026-07-24] 데이터 추출 중...
[2026-07-24] 성공적으로 저장되었습니다. (건수: 12,415, 소요시간: 84.25초)
[2026-07-25] 데이터 추출 중...
[2026-07-25] 성공적으로 저장되었습니다. (건수: 11,594, 소요시간: 19.17초)
[2026-07-26] 데이터 추출 중...
[2026-07-26] 성공적으로 저장되었습니다. (건수: 10,765, 소요시간: 19.37초)
2026-07-27 10:08:07 [INFO] extract_rich_deploy_zone_usages.py completed successfully.
2026-07-27 10:08:07 [INFO] Running send_daily_deploy_report.py...
Loading data from 2026-07-13 to 2026-07-26...
[서울RS팀] 리포트 생성 중...
[서울RS팀] 구글 챗 발송 중...
메시지 전송 성공: spaces/AAQAdNEjFKk/messages/ZRtX9opbBN8.ZRtX9opbBN8
[강남RS팀] 리포트 생성 중...
[강남RS팀] 구글 챗 발송 중...
메시지 전송 성공: spaces/AAQA-vKFdg8/messages/PCr2ChMkzno.PCr2ChMkzno
[중앙RS팀] 리포트 생성 중...
[중앙RS팀] 구글 챗 발송 중...
메시지 전송 성공: spaces/AAQAhht23yY/messages/cR52LRm44hg.cR52LRm44hg
[경상RS팀] 리포트 생성 중...
[경상RS팀] 구글 챗 발송 중...
메시지 전송 성공: spaces/AAQAB0_sqIQ/messages/UkWI7vzVQds.UkWI7vzVQds
[남부RS팀] 리포트 생성 중...
[남부RS팀] 구글 챗 발송 중...
메시지 전송 성공: spaces/AAQAbxfwAtM/messages/0-r0XeRTNYk.0-r0XeRTNYk
모든 대지역 리포트 발송이 완료되었습니다.
2026-07-27 10:08:21 [INFO] send_daily_deploy_report.py completed successfully.
2026-07-27 10:08:21 [INFO] ================ Daily Deploy Batch End ================
2026-07-28 10:06:03 [INFO] ================ Daily Deploy Batch Start ================
2026-07-28 10:06:03 [INFO] Virtual environment activated.
2026-07-28 10:06:03 [INFO] Running extract_rich_deploy_zone_usages.py...
총 27일 치 데이터 추출을 시작합니다.
저장 기본 경로: /Users/galaxy.jang/Google Drive/공유 드라이브/gbike.rich_deploy_zone_usages
[2026-07-01] 파일이 이미 존재하여 스킵합니다: /Users/galaxy.jang/Google Drive/공유 드라이브/gbike.rich_deploy_zone_usages/dt=2026-07-01/rich_deploy_zone_usages_2026-07-01.parquet
[2026-07-02] 파일이 이미 존재하여 스킵합니다: /Users/galaxy.jang/Google Drive/공유 드라이브/gbike.rich_deploy_zone_usages/dt=2026-07-02/rich_deploy_zone_usages_2026-07-02.parquet
[2026-07-03] 파일이 이미 존재하여 스킵합니다: /Users/galaxy.jang/Google Drive/공유 드라이브/gbike.rich_deploy_zone_usages/dt=2026-07-03/rich_deploy_zone_usages_2026-07-03.parquet
[2026-07-04] 파일이 이미 존재하여 스킵합니다: /Users/galaxy.jang/Google Drive/공유 드라이브/gbike.rich_deploy_zone_usages/dt=2026-07-04/rich_deploy_zone_usages_2026-07-04.parquet
[2026-07-05] 파일이 이미 존재하여 스킵합니다: /Users/galaxy.jang/Google Drive/공유 드라이브/gbike.rich_deploy_zone_usages/dt=2026-07-05/rich_deploy_zone_usages_2026-07-05.parquet
[2026-07-06] 파일이 이미 존재하여 스킵합니다: /Users/galaxy.jang/Google Drive/공유 드라이브/gbike.rich_deploy_zone_usages/dt=2026-07-06/rich_deploy_zone_usages_2026-07-06.parquet
[2026-07-07] 파일이 이미 존재하여 스킵합니다: /Users/galaxy.jang/Google Drive/공유 드라이브/gbike.rich_deploy_zone_usages/dt=2026-07-07/rich_deploy_zone_usages_2026-07-07.parquet
[2026-07-08] 파일이 이미 존재하여 스킵합니다: /Users/galaxy.jang/Google Drive/공유 드라이브/gbike.rich_deploy_zone_usages/dt=2026-07-08/rich_deploy_zone_usages_2026-07-08.parquet
[2026-07-09] 파일이 이미 존재하여 스킵합니다: /Users/galaxy.jang/Google Drive/공유 드라이브/gbike.rich_deploy_zone_usages/dt=2026-07-09/rich_deploy_zone_usages_2026-07-09.parquet
[2026-07-10] 파일이 이미 존재하여 스킵합니다: /Users/galaxy.jang/Google Drive/공유 드라이브/gbike.rich_deploy_zone_usages/dt=2026-07-10/rich_deploy_zone_usages_2026-07-10.parquet
[2026-07-11] 파일이 이미 존재하여 스킵합니다: /Users/galaxy.jang/Google Drive/공유 드라이브/gbike.rich_deploy_zone_usages/dt=2026-07-11/rich_deploy_zone_usages_2026-07-11.parquet
[2026-07-12] 파일이 이미 존재하여 스킵합니다: /Users/galaxy.jang/Google Drive/공유 드라이브/gbike.rich_deploy_zone_usages/dt=2026-07-12/rich_deploy_zone_usages_2026-07-12.parquet
[2026-07-13] 파일이 이미 존재하여 스킵합니다: /Users/galaxy.jang/Google Drive/공유 드라이브/gbike.rich_deploy_zone_usages/dt=2026-07-13/rich_deploy_zone_usages_2026-07-13.parquet
[2026-07-14] 파일이 이미 존재하여 스킵합니다: /Users/galaxy.jang/Google Drive/공유 드라이브/gbike.rich_deploy_zone_usages/dt=2026-07-14/rich_deploy_zone_usages_2026-07-14.parquet
[2026-07-15] 파일이 이미 존재하여 스킵합니다: /Users/galaxy.jang/Google Drive/공유 드라이브/gbike.rich_deploy_zone_usages/dt=2026-07-15/rich_deploy_zone_usages_2026-07-15.parquet
[2026-07-16] 파일이 이미 존재하여 스킵합니다: /Users/galaxy.jang/Google Drive/공유 드라이브/gbike.rich_deploy_zone_usages/dt=2026-07-16/rich_deploy_zone_usages_2026-07-16.parquet
[2026-07-17] 파일이 이미 존재하여 스킵합니다: /Users/galaxy.jang/Google Drive/공유 드라이브/gbike.rich_deploy_zone_usages/dt=2026-07-17/rich_deploy_zone_usages_2026-07-17.parquet
[2026-07-18] 파일이 이미 존재하여 스킵합니다: /Users/galaxy.jang/Google Drive/공유 드라이브/gbike.rich_deploy_zone_usages/dt=2026-07-18/rich_deploy_zone_usages_2026-07-18.parquet
[2026-07-19] 파일이 이미 존재하여 스킵합니다: /Users/galaxy.jang/Google Drive/공유 드라이브/gbike.rich_deploy_zone_usages/dt=2026-07-19/rich_deploy_zone_usages_2026-07-19.parquet
[2026-07-20] 파일이 이미 존재하여 스킵합니다: /Users/galaxy.jang/Google Drive/공유 드라이브/gbike.rich_deploy_zone_usages/dt=2026-07-20/rich_deploy_zone_usages_2026-07-20.parquet
[2026-07-21] 파일이 이미 존재하여 스킵합니다: /Users/galaxy.jang/Google Drive/공유 드라이브/gbike.rich_deploy_zone_usages/dt=2026-07-21/rich_deploy_zone_usages_2026-07-21.parquet
[2026-07-22] 파일이 이미 존재하여 스킵합니다: /Users/galaxy.jang/Google Drive/공유 드라이브/gbike.rich_deploy_zone_usages/dt=2026-07-22/rich_deploy_zone_usages_2026-07-22.parquet
[2026-07-23] 파일이 이미 존재하여 스킵합니다: /Users/galaxy.jang/Google Drive/공유 드라이브/gbike.rich_deploy_zone_usages/dt=2026-07-23/rich_deploy_zone_usages_2026-07-23.parquet
[2026-07-24] 파일이 이미 존재하여 스킵합니다: /Users/galaxy.jang/Google Drive/공유 드라이브/gbike.rich_deploy_zone_usages/dt=2026-07-24/rich_deploy_zone_usages_2026-07-24.parquet
[2026-07-25] 파일이 이미 존재하여 스킵합니다: /Users/galaxy.jang/Google Drive/공유 드라이브/gbike.rich_deploy_zone_usages/dt=2026-07-25/rich_deploy_zone_usages_2026-07-25.parquet
[2026-07-26] 파일이 이미 존재하여 스킵합니다: /Users/galaxy.jang/Google Drive/공유 드라이브/gbike.rich_deploy_zone_usages/dt=2026-07-26/rich_deploy_zone_usages_2026-07-26.parquet
[2026-07-27] 데이터 추출 중...
[2026-07-27] 성공적으로 저장되었습니다. (건수: 11,980, 소요시간: 124.66초)
2026-07-28 10:08:08 [INFO] extract_rich_deploy_zone_usages.py completed successfully.
2026-07-28 10:08:08 [INFO] Running send_daily_deploy_report.py...
Loading data from 2026-07-14 to 2026-07-27...
[서울RS팀] 리포트 생성 중...
[서울RS팀] 구글 챗 발송 중...
메시지 전송 성공: spaces/AAQAdNEjFKk/messages/CzUIHegPMqw.CzUIHegPMqw
[강남RS팀] 리포트 생성 중...
[강남RS팀] 구글 챗 발송 중...
메시지 전송 성공: spaces/AAQA-vKFdg8/messages/yU6wgzqWeZg.yU6wgzqWeZg
[중앙RS팀] 리포트 생성 중...
[중앙RS팀] 구글 챗 발송 중...
메시지 전송 성공: spaces/AAQAhht23yY/messages/MDuah8GgR9Q.MDuah8GgR9Q
[경상RS팀] 리포트 생성 중...
[경상RS팀] 구글 챗 발송 중...
메시지 전송 성공: spaces/AAQAB0_sqIQ/messages/9TBofW3sbsU.9TBofW3sbsU
[남부RS팀] 리포트 생성 중...
[남부RS팀] 구글 챗 발송 중...
메시지 전송 성공: spaces/AAQAbxfwAtM/messages/9vvgYJq-ZDw.9vvgYJq-ZDw
모든 대지역 리포트 발송이 완료되었습니다.
2026-07-28 10:08:23 [INFO] send_daily_deploy_report.py completed successfully.
2026-07-28 10:08:23 [INFO] ================ Daily Deploy Batch End ================
2026-07-29 10:06:03 [INFO] ================ Daily Deploy Batch Start ================
2026-07-29 10:06:03 [INFO] Virtual environment activated.
2026-07-29 10:06:03 [INFO] Running extract_rich_deploy_zone_usages.py...
총 28일 치 데이터 추출을 시작합니다.
저장 기본 경로: /Users/galaxy.jang/Google Drive/공유 드라이브/gbike.rich_deploy_zone_usages
[2026-07-01] 파일이 이미 존재하여 스킵합니다: /Users/galaxy.jang/Google Drive/공유 드라이브/gbike.rich_deploy_zone_usages/dt=2026-07-01/rich_deploy_zone_usages_2026-07-01.parquet
[2026-07-02] 파일이 이미 존재하여 스킵합니다: /Users/galaxy.jang/Google Drive/공유 드라이브/gbike.rich_deploy_zone_usages/dt=2026-07-02/rich_deploy_zone_usages_2026-07-02.parquet
[2026-07-03] 파일이 이미 존재하여 스킵합니다: /Users/galaxy.jang/Google Drive/공유 드라이브/gbike.rich_deploy_zone_usages/dt=2026-07-03/rich_deploy_zone_usages_2026-07-03.parquet
[2026-07-04] 파일이 이미 존재하여 스킵합니다: /Users/galaxy.jang/Google Drive/공유 드라이브/gbike.rich_deploy_zone_usages/dt=2026-07-04/rich_deploy_zone_usages_2026-07-04.parquet
[2026-07-05] 파일이 이미 존재하여 스킵합니다: /Users/galaxy.jang/Google Drive/공유 드라이브/gbike.rich_deploy_zone_usages/dt=2026-07-05/rich_deploy_zone_usages_2026-07-05.parquet
[2026-07-06] 파일이 이미 존재하여 스킵합니다: /Users/galaxy.jang/Google Drive/공유 드라이브/gbike.rich_deploy_zone_usages/dt=2026-07-06/rich_deploy_zone_usages_2026-07-06.parquet
[2026-07-07] 파일이 이미 존재하여 스킵합니다: /Users/galaxy.jang/Google Drive/공유 드라이브/gbike.rich_deploy_zone_usages/dt=2026-07-07/rich_deploy_zone_usages_2026-07-07.parquet
[2026-07-08] 파일이 이미 존재하여 스킵합니다: /Users/galaxy.jang/Google Drive/공유 드라이브/gbike.rich_deploy_zone_usages/dt=2026-07-08/rich_deploy_zone_usages_2026-07-08.parquet
[2026-07-09] 파일이 이미 존재하여 스킵합니다: /Users/galaxy.jang/Google Drive/공유 드라이브/gbike.rich_deploy_zone_usages/dt=2026-07-09/rich_deploy_zone_usages_2026-07-09.parquet
[2026-07-10] 파일이 이미 존재하여 스킵합니다: /Users/galaxy.jang/Google Drive/공유 드라이브/gbike.rich_deploy_zone_usages/dt=2026-07-10/rich_deploy_zone_usages_2026-07-10.parquet
[2026-07-11] 파일이 이미 존재하여 스킵합니다: /Users/galaxy.jang/Google Drive/공유 드라이브/gbike.rich_deploy_zone_usages/dt=2026-07-11/rich_deploy_zone_usages_2026-07-11.parquet
[2026-07-12] 파일이 이미 존재하여 스킵합니다: /Users/galaxy.jang/Google Drive/공유 드라이브/gbike.rich_deploy_zone_usages/dt=2026-07-12/rich_deploy_zone_usages_2026-07-12.parquet
[2026-07-13] 파일이 이미 존재하여 스킵합니다: /Users/galaxy.jang/Google Drive/공유 드라이브/gbike.rich_deploy_zone_usages/dt=2026-07-13/rich_deploy_zone_usages_2026-07-13.parquet
[2026-07-14] 파일이 이미 존재하여 스킵합니다: /Users/galaxy.jang/Google Drive/공유 드라이브/gbike.rich_deploy_zone_usages/dt=2026-07-14/rich_deploy_zone_usages_2026-07-14.parquet
[2026-07-15] 파일이 이미 존재하여 스킵합니다: /Users/galaxy.jang/Google Drive/공유 드라이브/gbike.rich_deploy_zone_usages/dt=2026-07-15/rich_deploy_zone_usages_2026-07-15.parquet
[2026-07-16] 파일이 이미 존재하여 스킵합니다: /Users/galaxy.jang/Google Drive/공유 드라이브/gbike.rich_deploy_zone_usages/dt=2026-07-16/rich_deploy_zone_usages_2026-07-16.parquet
[2026-07-17] 파일이 이미 존재하여 스킵합니다: /Users/galaxy.jang/Google Drive/공유 드라이브/gbike.rich_deploy_zone_usages/dt=2026-07-17/rich_deploy_zone_usages_2026-07-17.parquet
[2026-07-18] 파일이 이미 존재하여 스킵합니다: /Users/galaxy.jang/Google Drive/공유 드라이브/gbike.rich_deploy_zone_usages/dt=2026-07-18/rich_deploy_zone_usages_2026-07-18.parquet
[2026-07-19] 파일이 이미 존재하여 스킵합니다: /Users/galaxy.jang/Google Drive/공유 드라이브/gbike.rich_deploy_zone_usages/dt=2026-07-19/rich_deploy_zone_usages_2026-07-19.parquet
[2026-07-20] 파일이 이미 존재하여 스킵합니다: /Users/galaxy.jang/Google Drive/공유 드라이브/gbike.rich_deploy_zone_usages/dt=2026-07-20/rich_deploy_zone_usages_2026-07-20.parquet
[2026-07-21] 파일이 이미 존재하여 스킵합니다: /Users/galaxy.jang/Google Drive/공유 드라이브/gbike.rich_deploy_zone_usages/dt=2026-07-21/rich_deploy_zone_usages_2026-07-21.parquet
[2026-07-22] 파일이 이미 존재하여 스킵합니다: /Users/galaxy.jang/Google Drive/공유 드라이브/gbike.rich_deploy_zone_usages/dt=2026-07-22/rich_deploy_zone_usages_2026-07-22.parquet
[2026-07-23] 파일이 이미 존재하여 스킵합니다: /Users/galaxy.jang/Google Drive/공유 드라이브/gbike.rich_deploy_zone_usages/dt=2026-07-23/rich_deploy_zone_usages_2026-07-23.parquet
[2026-07-24] 파일이 이미 존재하여 스킵합니다: /Users/galaxy.jang/Google Drive/공유 드라이브/gbike.rich_deploy_zone_usages/dt=2026-07-24/rich_deploy_zone_usages_2026-07-24.parquet
[2026-07-25] 파일이 이미 존재하여 스킵합니다: /Users/galaxy.jang/Google Drive/공유 드라이브/gbike.rich_deploy_zone_usages/dt=2026-07-25/rich_deploy_zone_usages_2026-07-25.parquet
[2026-07-26] 파일이 이미 존재하여 스킵합니다: /Users/galaxy.jang/Google Drive/공유 드라이브/gbike.rich_deploy_zone_usages/dt=2026-07-26/rich_deploy_zone_usages_2026-07-26.parquet
[2026-07-27] 파일이 이미 존재하여 스킵합니다: /Users/galaxy.jang/Google Drive/공유 드라이브/gbike.rich_deploy_zone_usages/dt=2026-07-27/rich_deploy_zone_usages_2026-07-27.parquet
[2026-07-28] 데이터 추출 중...
[2026-07-28] 성공적으로 저장되었습니다. (건수: 12,216, 소요시간: 96.22초)
2026-07-29 10:07:40 [INFO] extract_rich_deploy_zone_usages.py completed successfully.
2026-07-29 10:07:40 [INFO] Running extract_rich_deploy_used_time.py...
작업 기간: 2026-07-24 ~ 2026-07-28 (총 5일)
저장 기본 경로: /Users/galaxy.jang/Google Drive/공유 드라이브/gbike.rich_deploy_used_time
[2026-07-24] 파일이 이미 존재하여 스킵합니다: /Users/galaxy.jang/Google Drive/공유 드라이브/gbike.rich_deploy_used_time/dt=2026-07-24/rich_deploy_used_time_2026-07-24.parquet
[2026-07-25] 파일이 이미 존재하여 스킵합니다: /Users/galaxy.jang/Google Drive/공유 드라이브/gbike.rich_deploy_used_time/dt=2026-07-25/rich_deploy_used_time_2026-07-25.parquet
[2026-07-26] 파일이 이미 존재하여 스킵합니다: /Users/galaxy.jang/Google Drive/공유 드라이브/gbike.rich_deploy_used_time/dt=2026-07-26/rich_deploy_used_time_2026-07-26.parquet
[2026-07-27] 파일이 이미 존재하여 스킵합니다: /Users/galaxy.jang/Google Drive/공유 드라이브/gbike.rich_deploy_used_time/dt=2026-07-27/rich_deploy_used_time_2026-07-27.parquet
[2026-07-28] 데이터 추출 중...
[2026-07-28] 성공적으로 저장되었습니다. (건수: 27,102, 소요시간: 9.83초)
모든 작업이 성공적으로 완료되었습니다.
2026-07-29 10:07:51 [INFO] extract_rich_deploy_used_time.py completed successfully.
2026-07-29 10:07:51 [INFO] Running extract_rich_deploy_by_time.py...
작업 기간: 2026-07-24 ~ 2026-07-28 (총 5일)
저장 기본 경로: /Users/galaxy.jang/Google Drive/공유 드라이브/gbike.rich_deploy_by_time
[2026-07-24] 파일이 이미 존재하여 스킵합니다: /Users/galaxy.jang/Google Drive/공유 드라이브/gbike.rich_deploy_by_time/dt=2026-07-24/rich_deploy_by_time_2026-07-24.parquet
[2026-07-25] 파일이 이미 존재하여 스킵합니다: /Users/galaxy.jang/Google Drive/공유 드라이브/gbike.rich_deploy_by_time/dt=2026-07-25/rich_deploy_by_time_2026-07-25.parquet
[2026-07-26] 파일이 이미 존재하여 스킵합니다: /Users/galaxy.jang/Google Drive/공유 드라이브/gbike.rich_deploy_by_time/dt=2026-07-26/rich_deploy_by_time_2026-07-26.parquet
[2026-07-27] 파일이 이미 존재하여 스킵합니다: /Users/galaxy.jang/Google Drive/공유 드라이브/gbike.rich_deploy_by_time/dt=2026-07-27/rich_deploy_by_time_2026-07-27.parquet
[2026-07-28] 데이터 추출 중...
[2026-07-28] 성공적으로 저장되었습니다. (건수: 48,702, 소요시간: 17.84초)
모든 작업이 성공적으로 완료되었습니다.
2026-07-29 10:08:09 [INFO] extract_rich_deploy_by_time.py completed successfully.
2026-07-29 10:08:09 [INFO] Running update_tableau_obp_csv.py...
작업 기간: 2026-07-24 ~ 2026-07-28
신규 데이터 로드 중...
기존 CSV 파일 로드 중: /Users/galaxy.jang/Google Drive/공유 드라이브/gbike.rich_deploy_zone_usages/tableau/OBP(출루율).csv
겹치는 기간(2026-07-24~2026-07-28)의 기존 데이터 0건을 제외(대체)합니다.
CSV 저장 중 (총 248965건)...
작업이 완료되었습니다.
2026-07-29 10:08:10 [INFO] update_tableau_obp_csv.py completed successfully.
2026-07-29 10:08:10 [INFO] Running update_tableau_used_time_csv.py...
작업 기간: 2026-07-24 ~ 2026-07-28
신규 데이터 로드 중...
기존 CSV 파일 로드 중: /Users/galaxy.jang/Google Drive/공유 드라이브/gbike.rich_deploy_used_time/tableau/used_time(출루까지시간).csv
겹치는 기간(2026-07-24~2026-07-28)의 기존 데이터 105006건을 제외(대체)합니다.
CSV 저장 중 (총 4702320건)...
작업이 완료되었습니다.
2026-07-29 10:08:32 [INFO] update_tableau_used_time_csv.py completed successfully.
2026-07-29 10:08:32 [INFO] Running update_tableau_by_time_csv.py...
작업 기간: 2026-07-24 ~ 2026-07-28
신규 데이터 로드 중...
기존 CSV 파일 로드 중: /Users/galaxy.jang/Google Drive/공유 드라이브/gbike.rich_deploy_by_time/tableau/by_time(시간대별).csv
겹치는 기간(2026-07-24~2026-07-28)의 기존 데이터 182617건을 제외(대체)합니다.
CSV 저장 중 (총 5073522건)...
작업이 완료되었습니다.
2026-07-29 10:08:56 [INFO] update_tableau_by_time_csv.py completed successfully.
2026-07-29 10:08:56 [INFO] Running send_daily_deploy_report.py...
Loading data from 2026-07-15 to 2026-07-28...
[서울RS팀] 리포트 생성 중...
[서울RS팀] 구글 챗 발송 중...
메시지 전송 성공: spaces/AAQAdNEjFKk/messages/fYoDRaTTX3Q.fYoDRaTTX3Q
[강남RS팀] 리포트 생성 중...
[강남RS팀] 구글 챗 발송 중...
메시지 전송 성공: spaces/AAQA-vKFdg8/messages/gtnK6j8R15A.gtnK6j8R15A
[중앙RS팀] 리포트 생성 중...
[중앙RS팀] 구글 챗 발송 중...
메시지 전송 성공: spaces/AAQAhht23yY/messages/VVBhifk3vP4.VVBhifk3vP4
[경상RS팀] 리포트 생성 중...
[경상RS팀] 구글 챗 발송 중...
메시지 전송 성공: spaces/AAQAB0_sqIQ/messages/tfGLDvbPpNg.tfGLDvbPpNg
[남부RS팀] 리포트 생성 중...
[남부RS팀] 구글 챗 발송 중...
메시지 전송 성공: spaces/AAQAbxfwAtM/messages/uewWiHBefqI.uewWiHBefqI
모든 대지역 리포트 발송이 완료되었습니다.
2026-07-29 10:09:10 [INFO] send_daily_deploy_report.py completed successfully.
2026-07-29 10:09:10 [INFO] ================ Daily Deploy Batch End ================
2026-07-30 10:06:02 [INFO] ================ Daily Deploy Batch Start ================
2026-07-30 10:06:02 [INFO] Virtual environment activated.
2026-07-30 10:06:02 [INFO] Running extract_rich_deploy_zone_usages.py...
총 29일 치 데이터 추출을 시작합니다.
저장 기본 경로: /Users/galaxy.jang/Google Drive/공유 드라이브/gbike.rich_deploy_zone_usages
[2026-07-01] 파일이 이미 존재하여 스킵합니다: /Users/galaxy.jang/Google Drive/공유 드라이브/gbike.rich_deploy_zone_usages/dt=2026-07-01/rich_deploy_zone_usages_2026-07-01.parquet
[2026-07-02] 파일이 이미 존재하여 스킵합니다: /Users/galaxy.jang/Google Drive/공유 드라이브/gbike.rich_deploy_zone_usages/dt=2026-07-02/rich_deploy_zone_usages_2026-07-02.parquet
[2026-07-03] 파일이 이미 존재하여 스킵합니다: /Users/galaxy.jang/Google Drive/공유 드라이브/gbike.rich_deploy_zone_usages/dt=2026-07-03/rich_deploy_zone_usages_2026-07-03.parquet
[2026-07-04] 파일이 이미 존재하여 스킵합니다: /Users/galaxy.jang/Google Drive/공유 드라이브/gbike.rich_deploy_zone_usages/dt=2026-07-04/rich_deploy_zone_usages_2026-07-04.parquet
[2026-07-05] 파일이 이미 존재하여 스킵합니다: /Users/galaxy.jang/Google Drive/공유 드라이브/gbike.rich_deploy_zone_usages/dt=2026-07-05/rich_deploy_zone_usages_2026-07-05.parquet
[2026-07-06] 파일이 이미 존재하여 스킵합니다: /Users/galaxy.jang/Google Drive/공유 드라이브/gbike.rich_deploy_zone_usages/dt=2026-07-06/rich_deploy_zone_usages_2026-07-06.parquet
[2026-07-07] 파일이 이미 존재하여 스킵합니다: /Users/galaxy.jang/Google Drive/공유 드라이브/gbike.rich_deploy_zone_usages/dt=2026-07-07/rich_deploy_zone_usages_2026-07-07.parquet
[2026-07-08] 파일이 이미 존재하여 스킵합니다: /Users/galaxy.jang/Google Drive/공유 드라이브/gbike.rich_deploy_zone_usages/dt=2026-07-08/rich_deploy_zone_usages_2026-07-08.parquet
[2026-07-09] 파일이 이미 존재하여 스킵합니다: /Users/galaxy.jang/Google Drive/공유 드라이브/gbike.rich_deploy_zone_usages/dt=2026-07-09/rich_deploy_zone_usages_2026-07-09.parquet
[2026-07-10] 파일이 이미 존재하여 스킵합니다: /Users/galaxy.jang/Google Drive/공유 드라이브/gbike.rich_deploy_zone_usages/dt=2026-07-10/rich_deploy_zone_usages_2026-07-10.parquet
[2026-07-11] 파일이 이미 존재하여 스킵합니다: /Users/galaxy.jang/Google Drive/공유 드라이브/gbike.rich_deploy_zone_usages/dt=2026-07-11/rich_deploy_zone_usages_2026-07-11.parquet
[2026-07-12] 파일이 이미 존재하여 스킵합니다: /Users/galaxy.jang/Google Drive/공유 드라이브/gbike.rich_deploy_zone_usages/dt=2026-07-12/rich_deploy_zone_usages_2026-07-12.parquet
[2026-07-13] 파일이 이미 존재하여 스킵합니다: /Users/galaxy.jang/Google Drive/공유 드라이브/gbike.rich_deploy_zone_usages/dt=2026-07-13/rich_deploy_zone_usages_2026-07-13.parquet
[2026-07-14] 파일이 이미 존재하여 스킵합니다: /Users/galaxy.jang/Google Drive/공유 드라이브/gbike.rich_deploy_zone_usages/dt=2026-07-14/rich_deploy_zone_usages_2026-07-14.parquet
[2026-07-15] 파일이 이미 존재하여 스킵합니다: /Users/galaxy.jang/Google Drive/공유 드라이브/gbike.rich_deploy_zone_usages/dt=2026-07-15/rich_deploy_zone_usages_2026-07-15.parquet
[2026-07-16] 파일이 이미 존재하여 스킵합니다: /Users/galaxy.jang/Google Drive/공유 드라이브/gbike.rich_deploy_zone_usages/dt=2026-07-16/rich_deploy_zone_usages_2026-07-16.parquet
[2026-07-17] 파일이 이미 존재하여 스킵합니다: /Users/galaxy.jang/Google Drive/공유 드라이브/gbike.rich_deploy_zone_usages/dt=2026-07-17/rich_deploy_zone_usages_2026-07-17.parquet
[2026-07-18] 파일이 이미 존재하여 스킵합니다: /Users/galaxy.jang/Google Drive/공유 드라이브/gbike.rich_deploy_zone_usages/dt=2026-07-18/rich_deploy_zone_usages_2026-07-18.parquet
[2026-07-19] 파일이 이미 존재하여 스킵합니다: /Users/galaxy.jang/Google Drive/공유 드라이브/gbike.rich_deploy_zone_usages/dt=2026-07-19/rich_deploy_zone_usages_2026-07-19.parquet
[2026-07-20] 파일이 이미 존재하여 스킵합니다: /Users/galaxy.jang/Google Drive/공유 드라이브/gbike.rich_deploy_zone_usages/dt=2026-07-20/rich_deploy_zone_usages_2026-07-20.parquet
[2026-07-21] 파일이 이미 존재하여 스킵합니다: /Users/galaxy.jang/Google Drive/공유 드라이브/gbike.rich_deploy_zone_usages/dt=2026-07-21/rich_deploy_zone_usages_2026-07-21.parquet
[2026-07-22] 파일이 이미 존재하여 스킵합니다: /Users/galaxy.jang/Google Drive/공유 드라이브/gbike.rich_deploy_zone_usages/dt=2026-07-22/rich_deploy_zone_usages_2026-07-22.parquet
[2026-07-23] 파일이 이미 존재하여 스킵합니다: /Users/galaxy.jang/Google Drive/공유 드라이브/gbike.rich_deploy_zone_usages/dt=2026-07-23/rich_deploy_zone_usages_2026-07-23.parquet
[2026-07-24] 파일이 이미 존재하여 스킵합니다: /Users/galaxy.jang/Google Drive/공유 드라이브/gbike.rich_deploy_zone_usages/dt=2026-07-24/rich_deploy_zone_usages_2026-07-24.parquet
[2026-07-25] 파일이 이미 존재하여 스킵합니다: /Users/galaxy.jang/Google Drive/공유 드라이브/gbike.rich_deploy_zone_usages/dt=2026-07-25/rich_deploy_zone_usages_2026-07-25.parquet
[2026-07-26] 파일이 이미 존재하여 스킵합니다: /Users/galaxy.jang/Google Drive/공유 드라이브/gbike.rich_deploy_zone_usages/dt=2026-07-26/rich_deploy_zone_usages_2026-07-26.parquet
[2026-07-27] 파일이 이미 존재하여 스킵합니다: /Users/galaxy.jang/Google Drive/공유 드라이브/gbike.rich_deploy_zone_usages/dt=2026-07-27/rich_deploy_zone_usages_2026-07-27.parquet
[2026-07-28] 파일이 이미 존재하여 스킵합니다: /Users/galaxy.jang/Google Drive/공유 드라이브/gbike.rich_deploy_zone_usages/dt=2026-07-28/rich_deploy_zone_usages_2026-07-28.parquet
[2026-07-29] 데이터 추출 중...
[2026-07-29] 성공적으로 저장되었습니다. (건수: 12,308, 소요시간: 78.96초)
2026-07-30 10:07:21 [INFO] extract_rich_deploy_zone_usages.py completed successfully.
2026-07-30 10:07:21 [INFO] Running extract_rich_deploy_used_time.py...
작업 기간: 2026-07-25 ~ 2026-07-29 (총 5일)
저장 기본 경로: /Users/galaxy.jang/Google Drive/공유 드라이브/gbike.rich_deploy_used_time
[2026-07-25] 파일이 이미 존재하여 스킵합니다: /Users/galaxy.jang/Google Drive/공유 드라이브/gbike.rich_deploy_used_time/dt=2026-07-25/rich_deploy_used_time_2026-07-25.parquet
[2026-07-26] 파일이 이미 존재하여 스킵합니다: /Users/galaxy.jang/Google Drive/공유 드라이브/gbike.rich_deploy_used_time/dt=2026-07-26/rich_deploy_used_time_2026-07-26.parquet
[2026-07-27] 파일이 이미 존재하여 스킵합니다: /Users/galaxy.jang/Google Drive/공유 드라이브/gbike.rich_deploy_used_time/dt=2026-07-27/rich_deploy_used_time_2026-07-27.parquet
[2026-07-28] 파일이 이미 존재하여 스킵합니다: /Users/galaxy.jang/Google Drive/공유 드라이브/gbike.rich_deploy_used_time/dt=2026-07-28/rich_deploy_used_time_2026-07-28.parquet
[2026-07-29] 데이터 추출 중...
[2026-07-29] 성공적으로 저장되었습니다. (건수: 27,501, 소요시간: 9.72초)
모든 작업이 성공적으로 완료되었습니다.
2026-07-30 10:07:31 [INFO] extract_rich_deploy_used_time.py completed successfully.
2026-07-30 10:07:31 [INFO] Running extract_rich_deploy_by_time.py...
작업 기간: 2026-07-25 ~ 2026-07-29 (총 5일)
저장 기본 경로: /Users/galaxy.jang/Google Drive/공유 드라이브/gbike.rich_deploy_by_time
[2026-07-25] 파일이 이미 존재하여 스킵합니다: /Users/galaxy.jang/Google Drive/공유 드라이브/gbike.rich_deploy_by_time/dt=2026-07-25/rich_deploy_by_time_2026-07-25.parquet
[2026-07-26] 파일이 이미 존재하여 스킵합니다: /Users/galaxy.jang/Google Drive/공유 드라이브/gbike.rich_deploy_by_time/dt=2026-07-26/rich_deploy_by_time_2026-07-26.parquet
[2026-07-27] 파일이 이미 존재하여 스킵합니다: /Users/galaxy.jang/Google Drive/공유 드라이브/gbike.rich_deploy_by_time/dt=2026-07-27/rich_deploy_by_time_2026-07-27.parquet
[2026-07-28] 파일이 이미 존재하여 스킵합니다: /Users/galaxy.jang/Google Drive/공유 드라이브/gbike.rich_deploy_by_time/dt=2026-07-28/rich_deploy_by_time_2026-07-28.parquet
[2026-07-29] 데이터 추출 중...
[2026-07-29] 성공적으로 저장되었습니다. (건수: 49,975, 소요시간: 18.21초)
모든 작업이 성공적으로 완료되었습니다.
2026-07-30 10:07:50 [INFO] extract_rich_deploy_by_time.py completed successfully.
2026-07-30 10:07:50 [INFO] Running update_tableau_obp_csv.py...
작업 기간: 2026-07-25 ~ 2026-07-29
신규 데이터 로드 중...
기존 CSV 파일 로드 중: /Users/galaxy.jang/Google Drive/공유 드라이브/gbike.rich_deploy_zone_usages/tableau/OBP(출루율).csv
겹치는 기간(2026-07-25~2026-07-29)의 기존 데이터 46555건을 제외(대체)합니다.
CSV 저장 중 (총 2355411건)...
작업이 완료되었습니다.
2026-07-30 10:08:01 [INFO] update_tableau_obp_csv.py completed successfully.
2026-07-30 10:08:01 [INFO] Running update_tableau_used_time_csv.py...
작업 기간: 2026-07-25 ~ 2026-07-29
신규 데이터 로드 중...
기존 CSV 파일 로드 중: /Users/galaxy.jang/Google Drive/공유 드라이브/gbike.rich_deploy_used_time/tableau/used_time(출루까지시간).csv
겹치는 기간(2026-07-25~2026-07-29)의 기존 데이터 101821건을 제외(대체)합니다.
CSV 저장 중 (총 4729821건)...
작업이 완료되었습니다.
2026-07-30 10:08:22 [INFO] update_tableau_used_time_csv.py completed successfully.
2026-07-30 10:08:22 [INFO] Running update_tableau_by_time_csv.py...
작업 기간: 2026-07-25 ~ 2026-07-29
신규 데이터 로드 중...
기존 CSV 파일 로드 중: /Users/galaxy.jang/Google Drive/공유 드라이브/gbike.rich_deploy_by_time/tableau/by_time(시간대별).csv
겹치는 기간(2026-07-25~2026-07-29)의 기존 데이터 180554건을 제외(대체)합니다.
CSV 저장 중 (총 5123497건)...
작업이 완료되었습니다.
2026-07-30 10:08:46 [INFO] update_tableau_by_time_csv.py completed successfully.
2026-07-30 10:08:46 [INFO] Running send_daily_deploy_report.py...
Loading data from 2026-07-16 to 2026-07-29...
[서울RS팀] 리포트 생성 중...
[서울RS팀] 구글 챗 발송 중...
메시지 전송 성공: spaces/AAQAdNEjFKk/messages/ZkFiKyU9mHU.ZkFiKyU9mHU
[강남RS팀] 리포트 생성 중...
[강남RS팀] 구글 챗 발송 중...
메시지 전송 성공: spaces/AAQA-vKFdg8/messages/M64rkZ0iPmQ.M64rkZ0iPmQ
[중앙RS팀] 리포트 생성 중...
[중앙RS팀] 구글 챗 발송 중...
메시지 전송 성공: spaces/AAQAhht23yY/messages/IZSkcTyMN-w.IZSkcTyMN-w
[경상RS팀] 리포트 생성 중...
[경상RS팀] 구글 챗 발송 중...
메시지 전송 성공: spaces/AAQAB0_sqIQ/messages/BZbcE5OQnG4.BZbcE5OQnG4
[남부RS팀] 리포트 생성 중...
[남부RS팀] 구글 챗 발송 중...
메시지 전송 성공: spaces/AAQAbxfwAtM/messages/OgvLAs3qvAE.OgvLAs3qvAE
모든 대지역 리포트 발송이 완료되었습니다.
2026-07-30 10:09:02 [INFO] send_daily_deploy_report.py completed successfully.
2026-07-30 10:09:02 [INFO] ================ Daily Deploy Batch End ================
2026-07-31 10:06:04 [INFO] ================ Daily Deploy Batch Start ================
2026-07-31 10:06:04 [INFO] Virtual environment activated.
2026-07-31 10:06:04 [INFO] Running extract_rich_deploy_zone_usages.py...
총 30일 치 데이터 추출을 시작합니다.
저장 기본 경로: /Users/galaxy.jang/Google Drive/공유 드라이브/gbike.rich_deploy_zone_usages
[2026-07-01] 파일이 이미 존재하여 스킵합니다: /Users/galaxy.jang/Google Drive/공유 드라이브/gbike.rich_deploy_zone_usages/dt=2026-07-01/rich_deploy_zone_usages_2026-07-01.parquet
[2026-07-02] 파일이 이미 존재하여 스킵합니다: /Users/galaxy.jang/Google Drive/공유 드라이브/gbike.rich_deploy_zone_usages/dt=2026-07-02/rich_deploy_zone_usages_2026-07-02.parquet
[2026-07-03] 파일이 이미 존재하여 스킵합니다: /Users/galaxy.jang/Google Drive/공유 드라이브/gbike.rich_deploy_zone_usages/dt=2026-07-03/rich_deploy_zone_usages_2026-07-03.parquet
[2026-07-04] 파일이 이미 존재하여 스킵합니다: /Users/galaxy.jang/Google Drive/공유 드라이브/gbike.rich_deploy_zone_usages/dt=2026-07-04/rich_deploy_zone_usages_2026-07-04.parquet
[2026-07-05] 파일이 이미 존재하여 스킵합니다: /Users/galaxy.jang/Google Drive/공유 드라이브/gbike.rich_deploy_zone_usages/dt=2026-07-05/rich_deploy_zone_usages_2026-07-05.parquet
[2026-07-06] 파일이 이미 존재하여 스킵합니다: /Users/galaxy.jang/Google Drive/공유 드라이브/gbike.rich_deploy_zone_usages/dt=2026-07-06/rich_deploy_zone_usages_2026-07-06.parquet
[2026-07-07] 파일이 이미 존재하여 스킵합니다: /Users/galaxy.jang/Google Drive/공유 드라이브/gbike.rich_deploy_zone_usages/dt=2026-07-07/rich_deploy_zone_usages_2026-07-07.parquet
[2026-07-08] 파일이 이미 존재하여 스킵합니다: /Users/galaxy.jang/Google Drive/공유 드라이브/gbike.rich_deploy_zone_usages/dt=2026-07-08/rich_deploy_zone_usages_2026-07-08.parquet
[2026-07-09] 파일이 이미 존재하여 스킵합니다: /Users/galaxy.jang/Google Drive/공유 드라이브/gbike.rich_deploy_zone_usages/dt=2026-07-09/rich_deploy_zone_usages_2026-07-09.parquet
[2026-07-10] 파일이 이미 존재하여 스킵합니다: /Users/galaxy.jang/Google Drive/공유 드라이브/gbike.rich_deploy_zone_usages/dt=2026-07-10/rich_deploy_zone_usages_2026-07-10.parquet
[2026-07-11] 파일이 이미 존재하여 스킵합니다: /Users/galaxy.jang/Google Drive/공유 드라이브/gbike.rich_deploy_zone_usages/dt=2026-07-11/rich_deploy_zone_usages_2026-07-11.parquet
[2026-07-12] 파일이 이미 존재하여 스킵합니다: /Users/galaxy.jang/Google Drive/공유 드라이브/gbike.rich_deploy_zone_usages/dt=2026-07-12/rich_deploy_zone_usages_2026-07-12.parquet
[2026-07-13] 파일이 이미 존재하여 스킵합니다: /Users/galaxy.jang/Google Drive/공유 드라이브/gbike.rich_deploy_zone_usages/dt=2026-07-13/rich_deploy_zone_usages_2026-07-13.parquet
[2026-07-14] 파일이 이미 존재하여 스킵합니다: /Users/galaxy.jang/Google Drive/공유 드라이브/gbike.rich_deploy_zone_usages/dt=2026-07-14/rich_deploy_zone_usages_2026-07-14.parquet
[2026-07-15] 파일이 이미 존재하여 스킵합니다: /Users/galaxy.jang/Google Drive/공유 드라이브/gbike.rich_deploy_zone_usages/dt=2026-07-15/rich_deploy_zone_usages_2026-07-15.parquet
[2026-07-16] 파일이 이미 존재하여 스킵합니다: /Users/galaxy.jang/Google Drive/공유 드라이브/gbike.rich_deploy_zone_usages/dt=2026-07-16/rich_deploy_zone_usages_2026-07-16.parquet
[2026-07-17] 파일이 이미 존재하여 스킵합니다: /Users/galaxy.jang/Google Drive/공유 드라이브/gbike.rich_deploy_zone_usages/dt=2026-07-17/rich_deploy_zone_usages_2026-07-17.parquet
[2026-07-18] 파일이 이미 존재하여 스킵합니다: /Users/galaxy.jang/Google Drive/공유 드라이브/gbike.rich_deploy_zone_usages/dt=2026-07-18/rich_deploy_zone_usages_2026-07-18.parquet
[2026-07-19] 파일이 이미 존재하여 스킵합니다: /Users/galaxy.jang/Google Drive/공유 드라이브/gbike.rich_deploy_zone_usages/dt=2026-07-19/rich_deploy_zone_usages_2026-07-19.parquet
[2026-07-20] 파일이 이미 존재하여 스킵합니다: /Users/galaxy.jang/Google Drive/공유 드라이브/gbike.rich_deploy_zone_usages/dt=2026-07-20/rich_deploy_zone_usages_2026-07-20.parquet
[2026-07-21] 파일이 이미 존재하여 스킵합니다: /Users/galaxy.jang/Google Drive/공유 드라이브/gbike.rich_deploy_zone_usages/dt=2026-07-21/rich_deploy_zone_usages_2026-07-21.parquet
[2026-07-22] 파일이 이미 존재하여 스킵합니다: /Users/galaxy.jang/Google Drive/공유 드라이브/gbike.rich_deploy_zone_usages/dt=2026-07-22/rich_deploy_zone_usages_2026-07-22.parquet
[2026-07-23] 파일이 이미 존재하여 스킵합니다: /Users/galaxy.jang/Google Drive/공유 드라이브/gbike.rich_deploy_zone_usages/dt=2026-07-23/rich_deploy_zone_usages_2026-07-23.parquet
[2026-07-24] 파일이 이미 존재하여 스킵합니다: /Users/galaxy.jang/Google Drive/공유 드라이브/gbike.rich_deploy_zone_usages/dt=2026-07-24/rich_deploy_zone_usages_2026-07-24.parquet
[2026-07-25] 파일이 이미 존재하여 스킵합니다: /Users/galaxy.jang/Google Drive/공유 드라이브/gbike.rich_deploy_zone_usages/dt=2026-07-25/rich_deploy_zone_usages_2026-07-25.parquet
[2026-07-26] 파일이 이미 존재하여 스킵합니다: /Users/galaxy.jang/Google Drive/공유 드라이브/gbike.rich_deploy_zone_usages/dt=2026-07-26/rich_deploy_zone_usages_2026-07-26.parquet
[2026-07-27] 파일이 이미 존재하여 스킵합니다: /Users/galaxy.jang/Google Drive/공유 드라이브/gbike.rich_deploy_zone_usages/dt=2026-07-27/rich_deploy_zone_usages_2026-07-27.parquet
[2026-07-28] 파일이 이미 존재하여 스킵합니다: /Users/galaxy.jang/Google Drive/공유 드라이브/gbike.rich_deploy_zone_usages/dt=2026-07-28/rich_deploy_zone_usages_2026-07-28.parquet
[2026-07-29] 파일이 이미 존재하여 스킵합니다: /Users/galaxy.jang/Google Drive/공유 드라이브/gbike.rich_deploy_zone_usages/dt=2026-07-29/rich_deploy_zone_usages_2026-07-29.parquet
[2026-07-30] 데이터 추출 중...
[2026-07-30] 성공적으로 저장되었습니다. (건수: 13,012, 소요시간: 76.91초)
2026-07-31 10:07:21 [INFO] extract_rich_deploy_zone_usages.py completed successfully.
2026-07-31 10:07:21 [INFO] Running extract_rich_deploy_used_time.py...
작업 기간: 2026-07-26 ~ 2026-07-30 (총 5일)
저장 기본 경로: /Users/galaxy.jang/Google Drive/공유 드라이브/gbike.rich_deploy_used_time
[2026-07-26] 파일이 이미 존재하여 스킵합니다: /Users/galaxy.jang/Google Drive/공유 드라이브/gbike.rich_deploy_used_time/dt=2026-07-26/rich_deploy_used_time_2026-07-26.parquet
[2026-07-27] 파일이 이미 존재하여 스킵합니다: /Users/galaxy.jang/Google Drive/공유 드라이브/gbike.rich_deploy_used_time/dt=2026-07-27/rich_deploy_used_time_2026-07-27.parquet
[2026-07-28] 파일이 이미 존재하여 스킵합니다: /Users/galaxy.jang/Google Drive/공유 드라이브/gbike.rich_deploy_used_time/dt=2026-07-28/rich_deploy_used_time_2026-07-28.parquet
[2026-07-29] 파일이 이미 존재하여 스킵합니다: /Users/galaxy.jang/Google Drive/공유 드라이브/gbike.rich_deploy_used_time/dt=2026-07-29/rich_deploy_used_time_2026-07-29.parquet
[2026-07-30] 데이터 추출 중...
[2026-07-30] 성공적으로 저장되었습니다. (건수: 28,594, 소요시간: 9.79초)
모든 작업이 성공적으로 완료되었습니다.
2026-07-31 10:07:32 [INFO] extract_rich_deploy_used_time.py completed successfully.
2026-07-31 10:07:32 [INFO] Running extract_rich_deploy_by_time.py...
작업 기간: 2026-07-26 ~ 2026-07-30 (총 5일)
저장 기본 경로: /Users/galaxy.jang/Google Drive/공유 드라이브/gbike.rich_deploy_by_time
[2026-07-26] 파일이 이미 존재하여 스킵합니다: /Users/galaxy.jang/Google Drive/공유 드라이브/gbike.rich_deploy_by_time/dt=2026-07-26/rich_deploy_by_time_2026-07-26.parquet
[2026-07-27] 파일이 이미 존재하여 스킵합니다: /Users/galaxy.jang/Google Drive/공유 드라이브/gbike.rich_deploy_by_time/dt=2026-07-27/rich_deploy_by_time_2026-07-27.parquet
[2026-07-28] 파일이 이미 존재하여 스킵합니다: /Users/galaxy.jang/Google Drive/공유 드라이브/gbike.rich_deploy_by_time/dt=2026-07-28/rich_deploy_by_time_2026-07-28.parquet
[2026-07-29] 파일이 이미 존재하여 스킵합니다: /Users/galaxy.jang/Google Drive/공유 드라이브/gbike.rich_deploy_by_time/dt=2026-07-29/rich_deploy_by_time_2026-07-29.parquet
[2026-07-30] 데이터 추출 중...
[2026-07-30] 성공적으로 저장되었습니다. (건수: 52,151, 소요시간: 18.63초)
모든 작업이 성공적으로 완료되었습니다.
2026-07-31 10:07:51 [INFO] extract_rich_deploy_by_time.py completed successfully.
2026-07-31 10:07:51 [INFO] Running update_tableau_obp_csv.py...
작업 기간: 2026-07-26 ~ 2026-07-30
신규 데이터 로드 중...
기존 CSV 파일 로드 중: /Users/galaxy.jang/Google Drive/공유 드라이브/gbike.rich_deploy_zone_usages/tableau/OBP(출루율).csv
겹치는 기간(2026-07-26~2026-07-30)의 기존 데이터 47269건을 제외(대체)합니다.
CSV 저장 중 (총 2370748건)...
작업이 완료되었습니다.
2026-07-31 10:08:01 [INFO] update_tableau_obp_csv.py completed successfully.
2026-07-31 10:08:01 [INFO] Running update_tableau_used_time_csv.py...
작업 기간: 2026-07-26 ~ 2026-07-30
신규 데이터 로드 중...
기존 CSV 파일 로드 중: /Users/galaxy.jang/Google Drive/공유 드라이브/gbike.rich_deploy_used_time/tableau/used_time(출루까지시간).csv
겹치는 기간(2026-07-26~2026-07-30)의 기존 데이터 103935건을 제외(대체)합니다.
CSV 저장 중 (총 4768384건)...
작업이 완료되었습니다.
2026-07-31 10:08:23 [INFO] update_tableau_used_time_csv.py completed successfully.
2026-07-31 10:08:23 [INFO] Running update_tableau_by_time_csv.py...
작업 기간: 2026-07-26 ~ 2026-07-30
신규 데이터 로드 중...
기존 CSV 파일 로드 중: /Users/galaxy.jang/Google Drive/공유 드라이브/gbike.rich_deploy_by_time/tableau/by_time(시간대별).csv
겹치는 기간(2026-07-26~2026-07-30)의 기존 데이터 184518건을 제외(대체)합니다.
CSV 저장 중 (총 5183589건)...
작업이 완료되었습니다.
2026-07-31 10:08:46 [INFO] update_tableau_by_time_csv.py completed successfully.
2026-07-31 10:08:46 [INFO] Running send_daily_deploy_report.py...
Loading data from 2026-07-17 to 2026-07-30...
[서울RS팀] 리포트 생성 중...
[서울RS팀] 구글 챗 발송 중...
메시지 전송 성공: spaces/AAQAdNEjFKk/messages/_3Y6AohL8x0._3Y6AohL8x0
[강남RS팀] 리포트 생성 중...
[강남RS팀] 구글 챗 발송 중...
메시지 전송 성공: spaces/AAQA-vKFdg8/messages/V7XGUcshplI.V7XGUcshplI
[중앙RS팀] 리포트 생성 중...
[중앙RS팀] 구글 챗 발송 중...
메시지 전송 성공: spaces/AAQAhht23yY/messages/eNK3Ua89LK0.eNK3Ua89LK0
[경상RS팀] 리포트 생성 중...
[경상RS팀] 구글 챗 발송 중...
메시지 전송 성공: spaces/AAQAB0_sqIQ/messages/txpnb11lxqw.txpnb11lxqw
[남부RS팀] 리포트 생성 중...
[남부RS팀] 구글 챗 발송 중...
메시지 전송 성공: spaces/AAQAbxfwAtM/messages/YWxHnc1dJNw.YWxHnc1dJNw
모든 대지역 리포트 발송이 완료되었습니다.
2026-07-31 10:09:01 [INFO] send_daily_deploy_report.py completed successfully.
2026-07-31 10:09:01 [INFO] ================ Daily Deploy Batch End ================
2026-08-01 10:06:05 [INFO] ================ Daily Deploy Batch Start ================
2026-08-01 10:06:05 [INFO] Virtual environment activated.
2026-08-01 10:06:05 [INFO] Running extract_rich_deploy_zone_usages.py...
총 0일 치 데이터 추출을 시작합니다.
저장 기본 경로: /Users/galaxy.jang/Google Drive/공유 드라이브/gbike.rich_deploy_zone_usages
2026-08-01 10:06:05 [INFO] extract_rich_deploy_zone_usages.py completed successfully.
2026-08-01 10:06:05 [INFO] Running extract_rich_deploy_used_time.py...
작업 기간: 2026-07-27 ~ 2026-07-31 (총 5일)
저장 기본 경로: /Users/galaxy.jang/Google Drive/공유 드라이브/gbike.rich_deploy_used_time
[2026-07-27] 파일이 이미 존재하여 스킵합니다: /Users/galaxy.jang/Google Drive/공유 드라이브/gbike.rich_deploy_used_time/dt=2026-07-27/rich_deploy_used_time_2026-07-27.parquet
[2026-07-28] 파일이 이미 존재하여 스킵합니다: /Users/galaxy.jang/Google Drive/공유 드라이브/gbike.rich_deploy_used_time/dt=2026-07-28/rich_deploy_used_time_2026-07-28.parquet
[2026-07-29] 파일이 이미 존재하여 스킵합니다: /Users/galaxy.jang/Google Drive/공유 드라이브/gbike.rich_deploy_used_time/dt=2026-07-29/rich_deploy_used_time_2026-07-29.parquet
[2026-07-30] 파일이 이미 존재하여 스킵합니다: /Users/galaxy.jang/Google Drive/공유 드라이브/gbike.rich_deploy_used_time/dt=2026-07-30/rich_deploy_used_time_2026-07-30.parquet
[2026-07-31] 데이터 추출 중...
Error extracting data for 2026-07-31: (pymysql.err.OperationalError) (2003, "Can't connect to MySQL server on 'live.st.rds.gbility.io' (timed out)")
(Background on this error at: https://sqlalche.me/e/20/e3q8)
[2026-07-31] 추출된 데이터가 없습니다.
모든 작업이 성공적으로 완료되었습니다.
2026-08-01 10:06:16 [INFO] extract_rich_deploy_used_time.py completed successfully.
2026-08-01 10:06:16 [INFO] Running extract_rich_deploy_by_time.py...
작업 기간: 2026-07-27 ~ 2026-07-31 (총 5일)
저장 기본 경로: /Users/galaxy.jang/Google Drive/공유 드라이브/gbike.rich_deploy_by_time
[2026-07-27] 파일이 이미 존재하여 스킵합니다: /Users/galaxy.jang/Google Drive/공유 드라이브/gbike.rich_deploy_by_time/dt=2026-07-27/rich_deploy_by_time_2026-07-27.parquet
[2026-07-28] 파일이 이미 존재하여 스킵합니다: /Users/galaxy.jang/Google Drive/공유 드라이브/gbike.rich_deploy_by_time/dt=2026-07-28/rich_deploy_by_time_2026-07-28.parquet
[2026-07-29] 파일이 이미 존재하여 스킵합니다: /Users/galaxy.jang/Google Drive/공유 드라이브/gbike.rich_deploy_by_time/dt=2026-07-29/rich_deploy_by_time_2026-07-29.parquet
[2026-07-30] 파일이 이미 존재하여 스킵합니다: /Users/galaxy.jang/Google Drive/공유 드라이브/gbike.rich_deploy_by_time/dt=2026-07-30/rich_deploy_by_time_2026-07-30.parquet
[2026-07-31] 데이터 추출 중...
Error extracting data for 2026-07-31: (pymysql.err.OperationalError) (2003, "Can't connect to MySQL server on 'live.st.rds.gbility.io' (timed out)")
(Background on this error at: https://sqlalche.me/e/20/e3q8)
[2026-07-31] 추출된 데이터가 없습니다.
모든 작업이 성공적으로 완료되었습니다.
2026-08-01 10:06:26 [INFO] extract_rich_deploy_by_time.py completed successfully.
2026-08-01 10:06:26 [INFO] Running update_tableau_obp_csv.py...
작업 기간: 2026-07-27 ~ 2026-07-31
신규 데이터 로드 중...
[2026-07-31] 파일이 존재하지 않습니다: /Users/galaxy.jang/Google Drive/공유 드라이브/gbike.rich_deploy_zone_usages/dt=2026-07-31/rich_deploy_zone_usages_2026-07-31.parquet
기존 CSV 파일 로드 중: /Users/galaxy.jang/Google Drive/공유 드라이브/gbike.rich_deploy_zone_usages/tableau/OBP(출루율).csv
겹치는 기간(2026-07-27~2026-07-31)의 기존 데이터 51303건을 제외(대체)합니다.
CSV 저장 중 (총 1859794건)...
작업이 완료되었습니다.
2026-08-01 10:06:35 [INFO] update_tableau_obp_csv.py completed successfully.
2026-08-01 10:06:35 [INFO] Running update_tableau_used_time_csv.py...
작업 기간: 2026-07-27 ~ 2026-07-31
신규 데이터 로드 중...
[2026-07-31] 파일이 존재하지 않습니다: /Users/galaxy.jang/Google Drive/공유 드라이브/gbike.rich_deploy_used_time/dt=2026-07-31/rich_deploy_used_time_2026-07-31.parquet
기존 CSV 파일 로드 중: /Users/galaxy.jang/Google Drive/공유 드라이브/gbike.rich_deploy_used_time/tableau/used_time(출루까지시간).csv
겹치는 기간(2026-07-27~2026-07-31)의 기존 데이터 119183건을 제외(대체)합니다.
CSV 저장 중 (총 3935915건)...
작업이 완료되었습니다.
2026-08-01 10:06:53 [INFO] update_tableau_used_time_csv.py completed successfully.
2026-08-01 10:06:53 [INFO] Running update_tableau_by_time_csv.py...
작업 기간: 2026-07-27 ~ 2026-07-31
신규 데이터 로드 중...
[2026-07-31] 파일이 존재하지 않습니다: /Users/galaxy.jang/Google Drive/공유 드라이브/gbike.rich_deploy_by_time/dt=2026-07-31/rich_deploy_by_time_2026-07-31.parquet
기존 CSV 파일 로드 중: /Users/galaxy.jang/Google Drive/공유 드라이브/gbike.rich_deploy_by_time/tableau/by_time(시간대별).csv
겹치는 기간(2026-07-27~2026-07-31)의 기존 데이터 203384건을 제외(대체)합니다.
CSV 저장 중 (총 6557609건)...
작업이 완료되었습니다.
2026-08-01 10:07:24 [INFO] update_tableau_by_time_csv.py completed successfully.
2026-08-01 10:07:24 [INFO] Running send_daily_deploy_report.py...
Loading data from 2026-07-18 to 2026-07-31...
[2026-07-31] 파일이 존재하지 않습니다: /Users/galaxy.jang/Google Drive/공유 드라이브/gbike.rich_deploy_zone_usages/dt=2026-07-31/rich_deploy_zone_usages_2026-07-31.parquet
[서울RS팀] 리포트 생성 중...
[서울RS팀] 구글 챗 발송 중...
메시지 전송 성공: spaces/AAQAdNEjFKk/messages/x9ZMxhR0_DE.x9ZMxhR0_DE
[강남RS팀] 리포트 생성 중...
[강남RS팀] 구글 챗 발송 중...
메시지 전송 성공: spaces/AAQA-vKFdg8/messages/TQgB0UyiPHQ.TQgB0UyiPHQ
[중앙RS팀] 리포트 생성 중...
[중앙RS팀] 구글 챗 발송 중...
메시지 전송 성공: spaces/AAQAhht23yY/messages/w18AZtR8eUo.w18AZtR8eUo
[경상RS팀] 리포트 생성 중...
[경상RS팀] 구글 챗 발송 중...
메시지 전송 성공: spaces/AAQAB0_sqIQ/messages/urcgTOPjz5I.urcgTOPjz5I
[남부RS팀] 리포트 생성 중...
[남부RS팀] 구글 챗 발송 중...
메시지 전송 성공: spaces/AAQAbxfwAtM/messages/rDpX26h7VQI.rDpX26h7VQI
모든 대지역 리포트 발송이 완료되었습니다.
2026-08-01 10:07:40 [INFO] send_daily_deploy_report.py completed successfully.
2026-08-01 10:07:40 [INFO] ================ Daily Deploy Batch End ================
2026-08-02 10:06:04 [INFO] ================ Daily Deploy Batch Start ================
2026-08-02 10:06:04 [INFO] Virtual environment activated.
2026-08-02 10:06:04 [INFO] Running extract_rich_deploy_zone_usages.py...
총 1일 치 데이터 추출을 시작합니다.
저장 기본 경로: /Users/galaxy.jang/Google Drive/공유 드라이브/gbike.rich_deploy_zone_usages
[2026-08-01] 데이터 추출 중...
Error extracting deploy count for 2026-08-01: (pymysql.err.OperationalError) (2003, "Can't connect to MySQL server on 'live.st.rds.gbility.io' (timed out)")
(Background on this error at: https://sqlalche.me/e/20/e3q8)
Error extracting release count for 2026-08-01: (pymysql.err.OperationalError) (2003, "Can't connect to MySQL server on 'live.st.rds.gbility.io' (timed out)")
(Background on this error at: https://sqlalche.me/e/20/e3q8)
[2026-08-01] 추출된 데이터가 없습니다.
2026-08-02 10:06:24 [INFO] extract_rich_deploy_zone_usages.py completed successfully.
2026-08-02 10:06:24 [INFO] Running extract_rich_deploy_used_time.py...
작업 기간: 2026-07-28 ~ 2026-08-01 (총 5일)
저장 기본 경로: /Users/galaxy.jang/Google Drive/공유 드라이브/gbike.rich_deploy_used_time
[2026-07-28] 파일이 이미 존재하여 스킵합니다: /Users/galaxy.jang/Google Drive/공유 드라이브/gbike.rich_deploy_used_time/dt=2026-07-28/rich_deploy_used_time_2026-07-28.parquet
[2026-07-29] 파일이 이미 존재하여 스킵합니다: /Users/galaxy.jang/Google Drive/공유 드라이브/gbike.rich_deploy_used_time/dt=2026-07-29/rich_deploy_used_time_2026-07-29.parquet
[2026-07-30] 파일이 이미 존재하여 스킵합니다: /Users/galaxy.jang/Google Drive/공유 드라이브/gbike.rich_deploy_used_time/dt=2026-07-30/rich_deploy_used_time_2026-07-30.parquet
[2026-07-31] 데이터 추출 중...
Error extracting data for 2026-07-31: (pymysql.err.OperationalError) (2003, "Can't connect to MySQL server on 'live.st.rds.gbility.io' (timed out)")
(Background on this error at: https://sqlalche.me/e/20/e3q8)
[2026-07-31] 추출된 데이터가 없습니다.
[2026-08-01] 데이터 추출 중...
Error extracting data for 2026-08-01: (pymysql.err.OperationalError) (2003, "Can't connect to MySQL server on 'live.st.rds.gbility.io' (timed out)")
(Background on this error at: https://sqlalche.me/e/20/e3q8)
[2026-08-01] 추출된 데이터가 없습니다.
모든 작업이 성공적으로 완료되었습니다.
2026-08-02 10:06:45 [INFO] extract_rich_deploy_used_time.py completed successfully.
2026-08-02 10:06:45 [INFO] Running extract_rich_deploy_by_time.py...
작업 기간: 2026-07-28 ~ 2026-08-01 (총 5일)
저장 기본 경로: /Users/galaxy.jang/Google Drive/공유 드라이브/gbike.rich_deploy_by_time
[2026-07-28] 파일이 이미 존재하여 스킵합니다: /Users/galaxy.jang/Google Drive/공유 드라이브/gbike.rich_deploy_by_time/dt=2026-07-28/rich_deploy_by_time_2026-07-28.parquet
[2026-07-29] 파일이 이미 존재하여 스킵합니다: /Users/galaxy.jang/Google Drive/공유 드라이브/gbike.rich_deploy_by_time/dt=2026-07-29/rich_deploy_by_time_2026-07-29.parquet
[2026-07-30] 파일이 이미 존재하여 스킵합니다: /Users/galaxy.jang/Google Drive/공유 드라이브/gbike.rich_deploy_by_time/dt=2026-07-30/rich_deploy_by_time_2026-07-30.parquet
[2026-07-31] 데이터 추출 중...
Error extracting data for 2026-07-31: (pymysql.err.OperationalError) (2003, "Can't connect to MySQL server on 'live.st.rds.gbility.io' (timed out)")
(Background on this error at: https://sqlalche.me/e/20/e3q8)
[2026-07-31] 추출된 데이터가 없습니다.
[2026-08-01] 데이터 추출 중...
Error extracting data for 2026-08-01: (pymysql.err.OperationalError) (2003, "Can't connect to MySQL server on 'live.st.rds.gbility.io' (timed out)")
(Background on this error at: https://sqlalche.me/e/20/e3q8)
[2026-08-01] 추출된 데이터가 없습니다.
모든 작업이 성공적으로 완료되었습니다.
2026-08-02 10:07:06 [INFO] extract_rich_deploy_by_time.py completed successfully.
2026-08-02 10:07:06 [INFO] Running update_tableau_obp_csv.py...
작업 기간: 2026-07-28 ~ 2026-08-01
신규 데이터 로드 중...
[2026-07-31] 파일이 존재하지 않습니다: /Users/galaxy.jang/Google Drive/공유 드라이브/gbike.rich_deploy_zone_usages/dt=2026-07-31/rich_deploy_zone_usages_2026-07-31.parquet
[2026-08-01] 파일이 존재하지 않습니다: /Users/galaxy.jang/Google Drive/공유 드라이브/gbike.rich_deploy_zone_usages/dt=2026-08-01/rich_deploy_zone_usages_2026-08-01.parquet
기존 CSV 파일 로드 중: /Users/galaxy.jang/Google Drive/공유 드라이브/gbike.rich_deploy_zone_usages/tableau/OBP(출루율).csv
겹치는 기간(2026-07-28~2026-08-01)의 기존 데이터 38766건을 제외(대체)합니다.
CSV 저장 중 (총 1859794건)...
작업이 완료되었습니다.
2026-08-02 10:07:14 [INFO] update_tableau_obp_csv.py completed successfully.
2026-08-02 10:07:14 [INFO] Running update_tableau_used_time_csv.py...
작업 기간: 2026-07-28 ~ 2026-08-01
신규 데이터 로드 중...
[2026-07-31] 파일이 존재하지 않습니다: /Users/galaxy.jang/Google Drive/공유 드라이브/gbike.rich_deploy_used_time/dt=2026-07-31/rich_deploy_used_time_2026-07-31.parquet
[2026-08-01] 파일이 존재하지 않습니다: /Users/galaxy.jang/Google Drive/공유 드라이브/gbike.rich_deploy_used_time/dt=2026-08-01/rich_deploy_used_time_2026-08-01.parquet
기존 CSV 파일 로드 중: /Users/galaxy.jang/Google Drive/공유 드라이브/gbike.rich_deploy_used_time/tableau/used_time(출루까지시간).csv
겹치는 기간(2026-07-28~2026-08-01)의 기존 데이터 89029건을 제외(대체)합니다.
CSV 저장 중 (총 3935915건)...
작업이 완료되었습니다.
2026-08-02 10:07:32 [INFO] update_tableau_used_time_csv.py completed successfully.
2026-08-02 10:07:32 [INFO] Running update_tableau_by_time_csv.py...
작업 기간: 2026-07-28 ~ 2026-08-01
신규 데이터 로드 중...
[2026-07-31] 파일이 존재하지 않습니다: /Users/galaxy.jang/Google Drive/공유 드라이브/gbike.rich_deploy_by_time/dt=2026-07-31/rich_deploy_by_time_2026-07-31.parquet
[2026-08-01] 파일이 존재하지 않습니다: /Users/galaxy.jang/Google Drive/공유 드라이브/gbike.rich_deploy_by_time/dt=2026-08-01/rich_deploy_by_time_2026-08-01.parquet
기존 CSV 파일 로드 중: /Users/galaxy.jang/Google Drive/공유 드라이브/gbike.rich_deploy_by_time/tableau/by_time(시간대별).csv
겹치는 기간(2026-07-28~2026-08-01)의 기존 데이터 154984건을 제외(대체)합니다.
CSV 저장 중 (총 6557609건)...
작업이 완료되었습니다.
2026-08-02 10:08:03 [INFO] update_tableau_by_time_csv.py completed successfully.
2026-08-02 10:08:03 [INFO] Running send_daily_deploy_report.py...
Loading data from 2026-07-19 to 2026-08-01...
[2026-07-31] 파일이 존재하지 않습니다: /Users/galaxy.jang/Google Drive/공유 드라이브/gbike.rich_deploy_zone_usages/dt=2026-07-31/rich_deploy_zone_usages_2026-07-31.parquet
[2026-08-01] 파일이 존재하지 않습니다: /Users/galaxy.jang/Google Drive/공유 드라이브/gbike.rich_deploy_zone_usages/dt=2026-08-01/rich_deploy_zone_usages_2026-08-01.parquet
[서울RS팀] 리포트 생성 중...
[서울RS팀] 구글 챗 발송 중...
메시지 전송 성공: spaces/AAQAdNEjFKk/messages/bWPVKdh58cY.bWPVKdh58cY
[강남RS팀] 리포트 생성 중...
[강남RS팀] 구글 챗 발송 중...
메시지 전송 성공: spaces/AAQA-vKFdg8/messages/_V4k9m7HtF8._V4k9m7HtF8
[중앙RS팀] 리포트 생성 중...
[중앙RS팀] 구글 챗 발송 중...
메시지 전송 성공: spaces/AAQAhht23yY/messages/czc1IeZDbn4.czc1IeZDbn4
[경상RS팀] 리포트 생성 중...
[경상RS팀] 구글 챗 발송 중...
메시지 전송 성공: spaces/AAQAB0_sqIQ/messages/ecDuktAGFnE.ecDuktAGFnE
[남부RS팀] 리포트 생성 중...
[남부RS팀] 구글 챗 발송 중...
메시지 전송 성공: spaces/AAQAbxfwAtM/messages/ngZVYARU4iY.ngZVYARU4iY
모든 대지역 리포트 발송이 완료되었습니다.
2026-08-02 10:08:20 [INFO] send_daily_deploy_report.py completed successfully.
2026-08-02 10:08:20 [INFO] ================ Daily Deploy Batch End ================
2026-08-03 10:06:04 [INFO] ================ Daily Deploy Batch Start ================
2026-08-03 10:06:04 [INFO] Virtual environment activated.
2026-08-03 10:06:04 [INFO] Running extract_rich_deploy_zone_usages.py...
총 2일 치 데이터 추출을 시작합니다.
저장 기본 경로: /Users/galaxy.jang/Google Drive/공유 드라이브/gbike.rich_deploy_zone_usages
[2026-08-01] 데이터 추출 중...
[2026-08-01] 성공적으로 저장되었습니다. (건수: 12,333, 소요시간: 39.43초)
[2026-08-02] 데이터 추출 중...
[2026-08-02] 성공적으로 저장되었습니다. (건수: 11,450, 소요시간: 30.55초)
2026-08-03 10:07:15 [INFO] extract_rich_deploy_zone_usages.py completed successfully.
2026-08-03 10:07:15 [INFO] Running extract_rich_deploy_used_time.py...
작업 기간: 2026-07-29 ~ 2026-08-02 (총 5일)
저장 기본 경로: /Users/galaxy.jang/Google Drive/공유 드라이브/gbike.rich_deploy_used_time
[2026-07-29] 파일이 이미 존재하여 스킵합니다: /Users/galaxy.jang/Google Drive/공유 드라이브/gbike.rich_deploy_used_time/dt=2026-07-29/rich_deploy_used_time_2026-07-29.parquet
[2026-07-30] 파일이 이미 존재하여 스킵합니다: /Users/galaxy.jang/Google Drive/공유 드라이브/gbike.rich_deploy_used_time/dt=2026-07-30/rich_deploy_used_time_2026-07-30.parquet
[2026-07-31] 데이터 추출 중...
[2026-07-31] 성공적으로 저장되었습니다. (건수: 31,889, 소요시간: 15.73초)
[2026-08-01] 데이터 추출 중...
[2026-08-01] 성공적으로 저장되었습니다. (건수: 27,122, 소요시간: 15.88초)
[2026-08-02] 데이터 추출 중...
[2026-08-02] 성공적으로 저장되었습니다. (건수: 22,281, 소요시간: 15.70초)
모든 작업이 성공적으로 완료되었습니다.
2026-08-03 10:08:02 [INFO] extract_rich_deploy_used_time.py completed successfully.
2026-08-03 10:08:02 [INFO] Running extract_rich_deploy_by_time.py...
작업 기간: 2026-07-29 ~ 2026-08-02 (총 5일)
저장 기본 경로: /Users/galaxy.jang/Google Drive/공유 드라이브/gbike.rich_deploy_by_time
[2026-07-29] 파일이 이미 존재하여 스킵합니다: /Users/galaxy.jang/Google Drive/공유 드라이브/gbike.rich_deploy_by_time/dt=2026-07-29/rich_deploy_by_time_2026-07-29.parquet
[2026-07-30] 파일이 이미 존재하여 스킵합니다: /Users/galaxy.jang/Google Drive/공유 드라이브/gbike.rich_deploy_by_time/dt=2026-07-30/rich_deploy_by_time_2026-07-30.parquet
[2026-07-31] 데이터 추출 중...
[2026-07-31] 성공적으로 저장되었습니다. (건수: 53,214, 소요시간: 33.37초)
[2026-08-01] 데이터 추출 중...
[2026-08-01] 성공적으로 저장되었습니다. (건수: 49,555, 소요시간: 29.09초)
[2026-08-02] 데이터 추출 중...
[2026-08-02] 성공적으로 저장되었습니다. (건수: 42,814, 소요시간: 20.37초)
모든 작업이 성공적으로 완료되었습니다.
2026-08-03 10:09:26 [INFO] extract_rich_deploy_by_time.py completed successfully.
2026-08-03 10:09:26 [INFO] Running update_tableau_obp_csv.py...
작업 기간: 2026-07-29 ~ 2026-08-02
신규 데이터 로드 중...
[2026-07-31] 파일이 존재하지 않습니다: /Users/galaxy.jang/Google Drive/공유 드라이브/gbike.rich_deploy_zone_usages/dt=2026-07-31/rich_deploy_zone_usages_2026-07-31.parquet
기존 CSV 파일 로드 중: /Users/galaxy.jang/Google Drive/공유 드라이브/gbike.rich_deploy_zone_usages/tableau/OBP(출루율).csv
겹치는 기간(2026-07-29~2026-08-02)의 기존 데이터 25933건을 제외(대체)합니다.
CSV 저장 중 (총 1883577건)...
작업이 완료되었습니다.
2026-08-03 10:09:35 [INFO] update_tableau_obp_csv.py completed successfully.
2026-08-03 10:09:35 [INFO] Running update_tableau_used_time_csv.py...
작업 기간: 2026-07-29 ~ 2026-08-02
신규 데이터 로드 중...
기존 CSV 파일 로드 중: /Users/galaxy.jang/Google Drive/공유 드라이브/gbike.rich_deploy_used_time/tableau/used_time(출루까지시간).csv
겹치는 기간(2026-07-29~2026-08-02)의 기존 데이터 58413건을 제외(대체)합니다.
CSV 저장 중 (총 4017207건)...
작업이 완료되었습니다.
2026-08-03 10:09:53 [INFO] update_tableau_used_time_csv.py completed successfully.
2026-08-03 10:09:53 [INFO] Running update_tableau_by_time_csv.py...
작업 기간: 2026-07-29 ~ 2026-08-02
신규 데이터 로드 중...
기존 CSV 파일 로드 중: /Users/galaxy.jang/Google Drive/공유 드라이브/gbike.rich_deploy_by_time/tableau/by_time(시간대별).csv
겹치는 기간(2026-07-29~2026-08-02)의 기존 데이터 104301건을 제외(대체)합니다.
CSV 저장 중 (총 6703192건)...
작업이 완료되었습니다.
2026-08-03 10:10:25 [INFO] update_tableau_by_time_csv.py completed successfully.
2026-08-03 10:10:25 [INFO] Running send_daily_deploy_report.py...
Loading data from 2026-07-20 to 2026-08-02...
[2026-07-31] 파일이 존재하지 않습니다: /Users/galaxy.jang/Google Drive/공유 드라이브/gbike.rich_deploy_zone_usages/dt=2026-07-31/rich_deploy_zone_usages_2026-07-31.parquet
[서울RS팀] 리포트 생성 중...
[서울RS팀] 구글 챗 발송 중...
메시지 전송 성공: spaces/AAQAdNEjFKk/messages/nQfBVuYmzTE.nQfBVuYmzTE
[강남RS팀] 리포트 생성 중...
[강남RS팀] 구글 챗 발송 중...
메시지 전송 성공: spaces/AAQA-vKFdg8/messages/OLWOXnO0iMs.OLWOXnO0iMs
[중앙RS팀] 리포트 생성 중...
[중앙RS팀] 구글 챗 발송 중...
메시지 전송 성공: spaces/AAQAhht23yY/messages/2sB6FUInUdc.2sB6FUInUdc
[경상RS팀] 리포트 생성 중...
[경상RS팀] 구글 챗 발송 중...
메시지 전송 성공: spaces/AAQAB0_sqIQ/messages/T9l1LXSUwpI.T9l1LXSUwpI
[남부RS팀] 리포트 생성 중...
[남부RS팀] 구글 챗 발송 중...
메시지 전송 성공: spaces/AAQAbxfwAtM/messages/yYSN9aX0CAY.yYSN9aX0CAY
모든 대지역 리포트 발송이 완료되었습니다.
2026-08-03 10:10:40 [INFO] send_daily_deploy_report.py completed successfully.
2026-08-03 10:10:40 [INFO] ================ Daily Deploy Batch End ================
2026-08-03 10:22:52 [INFO] ================ Daily Deploy Batch Start ================
2026-08-03 10:22:52 [INFO] Virtual environment activated.
2026-08-03 10:22:52 [INFO] Running extract_rich_deploy_zone_usages.py...
총 2일 치 데이터 추출을 시작합니다.
저장 기본 경로: /Users/galaxy.jang/Google Drive/공유 드라이브/gbike.rich_deploy_zone_usages
[2026-08-01] 파일이 이미 존재하여 스킵합니다: /Users/galaxy.jang/Google Drive/공유 드라이브/gbike.rich_deploy_zone_usages/dt=2026-08-01/rich_deploy_zone_usages_2026-08-01.parquet
[2026-08-02] 파일이 이미 존재하여 스킵합니다: /Users/galaxy.jang/Google Drive/공유 드라이브/gbike.rich_deploy_zone_usages/dt=2026-08-02/rich_deploy_zone_usages_2026-08-02.parquet
2026-08-03 10:22:52 [INFO] extract_rich_deploy_zone_usages.py completed successfully.
2026-08-03 10:22:52 [INFO] Running extract_rich_deploy_used_time.py...
작업 기간: 2026-07-29 ~ 2026-08-02 (총 5일)
저장 기본 경로: /Users/galaxy.jang/Google Drive/공유 드라이브/gbike.rich_deploy_used_time
[2026-07-29] 파일이 이미 존재하여 스킵합니다: /Users/galaxy.jang/Google Drive/공유 드라이브/gbike.rich_deploy_used_time/dt=2026-07-29/rich_deploy_used_time_2026-07-29.parquet
[2026-07-30] 파일이 이미 존재하여 스킵합니다: /Users/galaxy.jang/Google Drive/공유 드라이브/gbike.rich_deploy_used_time/dt=2026-07-30/rich_deploy_used_time_2026-07-30.parquet
[2026-07-31] 파일이 이미 존재하여 스킵합니다: /Users/galaxy.jang/Google Drive/공유 드라이브/gbike.rich_deploy_used_time/dt=2026-07-31/rich_deploy_used_time_2026-07-31.parquet
[2026-08-01] 파일이 이미 존재하여 스킵합니다: /Users/galaxy.jang/Google Drive/공유 드라이브/gbike.rich_deploy_used_time/dt=2026-08-01/rich_deploy_used_time_2026-08-01.parquet
[2026-08-02] 파일이 이미 존재하여 스킵합니다: /Users/galaxy.jang/Google Drive/공유 드라이브/gbike.rich_deploy_used_time/dt=2026-08-02/rich_deploy_used_time_2026-08-02.parquet
모든 작업이 성공적으로 완료되었습니다.
2026-08-03 10:22:53 [INFO] extract_rich_deploy_used_time.py completed successfully.
2026-08-03 10:22:53 [INFO] Running extract_rich_deploy_by_time.py...
작업 기간: 2026-07-29 ~ 2026-08-02 (총 5일)
저장 기본 경로: /Users/galaxy.jang/Google Drive/공유 드라이브/gbike.rich_deploy_by_time
[2026-07-29] 파일이 이미 존재하여 스킵합니다: /Users/galaxy.jang/Google Drive/공유 드라이브/gbike.rich_deploy_by_time/dt=2026-07-29/rich_deploy_by_time_2026-07-29.parquet
[2026-07-30] 파일이 이미 존재하여 스킵합니다: /Users/galaxy.jang/Google Drive/공유 드라이브/gbike.rich_deploy_by_time/dt=2026-07-30/rich_deploy_by_time_2026-07-30.parquet
[2026-07-31] 파일이 이미 존재하여 스킵합니다: /Users/galaxy.jang/Google Drive/공유 드라이브/gbike.rich_deploy_by_time/dt=2026-07-31/rich_deploy_by_time_2026-07-31.parquet
[2026-08-01] 파일이 이미 존재하여 스킵합니다: /Users/galaxy.jang/Google Drive/공유 드라이브/gbike.rich_deploy_by_time/dt=2026-08-01/rich_deploy_by_time_2026-08-01.parquet
[2026-08-02] 파일이 이미 존재하여 스킵합니다: /Users/galaxy.jang/Google Drive/공유 드라이브/gbike.rich_deploy_by_time/dt=2026-08-02/rich_deploy_by_time_2026-08-02.parquet
모든 작업이 성공적으로 완료되었습니다.
2026-08-03 10:22:54 [INFO] extract_rich_deploy_by_time.py completed successfully.
2026-08-03 10:22:54 [INFO] Running update_tableau_obp_csv.py...
작업 기간: 2026-07-29 ~ 2026-08-02
신규 데이터 로드 중...
[2026-07-31] 파일이 존재하지 않습니다: /Users/galaxy.jang/Google Drive/공유 드라이브/gbike.rich_deploy_zone_usages/dt=2026-07-31/rich_deploy_zone_usages_2026-07-31.parquet
기존 CSV 파일 로드 중: /Users/galaxy.jang/Google Drive/공유 드라이브/gbike.rich_deploy_zone_usages/tableau/OBP(출루율).csv
겹치는 기간(2026-07-29~2026-08-02)의 기존 데이터 49716건을 제외(대체)합니다.
CSV 저장 중 (총 1883577건)...
작업이 완료되었습니다.
2026-08-03 10:23:03 [INFO] update_tableau_obp_csv.py completed successfully.
2026-08-03 10:23:03 [INFO] Running update_tableau_used_time_csv.py...
작업 기간: 2026-07-29 ~ 2026-08-02
신규 데이터 로드 중...
기존 CSV 파일 로드 중: /Users/galaxy.jang/Google Drive/공유 드라이브/gbike.rich_deploy_used_time/tableau/used_time(출루까지시간).csv
겹치는 기간(2026-07-29~2026-08-02)의 기존 데이터 139705건을 제외(대체)합니다.
CSV 저장 중 (총 4017207건)...
작업이 완료되었습니다.
2026-08-03 10:23:22 [INFO] update_tableau_used_time_csv.py completed successfully.
2026-08-03 10:23:22 [INFO] Running update_tableau_by_time_csv.py...
작업 기간: 2026-07-29 ~ 2026-08-02
신규 데이터 로드 중...
기존 CSV 파일 로드 중: /Users/galaxy.jang/Google Drive/공유 드라이브/gbike.rich_deploy_by_time/tableau/by_time(시간대별).csv
겹치는 기간(2026-07-29~2026-08-02)의 기존 데이터 249884건을 제외(대체)합니다.
CSV 저장 중 (총 6703192건)...
작업이 완료되었습니다.
2026-08-03 10:23:54 [INFO] update_tableau_by_time_csv.py completed successfully.
2026-08-03 10:23:54 [INFO] Running send_daily_deploy_report.py...
Loading data from 2026-07-20 to 2026-08-02...
[2026-07-31] 파일이 존재하지 않습니다: /Users/galaxy.jang/Google Drive/공유 드라이브/gbike.rich_deploy_zone_usages/dt=2026-07-31/rich_deploy_zone_usages_2026-07-31.parquet
[서울RS팀] 리포트 생성 중...
[서울RS팀] 구글 챗 발송 중...
메시지 전송 성공: spaces/AAQAdNEjFKk/messages/9NK_glMfJYo.9NK_glMfJYo
[강남RS팀] 리포트 생성 중...
[강남RS팀] 구글 챗 발송 중...
메시지 전송 성공: spaces/AAQA-vKFdg8/messages/JUFLDcZhFfs.JUFLDcZhFfs
[중앙RS팀] 리포트 생성 중...
[중앙RS팀] 구글 챗 발송 중...
메시지 전송 성공: spaces/AAQAhht23yY/messages/4SKWfdsZn_E.4SKWfdsZn_E
[경상RS팀] 리포트 생성 중...
[경상RS팀] 구글 챗 발송 중...
메시지 전송 성공: spaces/AAQAB0_sqIQ/messages/Pv759SaONQQ.Pv759SaONQQ
[남부RS팀] 리포트 생성 중...
[남부RS팀] 구글 챗 발송 중...
메시지 전송 성공: spaces/AAQAbxfwAtM/messages/akuytjCYN3E.akuytjCYN3E
모든 대지역 리포트 발송이 완료되었습니다.
2026-08-03 10:24:13 [INFO] send_daily_deploy_report.py completed successfully.
2026-08-03 10:24:13 [INFO] ================ Daily Deploy Batch End ================
2026-08-04 10:06:01 [INFO] ================ Daily Deploy Batch Start ================
2026-08-04 10:06:01 [INFO] Virtual environment activated.
2026-08-04 10:06:01 [INFO] Running extract_rich_deploy_zone_usages.py...
총 3일 치 데이터 추출을 시작합니다.
저장 기본 경로: /Users/galaxy.jang/Google Drive/공유 드라이브/gbike.rich_deploy_zone_usages
[2026-08-01] 파일이 이미 존재하여 스킵합니다: /Users/galaxy.jang/Google Drive/공유 드라이브/gbike.rich_deploy_zone_usages/dt=2026-08-01/rich_deploy_zone_usages_2026-08-01.parquet
[2026-08-02] 파일이 이미 존재하여 스킵합니다: /Users/galaxy.jang/Google Drive/공유 드라이브/gbike.rich_deploy_zone_usages/dt=2026-08-02/rich_deploy_zone_usages_2026-08-02.parquet
[2026-08-03] 데이터 추출 중...
[2026-08-03] 성공적으로 저장되었습니다. (건수: 12,576, 소요시간: 80.59초)
2026-08-04 10:07:23 [INFO] extract_rich_deploy_zone_usages.py completed successfully.
2026-08-04 10:07:23 [INFO] Running extract_rich_deploy_used_time.py...
작업 기간: 2026-07-30 ~ 2026-08-03 (총 5일)
저장 기본 경로: /Users/galaxy.jang/Google Drive/공유 드라이브/gbike.rich_deploy_used_time
[2026-07-30] 파일이 이미 존재하여 스킵합니다: /Users/galaxy.jang/Google Drive/공유 드라이브/gbike.rich_deploy_used_time/dt=2026-07-30/rich_deploy_used_time_2026-07-30.parquet
[2026-07-31] 파일이 이미 존재하여 스킵합니다: /Users/galaxy.jang/Google Drive/공유 드라이브/gbike.rich_deploy_used_time/dt=2026-07-31/rich_deploy_used_time_2026-07-31.parquet
[2026-08-01] 파일이 이미 존재하여 스킵합니다: /Users/galaxy.jang/Google Drive/공유 드라이브/gbike.rich_deploy_used_time/dt=2026-08-01/rich_deploy_used_time_2026-08-01.parquet
[2026-08-02] 파일이 이미 존재하여 스킵합니다: /Users/galaxy.jang/Google Drive/공유 드라이브/gbike.rich_deploy_used_time/dt=2026-08-02/rich_deploy_used_time_2026-08-02.parquet
[2026-08-03] 데이터 추출 중...
[2026-08-03] 성공적으로 저장되었습니다. (건수: 27,529, 소요시간: 9.61초)
모든 작업이 성공적으로 완료되었습니다.
2026-08-04 10:07:33 [INFO] extract_rich_deploy_used_time.py completed successfully.
2026-08-04 10:07:33 [INFO] Running extract_rich_deploy_by_time.py...
작업 기간: 2026-07-30 ~ 2026-08-03 (총 5일)
저장 기본 경로: /Users/galaxy.jang/Google Drive/공유 드라이브/gbike.rich_deploy_by_time
[2026-07-30] 파일이 이미 존재하여 스킵합니다: /Users/galaxy.jang/Google Drive/공유 드라이브/gbike.rich_deploy_by_time/dt=2026-07-30/rich_deploy_by_time_2026-07-30.parquet
[2026-07-31] 파일이 이미 존재하여 스킵합니다: /Users/galaxy.jang/Google Drive/공유 드라이브/gbike.rich_deploy_by_time/dt=2026-07-31/rich_deploy_by_time_2026-07-31.parquet
[2026-08-01] 파일이 이미 존재하여 스킵합니다: /Users/galaxy.jang/Google Drive/공유 드라이브/gbike.rich_deploy_by_time/dt=2026-08-01/rich_deploy_by_time_2026-08-01.parquet
[2026-08-02] 파일이 이미 존재하여 스킵합니다: /Users/galaxy.jang/Google Drive/공유 드라이브/gbike.rich_deploy_by_time/dt=2026-08-02/rich_deploy_by_time_2026-08-02.parquet
[2026-08-03] 데이터 추출 중...
[2026-08-03] 성공적으로 저장되었습니다. (건수: 49,244, 소요시간: 17.65초)
모든 작업이 성공적으로 완료되었습니다.
2026-08-04 10:07:51 [INFO] extract_rich_deploy_by_time.py completed successfully.
2026-08-04 10:07:51 [INFO] Running update_tableau_obp_csv.py...
작업 기간: 2026-07-30 ~ 2026-08-03
신규 데이터 로드 중...
[2026-07-31] 파일이 존재하지 않습니다: /Users/galaxy.jang/Google Drive/공유 드라이브/gbike.rich_deploy_zone_usages/dt=2026-07-31/rich_deploy_zone_usages_2026-07-31.parquet
기존 CSV 파일 로드 중: /Users/galaxy.jang/Google Drive/공유 드라이브/gbike.rich_deploy_zone_usages/tableau/OBP(출루율).csv
겹치는 기간(2026-07-30~2026-08-03)의 기존 데이터 36795건을 제외(대체)합니다.
CSV 저장 중 (총 1896153건)...
작업이 완료되었습니다.
2026-08-04 10:08:02 [INFO] update_tableau_obp_csv.py completed successfully.
2026-08-04 10:08:02 [INFO] Running update_tableau_used_time_csv.py...
작업 기간: 2026-07-30 ~ 2026-08-03
신규 데이터 로드 중...
기존 CSV 파일 로드 중: /Users/galaxy.jang/Google Drive/공유 드라이브/gbike.rich_deploy_used_time/tableau/used_time(출루까지시간).csv
겹치는 기간(2026-07-30~2026-08-03)의 기존 데이터 109886건을 제외(대체)합니다.
CSV 저장 중 (총 4044736건)...
작업이 완료되었습니다.
2026-08-04 10:08:21 [INFO] update_tableau_used_time_csv.py completed successfully.
2026-08-04 10:08:21 [INFO] Running update_tableau_by_time_csv.py...
작업 기간: 2026-07-30 ~ 2026-08-03
신규 데이터 로드 중...
기존 CSV 파일 로드 중: /Users/galaxy.jang/Google Drive/공유 드라이브/gbike.rich_deploy_by_time/tableau/by_time(시간대별).csv
겹치는 기간(2026-07-30~2026-08-03)의 기존 데이터 197734건을 제외(대체)합니다.
CSV 저장 중 (총 6752436건)...
작업이 완료되었습니다.
2026-08-04 10:08:54 [INFO] update_tableau_by_time_csv.py completed successfully.
2026-08-04 10:08:54 [INFO] Running send_daily_deploy_report.py...
Loading data from 2026-07-21 to 2026-08-03...
[2026-07-31] 파일이 존재하지 않습니다: /Users/galaxy.jang/Google Drive/공유 드라이브/gbike.rich_deploy_zone_usages/dt=2026-07-31/rich_deploy_zone_usages_2026-07-31.parquet
[서울RS팀] 리포트 생성 중...
[서울RS팀] 구글 챗 발송 중...
메시지 전송 성공: spaces/AAQAdNEjFKk/messages/N3R2uKcWEVE.N3R2uKcWEVE
[강남RS팀] 리포트 생성 중...
[강남RS팀] 구글 챗 발송 중...
메시지 전송 성공: spaces/AAQA-vKFdg8/messages/gajKnam51Io.gajKnam51Io
[중앙RS팀] 리포트 생성 중...
[중앙RS팀] 구글 챗 발송 중...
메시지 전송 성공: spaces/AAQAhht23yY/messages/2pfkIycsKOU.2pfkIycsKOU
[경상RS팀] 리포트 생성 중...
[경상RS팀] 구글 챗 발송 중...
메시지 전송 성공: spaces/AAQAB0_sqIQ/messages/MP1SmWo_PD0.MP1SmWo_PD0
[남부RS팀] 리포트 생성 중...
[남부RS팀] 구글 챗 발송 중...
메시지 전송 성공: spaces/AAQAbxfwAtM/messages/d2EKf_ympng.d2EKf_ympng
모든 대지역 리포트 발송이 완료되었습니다.
2026-08-04 10:09:14 [INFO] send_daily_deploy_report.py completed successfully.
2026-08-04 10:09:14 [INFO] ================ Daily Deploy Batch End ================
2026-08-05 10:06:05 [INFO] ================ Daily Deploy Batch Start ================
2026-08-05 10:06:05 [INFO] Virtual environment activated.
2026-08-05 10:06:05 [INFO] Running extract_rich_deploy_zone_usages.py...
총 4일 치 데이터 추출을 시작합니다.
저장 기본 경로: /Users/galaxy.jang/Google Drive/공유 드라이브/gbike.rich_deploy_zone_usages
[2026-08-01] 파일이 이미 존재하여 스킵합니다: /Users/galaxy.jang/Google Drive/공유 드라이브/gbike.rich_deploy_zone_usages/dt=2026-08-01/rich_deploy_zone_usages_2026-08-01.parquet
[2026-08-02] 파일이 이미 존재하여 스킵합니다: /Users/galaxy.jang/Google Drive/공유 드라이브/gbike.rich_deploy_zone_usages/dt=2026-08-02/rich_deploy_zone_usages_2026-08-02.parquet
[2026-08-03] 파일이 이미 존재하여 스킵합니다: /Users/galaxy.jang/Google Drive/공유 드라이브/gbike.rich_deploy_zone_usages/dt=2026-08-03/rich_deploy_zone_usages_2026-08-03.parquet
[2026-08-04] 데이터 추출 중...
[2026-08-04] 성공적으로 저장되었습니다. (건수: 12,864, 소요시간: 35.18초)
2026-08-05 10:06:40 [INFO] extract_rich_deploy_zone_usages.py completed successfully.
2026-08-05 10:06:40 [INFO] Running extract_rich_deploy_used_time.py...
작업 기간: 2026-07-31 ~ 2026-08-04 (총 5일)
저장 기본 경로: /Users/galaxy.jang/Google Drive/공유 드라이브/gbike.rich_deploy_used_time
[2026-07-31] 파일이 이미 존재하여 스킵합니다: /Users/galaxy.jang/Google Drive/공유 드라이브/gbike.rich_deploy_used_time/dt=2026-07-31/rich_deploy_used_time_2026-07-31.parquet
[2026-08-01] 파일이 이미 존재하여 스킵합니다: /Users/galaxy.jang/Google Drive/공유 드라이브/gbike.rich_deploy_used_time/dt=2026-08-01/rich_deploy_used_time_2026-08-01.parquet
[2026-08-02] 파일이 이미 존재하여 스킵합니다: /Users/galaxy.jang/Google Drive/공유 드라이브/gbike.rich_deploy_used_time/dt=2026-08-02/rich_deploy_used_time_2026-08-02.parquet
[2026-08-03] 파일이 이미 존재하여 스킵합니다: /Users/galaxy.jang/Google Drive/공유 드라이브/gbike.rich_deploy_used_time/dt=2026-08-03/rich_deploy_used_time_2026-08-03.parquet
[2026-08-04] 데이터 추출 중...
[2026-08-04] 성공적으로 저장되었습니다. (건수: 27,886, 소요시간: 10.07초)
모든 작업이 성공적으로 완료되었습니다.
2026-08-05 10:06:51 [INFO] extract_rich_deploy_used_time.py completed successfully.
2026-08-05 10:06:51 [INFO] Running extract_rich_deploy_by_time.py...
작업 기간: 2026-07-31 ~ 2026-08-04 (총 5일)
저장 기본 경로: /Users/galaxy.jang/Google Drive/공유 드라이브/gbike.rich_deploy_by_time
[2026-07-31] 파일이 이미 존재하여 스킵합니다: /Users/galaxy.jang/Google Drive/공유 드라이브/gbike.rich_deploy_by_time/dt=2026-07-31/rich_deploy_by_time_2026-07-31.parquet
[2026-08-01] 파일이 이미 존재하여 스킵합니다: /Users/galaxy.jang/Google Drive/공유 드라이브/gbike.rich_deploy_by_time/dt=2026-08-01/rich_deploy_by_time_2026-08-01.parquet
[2026-08-02] 파일이 이미 존재하여 스킵합니다: /Users/galaxy.jang/Google Drive/공유 드라이브/gbike.rich_deploy_by_time/dt=2026-08-02/rich_deploy_by_time_2026-08-02.parquet
[2026-08-03] 파일이 이미 존재하여 스킵합니다: /Users/galaxy.jang/Google Drive/공유 드라이브/gbike.rich_deploy_by_time/dt=2026-08-03/rich_deploy_by_time_2026-08-03.parquet
[2026-08-04] 데이터 추출 중...
[2026-08-04] 성공적으로 저장되었습니다. (건수: 50,405, 소요시간: 19.03초)
모든 작업이 성공적으로 완료되었습니다.
2026-08-05 10:07:10 [INFO] extract_rich_deploy_by_time.py completed successfully.
2026-08-05 10:07:10 [INFO] Running update_tableau_obp_csv.py...
작업 기간: 2026-07-31 ~ 2026-08-04
신규 데이터 로드 중...
[2026-07-31] 파일이 존재하지 않습니다: /Users/galaxy.jang/Google Drive/공유 드라이브/gbike.rich_deploy_zone_usages/dt=2026-07-31/rich_deploy_zone_usages_2026-07-31.parquet
기존 CSV 파일 로드 중: /Users/galaxy.jang/Google Drive/공유 드라이브/gbike.rich_deploy_zone_usages/tableau/OBP(출루율).csv
겹치는 기간(2026-07-31~2026-08-04)의 기존 데이터 36359건을 제외(대체)합니다.
CSV 저장 중 (총 1909017건)...
작업이 완료되었습니다.
2026-08-05 10:07:19 [INFO] update_tableau_obp_csv.py completed successfully.
2026-08-05 10:07:19 [INFO] Running update_tableau_used_time_csv.py...
작업 기간: 2026-07-31 ~ 2026-08-04
신규 데이터 로드 중...
기존 CSV 파일 로드 중: /Users/galaxy.jang/Google Drive/공유 드라이브/gbike.rich_deploy_used_time/tableau/used_time(출루까지시간).csv
겹치는 기간(2026-07-31~2026-08-04)의 기존 데이터 108821건을 제외(대체)합니다.
CSV 저장 중 (총 4072622건)...
작업이 완료되었습니다.
2026-08-05 10:07:38 [INFO] update_tableau_used_time_csv.py completed successfully.
2026-08-05 10:07:38 [INFO] Running update_tableau_by_time_csv.py...
작업 기간: 2026-07-31 ~ 2026-08-04
신규 데이터 로드 중...
기존 CSV 파일 로드 중: /Users/galaxy.jang/Google Drive/공유 드라이브/gbike.rich_deploy_by_time/tableau/by_time(시간대별).csv
겹치는 기간(2026-07-31~2026-08-04)의 기존 데이터 194827건을 제외(대체)합니다.
CSV 저장 중 (총 6802841건)...
작업이 완료되었습니다.
2026-08-05 10:08:09 [INFO] update_tableau_by_time_csv.py completed successfully.
2026-08-05 10:08:09 [INFO] Running send_daily_deploy_report.py...
Loading data from 2026-07-22 to 2026-08-04...
[2026-07-31] 파일이 존재하지 않습니다: /Users/galaxy.jang/Google Drive/공유 드라이브/gbike.rich_deploy_zone_usages/dt=2026-07-31/rich_deploy_zone_usages_2026-07-31.parquet
[서울RS팀] 리포트 생성 중...
[서울RS팀] 구글 챗 발송 중...
메시지 전송 성공: spaces/AAQAdNEjFKk/messages/shVwk_zoMoU.shVwk_zoMoU
[강남RS팀] 리포트 생성 중...
[강남RS팀] 구글 챗 발송 중...
메시지 전송 성공: spaces/AAQA-vKFdg8/messages/F5vgusY3fRM.F5vgusY3fRM
[중앙RS팀] 리포트 생성 중...
[중앙RS팀] 구글 챗 발송 중...
메시지 전송 성공: spaces/AAQAhht23yY/messages/tbdJkXsF3uY.tbdJkXsF3uY
[경상RS팀] 리포트 생성 중...
[경상RS팀] 구글 챗 발송 중...
메시지 전송 성공: spaces/AAQAB0_sqIQ/messages/QQZErFAQhcY.QQZErFAQhcY
[남부RS팀] 리포트 생성 중...
[남부RS팀] 구글 챗 발송 중...
메시지 전송 성공: spaces/AAQAbxfwAtM/messages/z2QI5Synzis.z2QI5Synzis
모든 대지역 리포트 발송이 완료되었습니다.
2026-08-05 10:08:25 [INFO] send_daily_deploy_report.py completed successfully.
2026-08-05 10:08:25 [INFO] ================ Daily Deploy Batch End ================
