2026-06-05 10:00:02 [INFO] ================ Daily Batch Run Attempt (2026-06-05 10:00:02) ================
2026-06-05 10:00:02 [INFO] 필수 데이터 검사 범위: 2026-05-22 ~ 2026-06-04
2026-06-05 10:00:02 [INFO] 누락 데이터 존재 감지: ['2026-06-04']
2026-06-05 10:00:02 [INFO] 누락 날짜 데이터 강제 추출 시도: 2026-06-04
2026-06-05 10:00:02 [INFO] Starting execution of: extract_rich_orders_daily.py 2026-06-04 2026-06-04
2026-06-05 10:00:18 [INFO] 
--- extract_rich_orders_daily.py STDOUT ---
총 1일 치 데이터 추출을 시작합니다.
저장 기본 경로: /Users/galaxy/Google Drive/공유 드라이브/gbike.rich_orders
[2026-06-04] 데이터 추출 중...
[2026-06-04] 성공적으로 저장되었습니다. (건수: 185,263, 소요시간: 16.34초)

-------------------
2026-06-05 10:00:18 [INFO] Starting execution of: send_weekly_report.py 
2026-06-05 10:01:09 [INFO] 
--- send_weekly_report.py STDOUT ---
[2026-05-22 ~ 2026-06-04] 데이터를 로드합니다...
월말 최종 마감 예상 매출(예측 MTD) 계산 시작...
생성된 메시지:
📊 *gbike 실적 리포트*

▶️ *이번 달 누적 (MTD: 2026-06-01 ~ 2026-06-04)*
- 총 실매출(only 트립매출): 1,194,472,854원
- 이번 달 최종 마감 예측 매출: 9,227,544,446원 (모델 소요시간: 19.4초)
- 총 트립 수: 791,419건
- 이용 유저 수: 313,873명

▶️ *최근 7일 요약 (2026-05-29 ~ 2026-06-04)*
- 총 실매출(only 트립매출): 2,187,868,826원 (WoW +11.7%)
- 총 트립 수: 1,408,866건
- 이용 유저 수: 448,455명

▶️ *최근 14일 일별 상세*
```
일자       | 날씨 |     트립수 |   only 트립매출(원) |        예상매출(원) |     유저수
---------------------------------------------------------------------------
05-22(금) | -    |  209,395 |     320,974,610 |     316,333,380 |  136,572
05-23(토) | 비    |  193,430 |     318,866,583 |     311,075,017 |  124,223
05-24(일) | -    |  183,002 |     311,642,551 |     296,740,988 |  118,117
05-25(월) | -    |  178,607 |     295,521,197 |     289,188,780 |  114,280
05-26(화) | 비    |  156,913 |     225,751,953 |     241,297,685 |  106,226
05-27(수) | 비    |  156,887 |     225,501,685 |     228,357,794 |  104,594
05-28(목) | 비    |  178,523 |     260,480,709 |     275,561,500 |  117,495
05-29(금) | -    |  216,255 |     331,983,879 |     334,569,995 |  140,801
05-30(토) | -    |  212,164 |     348,107,779 |     333,649,499 |  134,784
05-31(일) | -    |  189,028 |     313,304,313 |     319,036,272 |  121,173
06-01(월) | -    |  196,116 |     288,747,891 |     302,556,530 |  127,705
06-02(화) | -    |  203,392 |     301,957,680 |     305,433,057 |  132,490
06-03(수) | 비    |  206,648 |     333,344,852 |     326,343,090 |  128,870
06-04(목) | 비    |  185,263 |     270,422,430 |     261,015,280 |  123,092
```

▶️ *이번달 일별 상세 (예상)*
```
일자       | 날씨 |          실매출(원) |         예상매출(원)
---------------------------------------------------
06-01(월) | -    |     288,747,891 |     302,556,530
06-02(화) | -    |     301,957,680 |     305,433,057
06-03(수) | 비    |     333,344,852 |     326,343,090
06-04(목) | 비    |     270,422,430 |     261,015,280
06-05(금) | 비    |               - |     334,960,965
06-06(토) | -    |               - |     358,777,617
06-07(일) | 비    |               - |     311,871,413
06-08(월) | -    |               - |     311,585,367
06-09(화) | -    |               - |     316,905,748
06-10(수) | 비    |               - |     287,482,285
06-11(목) | 비    |               - |     315,507,254
06-12(금) | -    |               - |     354,962,859
06-13(토) | -    |               - |     358,313,330
06-14(일) | 비    |               - |     242,739,704
06-15(월) | 비    |               - |     257,136,018
06-16(화) | -    |               - |     313,750,324
06-17(수) | -    |               - |     327,352,575
06-18(목) | 비    |               - |     266,975,643
06-19(금) | 비    |               - |     307,015,966
06-20(토) | 비    |               - |     250,348,697
06-21(일) | -    |               - |     313,899,008
06-22(월) | -    |               - |     301,747,736
06-23(화) | -    |               - |     304,318,516
06-24(수) | -    |               - |     316,639,815
06-25(목) | -    |               - |     316,253,271
06-26(금) | -    |               - |     336,726,432
06-27(토) | -    |               - |     332,737,296
06-28(일) | -    |               - |     304,856,741
06-29(월) | -    |               - |     293,409,851
06-30(화) | -    |               - |     296,797,149
```

메시지 전송 성공: spaces/AAQAUbAUReQ/messages/sOwfgwKKemY.sOwfgwKKemY

-------------------
2026-06-05 10:01:09 [INFO] 금일 배치 작업이 모두 정상 종료되었습니다. 성공 마커 파일을 기록합니다.
2026-06-05 10:01:09 [INFO] Removed old marker file: .daily_success_20260604
2026-06-05 10:01:09 [INFO] ================ Daily Batch Run Completed ================

