=== [batch_snapshot_v1] Data Extraction Started ===
Fetching Snapshot Data...
=== Database Connection Successful ===
Fetching Trip Data...
=== Database Connection Successful ===
Joining Snapshot and Trip Data...
Aggregating Results...
Saving Result to /Users/galaxy/anti_codebase/results/data_extract/batch_snapshot_v1/260507/batch_snapshot_v1_260507.xlsx...
Sending Teams Notification...
Teams Notification Result: {'status': 'success', 'message': 'Email sent successfully to a3fe7a69.gbike.io@kr.teams.ms'}
=== [batch_snapshot_v1] Process Completed Successfully ===
=== [batch_snapshot_v1] Data Extraction Started ===
Fetching Snapshot Data...
=== Database Connection Successful ===
Fetching Trip Data...
=== Database Connection Successful ===
Joining Snapshot and Trip Data...
Aggregating Results...
Saving Result to /Users/galaxy/anti_codebase/results/data_extract/batch_snapshot_v1/260510/batch_snapshot_v1_260510.xlsx...
File successfully uploaded to OneDrive: /Users/galaxy/Library/CloudStorage/OneDrive-지바이크/서비스운영본부 - 현장데이터 개발센터/results/data_extract/batch_snapshot_v1/260510/batch_snapshot_v1_260510.xlsx
Sending Teams Notification...
Teams Notification Result: {'status': 'success', 'message': 'Email sent successfully to a3fe7a69.gbike.io@kr.teams.ms'}
=== [batch_snapshot_v1] Process Completed Successfully ===
=== [batch_snapshot_v1] Data Extraction Started ===
Fetching Snapshot Data...
=== Database Connection Successful ===
Fetching Trip Data...
=== Database Connection Successful ===
Joining Snapshot and Trip Data...
Aggregating Results...
Saving Result to /Users/galaxy/anti_codebase/results/data_extract/batch_snapshot_v1/260511/batch_snapshot_v1_260511.xlsx...
File successfully uploaded to OneDrive: /Users/galaxy/Library/CloudStorage/OneDrive-지바이크/서비스운영본부 - 현장데이터 개발센터/results/data_extract/batch_snapshot_v1/260511/batch_snapshot_v1_260511.xlsx
Sending Teams Notification...
Teams Notification Result: {'status': 'success', 'message': 'Email sent successfully to a3fe7a69.gbike.io@kr.teams.ms'}
=== [batch_snapshot_v1] Process Completed Successfully ===
=== [batch_snapshot_v1] Data Extraction Started ===
Fetching Snapshot Data...
=== Database Connection Successful ===
Fetching Trip Data...
=== Database Connection Successful ===
Joining Snapshot and Trip Data...
Aggregating Results...
Saving Result to /Users/galaxy/anti_codebase/results/data_extract/batch_snapshot_v1/260512/batch_snapshot_v1_260512.xlsx...
File successfully uploaded to OneDrive: /Users/galaxy/Library/CloudStorage/OneDrive-지바이크/서비스운영본부 - 현장데이터 개발센터/results/data_extract/batch_snapshot_v1/260512/batch_snapshot_v1_260512.xlsx
Sending Teams Notification...
Teams Notification Result: {'status': 'success', 'message': 'Email sent successfully to a3fe7a69.gbike.io@kr.teams.ms'}
=== [batch_snapshot_v1] Process Completed Successfully ===
=== [batch_snapshot_v1] Data Extraction Started ===
Fetching Snapshot Data...
=== Database Connection Successful ===
Fetching Trip Data...
=== Database Connection Successful ===
Joining Snapshot and Trip Data...
Aggregating Results...
Saving Result to /Users/galaxy/anti_codebase/results/data_extract/batch_snapshot_v1/260513/batch_snapshot_v1_260513.xlsx...
File successfully uploaded to OneDrive: /Users/galaxy/Library/CloudStorage/OneDrive-지바이크/서비스운영본부 - 현장데이터 개발센터/results/data_extract/batch_snapshot_v1/260513/batch_snapshot_v1_260513.xlsx
Sending Teams Notification...
Teams Notification Result: {'status': 'success', 'message': 'Email sent successfully to a3fe7a69.gbike.io@kr.teams.ms'}
=== [batch_snapshot_v1] Process Completed Successfully ===
=== [batch_snapshot_v1] Data Extraction Started ===
Fetching Snapshot Data...
=== Database Connection Successful ===
Fetching Trip Data...
=== Database Connection Successful ===
Joining Snapshot and Trip Data...
Aggregating Results...
Saving Result to /Users/galaxy/anti_codebase/base_data/primary_data/batch_snapshot_v1/260514/batch_snapshot_v1_260514.xlsx...
File successfully uploaded to OneDrive: /Users/galaxy/Library/CloudStorage/OneDrive-지바이크/서비스운영본부 - 현장데이터 개발센터/results/data_extract/batch_snapshot_v1/260514/batch_snapshot_v1_260514.xlsx
Sending Teams Notification...
Teams Notification Result: {'status': 'success', 'message': 'Email sent successfully to a3fe7a69.gbike.io@kr.teams.ms'}
=== [batch_snapshot_v1] Process Completed Successfully ===
=== [batch_snapshot_v1] Data Extraction Started ===
Fetching Snapshot Data...
Error during database connection or query execution:
(pymysql.err.OperationalError) (2003, "Can't connect to MySQL server on 'live.st.rds.gbility.io' (timed out)")
(Background on this error at: https://sqlalche.me/e/20/e3q8)
Failed to fetch snapshot data.
=== [batch_snapshot_v1] Data Extraction Started ===
Fetching Snapshot Data...
Error during database connection or query execution:
(pymysql.err.OperationalError) (2003, "Can't connect to MySQL server on 'live.st.rds.gbility.io' (timed out)")
(Background on this error at: https://sqlalche.me/e/20/e3q8)
Failed to fetch snapshot data.
Traceback (most recent call last):
  File "/Users/galaxy/anti_codebase/scripts/python/extract/extract_batch_snapshot_v1.py", line 12, in <module>
    from test_db_conn import run_query
ModuleNotFoundError: No module named 'test_db_conn'
