target-date가 지정되지 않았습니다. 디폴트로 최근 3일치를 계산합니다.
[2026-06-23 기준] 유저 세그먼트 계산을 시작합니다.
운행 이력 로드 기간: 2025-06-23 ~ 2026-06-23
유저별 운행 통계를 집계합니다...
전체 유저 정보를 로드합니다...
지역 정보를 로드하고 유저 정보와 결합합니다...
유저 정보와 운행 통계를 병합합니다...
고객 세그먼트를 분류합니다...
주 이용수단을 판별합니다...
결과가 저장되었습니다: /Users/galaxy/Google Drive/공유 드라이브/gbike.rich_user_segment/dt=2026-06-23/rich_user_segment_2026-06-23.parquet

[세그먼트 분포 요약]
shape: (7, 3)
┌────────────────┬─────────┬──────────┐
│ segment        ┆ count   ┆ ratio(%) │
│ ---            ┆ ---     ┆ ---      │
│ str            ┆ u32     ┆ f64      │
╞════════════════╪═════════╪══════════╡
│ churn_over_365 ┆ 1536585 ┆ 47.6     │
│ churn          ┆ 653252  ┆ 20.2     │
│ inactive       ┆ 331114  ┆ 10.3     │
│ light_active   ┆ 302783  ┆ 9.4      │
│ active         ┆ 263712  ┆ 8.2      │
│ dormant        ┆ 87115   ┆ 2.7      │
│ acquisition    ┆ 52606   ┆ 1.6      │
└────────────────┴─────────┴──────────┘
[2026-06-24 기준] 유저 세그먼트 계산을 시작합니다.
운행 이력 로드 기간: 2025-06-24 ~ 2026-06-24
유저별 운행 통계를 집계합니다...
전체 유저 정보를 로드합니다...
지역 정보를 로드하고 유저 정보와 결합합니다...
유저 정보와 운행 통계를 병합합니다...
고객 세그먼트를 분류합니다...
주 이용수단을 판별합니다...
결과가 저장되었습니다: /Users/galaxy/Google Drive/공유 드라이브/gbike.rich_user_segment/dt=2026-06-24/rich_user_segment_2026-06-24.parquet

[세그먼트 분포 요약]
shape: (7, 3)
┌────────────────┬─────────┬──────────┐
│ segment        ┆ count   ┆ ratio(%) │
│ ---            ┆ ---     ┆ ---      │
│ str            ┆ u32     ┆ f64      │
╞════════════════╪═════════╪══════════╡
│ churn_over_365 ┆ 1537552 ┆ 47.6     │
│ churn          ┆ 652008  ┆ 20.2     │
│ inactive       ┆ 336854  ┆ 10.4     │
│ light_active   ┆ 300894  ┆ 9.3      │
│ active         ┆ 263126  ┆ 8.1      │
│ dormant        ┆ 87568   ┆ 2.7      │
│ acquisition    ┆ 51739   ┆ 1.6      │
└────────────────┴─────────┴──────────┘
[2026-06-25 기준] 유저 세그먼트 계산을 시작합니다.
운행 이력 로드 기간: 2025-06-25 ~ 2026-06-25
유저별 운행 통계를 집계합니다...
전체 유저 정보를 로드합니다...
지역 정보를 로드하고 유저 정보와 결합합니다...
유저 정보와 운행 통계를 병합합니다...
고객 세그먼트를 분류합니다...
주 이용수단을 판별합니다...
결과가 저장되었습니다: /Users/galaxy/Google Drive/공유 드라이브/gbike.rich_user_segment/dt=2026-06-25/rich_user_segment_2026-06-25.parquet

[세그먼트 분포 요약]
shape: (7, 3)
┌────────────────┬─────────┬──────────┐
│ segment        ┆ count   ┆ ratio(%) │
│ ---            ┆ ---     ┆ ---      │
│ str            ┆ u32     ┆ f64      │
╞════════════════╪═════════╪══════════╡
│ churn_over_365 ┆ 1537891 ┆ 47.6     │
│ churn          ┆ 650786  ┆ 20.1     │
│ inactive       ┆ 340936  ┆ 10.5     │
│ light_active   ┆ 299703  ┆ 9.3      │
│ active         ┆ 262794  ┆ 8.1      │
│ dormant        ┆ 88877   ┆ 2.7      │
│ acquisition    ┆ 51122   ┆ 1.6      │
└────────────────┴─────────┴──────────┘
